../Core/Src/main.c:261:5:main	16	static
../Core/Src/main.c:350:6:SystemClock_Config	88	static
../Core/Src/main.c:397:13:MX_ADC1_Init	56	static
../Core/Src/main.c:474:13:MX_ADC3_Init	56	static
../Core/Src/main.c:542:13:MX_TIM1_Init	120	static
../Core/Src/main.c:632:13:MX_TIM2_Init	40	static
../Core/Src/main.c:677:13:MX_TIM3_Init	56	static
../Core/Src/main.c:726:13:MX_TIM4_Init	56	static
../Core/Src/main.c:775:13:MX_TIM5_Init	40	static
../Core/Src/main.c:820:13:MX_TIM16_Init	8	static
../Core/Src/main.c:856:13:MX_USART2_UART_Init	8	static
../Core/Src/main.c:902:13:MX_DMA_Init	16	static
../Core/Src/main.c:930:13:MX_GPIO_Init	48	static
../Core/Src/main.c:1009:6:Prismatic_CasCadeControl	24	static
../Core/Src/main.c:1034:6:Revolute_CasCadeControl	24	static
../Core/Src/main.c:1054:6:ball_screw_converter	8	static
../Core/Src/main.c:1059:6:HAL_GPIO_EXTI_Callback	16	static
../Core/Src/main.c:1079:6:map	24	static
../Core/Src/main.c:1083:6:HAL_TIM_PeriodElapsedCallback	56	static
../Core/Src/main.c:1291:6:delay_ms	16	static
../Core/Src/main.c:1304:6:Error_Handler	4	static,ignoring_inline_asm
