Archive member included to satisfy reference by file (symbol)

C:/STM32CubeIDE_1.16.1/STM32CubeIDE/plugins/com.st.stm32cube.ide.mcu.externaltools.gnu-tools-for-stm32.13.3.rel1.win32_1.0.0.202411081344/tools/bin/../lib/gcc/arm-none-eabi/13.3.1/../../../../arm-none-eabi/lib/thumb/v7e-m+fp/hard\libc_nano.a(libc_a-exit.o)
                              C:/STM32CubeIDE_1.16.1/STM32CubeIDE/plugins/com.st.stm32cube.ide.mcu.externaltools.gnu-tools-for-stm32.13.3.rel1.win32_1.0.0.202411081344/tools/bin/../lib/gcc/arm-none-eabi/13.3.1/../../../../arm-none-eabi/lib/thumb/v7e-m+fp/hard/crt0.o (exit)
C:/STM32CubeIDE_1.16.1/STM32CubeIDE/plugins/com.st.stm32cube.ide.mcu.externaltools.gnu-tools-for-stm32.13.3.rel1.win32_1.0.0.202411081344/tools/bin/../lib/gcc/arm-none-eabi/13.3.1/../../../../arm-none-eabi/lib/thumb/v7e-m+fp/hard\libc_nano.a(libc_a-findfp.o)
                              C:/STM32CubeIDE_1.16.1/STM32CubeIDE/plugins/com.st.stm32cube.ide.mcu.externaltools.gnu-tools-for-stm32.13.3.rel1.win32_1.0.0.202411081344/tools/bin/../lib/gcc/arm-none-eabi/13.3.1/../../../../arm-none-eabi/lib/thumb/v7e-m+fp/hard\libc_nano.a(libc_a-exit.o) (__stdio_exit_handler)
C:/STM32CubeIDE_1.16.1/STM32CubeIDE/plugins/com.st.stm32cube.ide.mcu.externaltools.gnu-tools-for-stm32.13.3.rel1.win32_1.0.0.202411081344/tools/bin/../lib/gcc/arm-none-eabi/13.3.1/../../../../arm-none-eabi/lib/thumb/v7e-m+fp/hard\libc_nano.a(libc_a-fwalk.o)
                              C:/STM32CubeIDE_1.16.1/STM32CubeIDE/plugins/com.st.stm32cube.ide.mcu.externaltools.gnu-tools-for-stm32.13.3.rel1.win32_1.0.0.202411081344/tools/bin/../lib/gcc/arm-none-eabi/13.3.1/../../../../arm-none-eabi/lib/thumb/v7e-m+fp/hard\libc_nano.a(libc_a-findfp.o) (_fwalk_sglue)
C:/STM32CubeIDE_1.16.1/STM32CubeIDE/plugins/com.st.stm32cube.ide.mcu.externaltools.gnu-tools-for-stm32.13.3.rel1.win32_1.0.0.202411081344/tools/bin/../lib/gcc/arm-none-eabi/13.3.1/../../../../arm-none-eabi/lib/thumb/v7e-m+fp/hard\libc_nano.a(libc_a-stdio.o)
                              C:/STM32CubeIDE_1.16.1/STM32CubeIDE/plugins/com.st.stm32cube.ide.mcu.externaltools.gnu-tools-for-stm32.13.3.rel1.win32_1.0.0.202411081344/tools/bin/../lib/gcc/arm-none-eabi/13.3.1/../../../../arm-none-eabi/lib/thumb/v7e-m+fp/hard\libc_nano.a(libc_a-findfp.o) (__sread)
C:/STM32CubeIDE_1.16.1/STM32CubeIDE/plugins/com.st.stm32cube.ide.mcu.externaltools.gnu-tools-for-stm32.13.3.rel1.win32_1.0.0.202411081344/tools/bin/../lib/gcc/arm-none-eabi/13.3.1/../../../../arm-none-eabi/lib/thumb/v7e-m+fp/hard\libc_nano.a(libc_a-memset.o)
                              C:/STM32CubeIDE_1.16.1/STM32CubeIDE/plugins/com.st.stm32cube.ide.mcu.externaltools.gnu-tools-for-stm32.13.3.rel1.win32_1.0.0.202411081344/tools/bin/../lib/gcc/arm-none-eabi/13.3.1/../../../../arm-none-eabi/lib/thumb/v7e-m+fp/hard/crt0.o (memset)
C:/STM32CubeIDE_1.16.1/STM32CubeIDE/plugins/com.st.stm32cube.ide.mcu.externaltools.gnu-tools-for-stm32.13.3.rel1.win32_1.0.0.202411081344/tools/bin/../lib/gcc/arm-none-eabi/13.3.1/../../../../arm-none-eabi/lib/thumb/v7e-m+fp/hard\libc_nano.a(libc_a-closer.o)
                              C:/STM32CubeIDE_1.16.1/STM32CubeIDE/plugins/com.st.stm32cube.ide.mcu.externaltools.gnu-tools-for-stm32.13.3.rel1.win32_1.0.0.202411081344/tools/bin/../lib/gcc/arm-none-eabi/13.3.1/../../../../arm-none-eabi/lib/thumb/v7e-m+fp/hard\libc_nano.a(libc_a-stdio.o) (_close_r)
C:/STM32CubeIDE_1.16.1/STM32CubeIDE/plugins/com.st.stm32cube.ide.mcu.externaltools.gnu-tools-for-stm32.13.3.rel1.win32_1.0.0.202411081344/tools/bin/../lib/gcc/arm-none-eabi/13.3.1/../../../../arm-none-eabi/lib/thumb/v7e-m+fp/hard\libc_nano.a(libc_a-reent.o)
                              C:/STM32CubeIDE_1.16.1/STM32CubeIDE/plugins/com.st.stm32cube.ide.mcu.externaltools.gnu-tools-for-stm32.13.3.rel1.win32_1.0.0.202411081344/tools/bin/../lib/gcc/arm-none-eabi/13.3.1/../../../../arm-none-eabi/lib/thumb/v7e-m+fp/hard\libc_nano.a(libc_a-closer.o) (errno)
C:/STM32CubeIDE_1.16.1/STM32CubeIDE/plugins/com.st.stm32cube.ide.mcu.externaltools.gnu-tools-for-stm32.13.3.rel1.win32_1.0.0.202411081344/tools/bin/../lib/gcc/arm-none-eabi/13.3.1/../../../../arm-none-eabi/lib/thumb/v7e-m+fp/hard\libc_nano.a(libc_a-impure.o)
                              C:/STM32CubeIDE_1.16.1/STM32CubeIDE/plugins/com.st.stm32cube.ide.mcu.externaltools.gnu-tools-for-stm32.13.3.rel1.win32_1.0.0.202411081344/tools/bin/../lib/gcc/arm-none-eabi/13.3.1/../../../../arm-none-eabi/lib/thumb/v7e-m+fp/hard\libc_nano.a(libc_a-reent.o) (_impure_ptr)
C:/STM32CubeIDE_1.16.1/STM32CubeIDE/plugins/com.st.stm32cube.ide.mcu.externaltools.gnu-tools-for-stm32.13.3.rel1.win32_1.0.0.202411081344/tools/bin/../lib/gcc/arm-none-eabi/13.3.1/../../../../arm-none-eabi/lib/thumb/v7e-m+fp/hard\libc_nano.a(libc_a-lseekr.o)
[...]
Memory Configuration

Name             Origin             Length             Attributes
RAM              0x20000000         0x00020000         xrw
FLASH            0x08000000         0x00080000         xr
*default*        0x00000000         0xffffffff

Linker script and memory map

LOAD C:/STM32CubeIDE_1.16.1/STM32CubeIDE/plugins/com.st.stm32cube.ide.mcu.externaltools.gnu-tools-for-stm32.13.3.rel1.win32_1.0.0.202411081344/tools/bin/../lib/gcc/arm-none-eabi/13.3.1/thumb/v7e-m+fp/hard/crti.o
LOAD C:/STM32CubeIDE_1.16.1/STM32CubeIDE/plugins/com.st.stm32cube.ide.mcu.externaltools.gnu-tools-for-stm32.13.3.rel1.win32_1.0.0.202411081344/tools/bin/../lib/gcc/arm-none-eabi/13.3.1/thumb/v7e-m+fp/hard/crtbegin.o
LOAD C:/STM32CubeIDE_1.16.1/STM32CubeIDE/plugins/com.st.stm32cube.ide.mcu.externaltools.gnu-tools-for-stm32.13.3.rel1.win32_1.0.0.202411081344/tools/bin/../lib/gcc/arm-none-eabi/13.3.1/../../../../arm-none-eabi/lib/thumb/v7e-m+fp/hard/crt0.o
LOAD ./Core/Src/Kalman.o
LOAD ./Core/Src/ModBusRTU.o
LOAD ./Core/Src/PID.o
LOAD ./Core/Src/QEI.o
LOAD ./Core/Src/Trapezoidal.o
LOAD ./Core/Src/main.o
LOAD ./Core/Src/moter.o
LOAD ./Core/Src/stm32g4xx_hal_msp.o
LOAD ./Core/Src/stm32g4xx_it.o
LOAD ./Core/Src/syscalls.o
LOAD ./Core/Src/sysmem.o
LOAD ./Core/Src/system_stm32g4xx.o
LOAD ./Core/Startup/startup_stm32g474retx.o
LOAD ./Drivers/STM32G4xx_HAL_Driver/Src/stm32g4xx_hal.o
LOAD ./Drivers/STM32G4xx_HAL_Driver/Src/stm32g4xx_hal_adc.o
LOAD ./Drivers/STM32G4xx_HAL_Driver/Src/stm32g4xx_hal_adc_ex.o
LOAD ./Drivers/STM32G4xx_HAL_Driver/Src/stm32g4xx_hal_cortex.o
LOAD ./Drivers/STM32G4xx_HAL_Driver/Src/stm32g4xx_hal_dma.o
LOAD ./Drivers/STM32G4xx_HAL_Driver/Src/stm32g4xx_hal_dma_ex.o
LOAD ./Drivers/STM32G4xx_HAL_Driver/Src/stm32g4xx_hal_exti.o
LOAD ./Drivers/STM32G4xx_HAL_Driver/Src/stm32g4xx_hal_flash.o
LOAD ./Drivers/STM32G4xx_HAL_Driver/Src/stm32g4xx_hal_flash_ex.o
LOAD ./Drivers/STM32G4xx_HAL_Driver/Src/stm32g4xx_hal_flash_ramfunc.o
LOAD ./Drivers/STM32G4xx_HAL_Driver/Src/stm32g4xx_hal_gpio.o
LOAD ./Drivers/STM32G4xx_HAL_Driver/Src/stm32g4xx_hal_pwr.o
LOAD ./Drivers/STM32G4xx_HAL_Driver/Src/stm32g4xx_hal_pwr_ex.o
LOAD ./Drivers/STM32G4xx_HAL_Driver/Src/stm32g4xx_hal_rcc.o
LOAD ./Drivers/STM32G4xx_HAL_Driver/Src/stm32g4xx_hal_rcc_ex.o
LOAD ./Drivers/STM32G4xx_HAL_Driver/Src/stm32g4xx_hal_tim.o
LOAD ./Drivers/STM32G4xx_HAL_Driver/Src/stm32g4xx_hal_tim_ex.o
LOAD ./Drivers/STM32G4xx_HAL_Driver/Src/stm32g4xx_hal_uart.o
LOAD ./Drivers/STM32G4xx_HAL_Driver/Src/stm32g4xx_hal_uart_ex.o
LOAD ./Drivers/STM32G4xx_HAL_Driver/Src/stm32g4xx_ll_adc.o
LOAD ./Middlewares/Third_Party/ARM_CMSIS/Source/BasicMathFunctions/BasicMathFunctions.o
LOAD ./Middlewares/Third_Party/ARM_CMSIS/Source/BasicMathFunctions/BasicMathFunctionsF16.o
LOAD ./Middlewares/Third_Party/ARM_CMSIS/Source/BayesFunctions/BayesFunctions.o
LOAD ./Middlewares/Third_Party/ARM_CMSIS/Source/BayesFunctions/BayesFunctionsF16.o
LOAD ./Middlewares/Third_Party/ARM_CMSIS/Source/CommonTables/CommonTables.o
LOAD ./Middlewares/Third_Party/ARM_CMSIS/Source/CommonTables/CommonTablesF16.o
LOAD ./Middlewares/Third_Party/ARM_CMSIS/Source/ComplexMathFunctions/ComplexMathFunctions.o
LOAD ./Middlewares/Third_Party/ARM_CMSIS/Source/ComplexMathFunctions/ComplexMathFunctionsF16.o
LOAD ./Middlewares/Third_Party/ARM_CMSIS/Source/ControllerFunctions/ControllerFunctions.o
LOAD ./Middlewares/Third_Party/ARM_CMSIS/Source/DistanceFunctions/DistanceFunctions.o
LOAD ./Middlewares/Third_Party/ARM_CMSIS/Source/DistanceFunctions/DistanceFunctionsF16.o
LOAD ./Middlewares/Third_Party/ARM_CMSIS/Source/FastMathFunctions/FastMathFunctions.o
LOAD ./Middlewares/Third_Party/ARM_CMSIS/Source/FastMathFunctions/FastMathFunctionsF16.o
LOAD ./Middlewares/Third_Party/ARM_CMSIS/Source/FilteringFunctions/FilteringFunctions.o
LOAD ./Middlewares/Third_Party/ARM_CMSIS/Source/FilteringFunctions/FilteringFunctionsF16.o
LOAD ./Middlewares/Third_Party/ARM_CMSIS/Source/InterpolationFunctions/InterpolationFunctions.o
LOAD ./Middlewares/Third_Party/ARM_CMSIS/Source/InterpolationFunctions/InterpolationFunctionsF16.o
LOAD ./Middlewares/Third_Party/ARM_CMSIS/Source/MatrixFunctions/MatrixFunctions.o
LOAD ./Middlewares/Third_Party/ARM_CMSIS/Source/MatrixFunctions/MatrixFunctionsF16.o
LOAD ./Middlewares/Third_Party/ARM_CMSIS/Source/QuaternionMathFunctions/QuaternionMathFunctions.o
LOAD ./Middlewares/Third_Party/ARM_CMSIS/Source/SVMFunctions/SVMFunctions.o
LOAD ./Middlewares/Third_Party/ARM_CMSIS/Source/SVMFunctions/SVMFunctionsF16.o
LOAD ./Middlewares/Third_Party/ARM_CMSIS/Source/StatisticsFunctions/StatisticsFunctions.o
LOAD ./Middlewares/Third_Party/ARM_CMSIS/Source/StatisticsFunctions/StatisticsFunctionsF16.o
LOAD ./Middlewares/Third_Party/ARM_CMSIS/Source/SupportFunctions/SupportFunctions.o
LOAD ./Middlewares/Third_Party/ARM_CMSIS/Source/SupportFunctions/SupportFunctionsF16.o
LOAD ./Middlewares/Third_Party/ARM_CMSIS/Source/TransformFunctions/TransformFunctions.o
LOAD ./Middlewares/Third_Party/ARM_CMSIS/Source/TransformFunctions/TransformFunctionsF16.o
START GROUP
LOAD C:/STM32CubeIDE_1.16.1/STM32CubeIDE/plugins/com.st.stm32cube.ide.mcu.externaltools.gnu-tools-for-stm32.13.3.rel1.win32_1.0.0.202411081344/tools/bin/../lib/gcc/arm-none-eabi/13.3.1/../../../../arm-none-eabi/lib/thumb/v7e-m+fp/hard\libc_nano.a
LOAD C:/STM32CubeIDE_1.16.1/STM32CubeIDE/plugins/com.st.stm32cube.ide.mcu.externaltools.gnu-tools-for-stm32.13.3.rel1.win32_1.0.0.202411081344/tools/bin/../lib/gcc/arm-none-eabi/13.3.1/../../../../arm-none-eabi/lib/thumb/v7e-m+fp/hard\libm.a
END GROUP
START GROUP
LOAD C:/STM32CubeIDE_1.16.1/STM32CubeIDE/plugins/com.st.stm32cube.ide.mcu.externaltools.gnu-tools-for-stm32.13.3.rel1.win32_1.0.0.202411081344/tools/bin/../lib/gcc/arm-none-eabi/13.3.1/thumb/v7e-m+fp/hard\libgcc.a
LOAD C:/STM32CubeIDE_1.16.1/STM32CubeIDE/plugins/com.st.stm32cube.ide.mcu.externaltools.gnu-tools-for-stm32.13.3.rel1.win32_1.0.0.202411081344/tools/bin/../lib/gcc/arm-none-eabi/13.3.1/../../../../arm-none-eabi/lib/thumb/v7e-m+fp/hard\libc_nano.a
END GROUP
START GROUP
LOAD C:/STM32CubeIDE_1.16.1/STM32CubeIDE/plugins/com.st.stm32cube.ide.mcu.externaltools.gnu-tools-for-stm32.13.3.rel1.win32_1.0.0.202411081344/tools/bin/../lib/gcc/arm-none-eabi/13.3.1/thumb/v7e-m+fp/hard\libgcc.a
LOAD C:/STM32CubeIDE_1.16.1/STM32CubeIDE/plugins/com.st.stm32cube.ide.mcu.externaltools.gnu-tools-for-stm32.13.3.rel1.win32_1.0.0.202411081344/tools/bin/../lib/gcc/arm-none-eabi/13.3.1/../../../../arm-none-eabi/lib/thumb/v7e-m+fp/hard\libc_nano.a
LOAD C:/STM32CubeIDE_1.16.1/STM32CubeIDE/plugins/com.st.stm32cube.ide.mcu.externaltools.gnu-tools-for-stm32.13.3.rel1.win32_1.0.0.202411081344/tools/bin/../lib/gcc/arm-none-eabi/13.3.1/../../../../arm-none-eabi/lib/thumb/v7e-m+fp/hard\libnosys.a
END GROUP
START GROUP
LOAD C:/STM32CubeIDE_1.16.1/STM32CubeIDE/plugins/com.st.stm32cube.ide.mcu.externaltools.gnu-tools-for-stm32.13.3.rel1.win32_1.0.0.202411081344/tools/bin/../lib/gcc/arm-none-eabi/13.3.1/thumb/v7e-m+fp/hard\libgcc.a
LOAD C:/STM32CubeIDE_1.16.1/STM32CubeIDE/plugins/com.st.stm32cube.ide.mcu.externaltools.gnu-tools-for-stm32.13.3.rel1.win32_1.0.0.202411081344/tools/bin/../lib/gcc/arm-none-eabi/13.3.1/../../../../arm-none-eabi/lib/thumb/v7e-m+fp/hard\libc_nano.a
LOAD C:/STM32CubeIDE_1.16.1/STM32CubeIDE/plugins/com.st.stm32cube.ide.mcu.externaltools.gnu-tools-for-stm32.13.3.rel1.win32_1.0.0.202411081344/tools/bin/../lib/gcc/arm-none-eabi/13.3.1/../../../../arm-none-eabi/lib/thumb/v7e-m+fp/hard\libnosys.a
END GROUP
LOAD C:/STM32CubeIDE_1.16.1/STM32CubeIDE/plugins/com.st.stm32cube.ide.mcu.externaltools.gnu-tools-for-stm32.13.3.rel1.win32_1.0.0.202411081344/tools/bin/../lib/gcc/arm-none-eabi/13.3.1/thumb/v7e-m+fp/hard/crtend.o
LOAD C:/STM32CubeIDE_1.16.1/STM32CubeIDE/plugins/com.st.stm32cube.ide.mcu.externaltools.gnu-tools-for-stm32.13.3.rel1.win32_1.0.0.202411081344/tools/bin/../lib/gcc/arm-none-eabi/13.3.1/thumb/v7e-m+fp/hard/crtn.o
                0x20020000                        _estack = (ORIGIN (RAM) + LENGTH (RAM))
                0x00000200                        _Min_Heap_Size = 0x200
                0x00000400                        _Min_Stack_Size = 0x400

.isr_vector     0x08000000      0x1d8
                0x08000000                        . = ALIGN (0x4)
 *(.isr_vector)
 .isr_vector    0x08000000      0x1d8 ./Core/Startup/startup_stm32g474retx.o
                0x08000000                g_pfnVectors
                0x080001d8                        . = ALIGN (0x4)

.text           0x080001d8     0xcfe0
                0x080001d8                        . = ALIGN (0x4)
 *(.text)
 .text          0x080001d8       0x40 C:/STM32CubeIDE_1.16.1/STM32CubeIDE/plugins/com.st.stm32cube.ide.mcu.externaltools.gnu-tools-for-stm32.13.3.rel1.win32_1.0.0.202411081344/tools/bin/../lib/gcc/arm-none-eabi/13.3.1/thumb/v7e-m+fp/hard/crtbegin.o
 .text          0x08000218      0x378 C:/STM32CubeIDE_1.16.1/STM32CubeIDE/plugins/com.st.stm32cube.ide.mcu.externaltools.gnu-tools-for-stm32.13.3.rel1.win32_1.0.0.202411081344/tools/bin/../lib/gcc/arm-none-eabi/13.3.1/thumb/v7e-m+fp/hard\libgcc.a(_arm_addsubdf3.o)
                0x08000218                __aeabi_drsub
                0x08000220                __aeabi_dsub
                0x08000220                __subdf3
                0x08000224                __aeabi_dadd
                0x08000224                __adddf3
                0x0800049c                __floatunsidf
                0x0800049c                __aeabi_ui2d
                0x080004bc                __floatsidf
                0x080004bc                __aeabi_i2d
                0x080004e0                __aeabi_f2d
                0x080004e0                __extendsfdf2
                0x08000524                __floatundidf
                0x08000524                __aeabi_ul2d
                0x08000534                __floatdidf
                0x08000534                __aeabi_l2d
 .text          0x08000590      0x424 C:/STM32CubeIDE_1.16.1/STM32CubeIDE/plugins/com.st.stm32cube.ide.mcu.externaltools.gnu-tools-for-stm32.13.3.rel1.win32_1.0.0.202411081344/tools/bin/../lib/gcc/arm-none-eabi/13.3.1/thumb/v7e-m+fp/hard\libgcc.a(_arm_muldivdf3.o)
                0x08000590                __aeabi_dmul
                0x08000590                __muldf3
                0x080007e4                __divdf3
                0x080007e4                __aeabi_ddiv
 .text          0x080009b4      0x110 C:/STM32CubeIDE_1.16.1/STM32CubeIDE/plugins/com.st.stm32cube.ide.mcu.externaltools.gnu-tools-for-stm32.13.3.rel1.win32_1.0.0.202411081344/tools/bin/../lib/gcc/arm-none-eabi/13.3.1/thumb/v7e-m+fp/hard\libgcc.a(_arm_cmpdf2.o)
                0x080009b4                __gtdf2
                0x080009b4                __gedf2
                0x080009bc                __ltdf2
                0x080009bc                __ledf2
                0x080009c4                __nedf2
                0x080009c4                __eqdf2
                0x080009c4                __cmpdf2
                0x08000a40                __aeabi_cdrcmple
                0x08000a50                __aeabi_cdcmpeq
                0x08000a50                __aeabi_cdcmple
                0x08000a60                __aeabi_dcmpeq
                0x08000a74                __aeabi_dcmplt
                0x08000a88                __aeabi_dcmple
                0x08000a9c                __aeabi_dcmpge
                0x08000ab0                __aeabi_dcmpgt
 .text          0x08000ac4       0x2c C:/STM32CubeIDE_1.16.1/STM32CubeIDE/plugins/com.st.stm32cube.ide.mcu.externaltools.gnu-tools-for-stm32.13.3.rel1.win32_1.0.0.202411081344/tools/bin/../lib/gcc/arm-none-eabi/13.3.1/thumb/v7e-m+fp/hard\libgcc.a(_arm_unorddf2.o)
                0x08000ac4                __unorddf2
                0x08000ac4                __aeabi_dcmpun
 .text          0x08000af0       0x50 C:/STM32CubeIDE_1.16.1/STM32CubeIDE/plugins/com.st.stm32cube.ide.mcu.externaltools.gnu-tools-for-stm32.13.3.rel1.win32_1.0.0.202411081344/tools/bin/../lib/gcc/arm-none-eabi/13.3.1/thumb/v7e-m+fp/hard\libgcc.a(_arm_fixdfsi.o)
                0x08000af0                __aeabi_d2iz
                0x08000af0                __fixdfsi
 .text          0x08000b40       0x40 C:/STM32CubeIDE_1.16.1/STM32CubeIDE/plugins/com.st.stm32cube.ide.mcu.externaltools.gnu-tools-for-stm32.13.3.rel1.win32_1.0.0.202411081344/tools/bin/../lib/gcc/arm-none-eabi/13.3.1/thumb/v7e-m+fp/hard\libgcc.a(_arm_fixunsdfsi.o)
                0x08000b40                __aeabi_d2uiz
                0x08000b40                __fixunsdfsi
 .text          0x08000b80       0xa0 C:/STM32CubeIDE_1.16.1/STM32CubeIDE/plugins/com.st.stm32cube.ide.mcu.externaltools.gnu-tools-for-stm32.13.3.rel1.win32_1.0.0.202411081344/tools/bin/../lib/gcc/arm-none-eabi/13.3.1/thumb/v7e-m+fp/hard\libgcc.a(_arm_truncdfsf2.o)
                0x08000b80                __truncdfsf2
                0x08000b80                __aeabi_d2f
 .text          0x08000c20       0x30 C:/STM32CubeIDE_1.16.1/STM32CubeIDE/plugins/com.st.stm32cube.ide.mcu.externaltools.gnu-tools-for-stm32.13.3.rel1.win32_1.0.0.202411081344/tools/bin/../lib/gcc/arm-none-eabi/13.3.1/thumb/v7e-m+fp/hard\libgcc.a(_aeabi_uldivmod.o)
                0x08000c20                __aeabi_uldivmod
 .text          0x08000c50      0x2f8 C:/STM32CubeIDE_1.16.1/STM32CubeIDE/plugins/com.st.stm32cube.ide.mcu.externaltools.gnu-tools-for-stm32.13.3.rel1.win32_1.0.0.202411081344/tools/bin/../lib/gcc/arm-none-eabi/13.3.1/thumb/v7e-m+fp/hard\libgcc.a(_udivmoddi4.o)
                0x08000c50                __udivmoddi4
 .text          0x08000f48        0x4 C:/STM32CubeIDE_1.16.1/STM32CubeIDE/plugins/com.st.stm32cube.ide.mcu.externaltools.gnu-tools-for-stm32.13.3.rel1.win32_1.0.0.202411081344/tools/bin/../lib/gcc/arm-none-eabi/13.3.1/thumb/v7e-m+fp/hard\libgcc.a(_dvmd_tls.o)
                0x08000f48                __aeabi_idiv0
                0x08000f48                __aeabi_ldiv0
 *(.text*)
 .text.modbus_1t5_Timeout
                0x08000f4c       0x40 ./Core/Src/ModBusRTU.o
                0x08000f4c                modbus_1t5_Timeout
 .text.modbus_3t5_Timeout
                0x08000f8c       0x20 ./Core/Src/ModBusRTU.o
                0x08000f8c                modbus_3t5_Timeout
 .text.modbus_ErrorTimeout
                0x08000fac       0x20 ./Core/Src/ModBusRTU.o
                0x08000fac                modbus_ErrorTimeout
 .text.Modbus_init
                0x08000fcc       0xac ./Core/Src/ModBusRTU.o
                0x08000fcc                Modbus_init
 .text.CRC16    0x08001078       0x70 ./Core/Src/ModBusRTU.o
                0x08001078                CRC16
 .text.Modbus_Protocal_Worker
                0x080010e8      0x204 ./Core/Src/ModBusRTU.o
                0x080010e8                Modbus_Protocal_Worker
 .text.modbusWrite1Register
                0x080012ec       0x80 ./Core/Src/ModBusRTU.o
                0x080012ec                modbusWrite1Register
 .text.modbusRead1Register
                0x0800136c       0xec ./Core/Src/ModBusRTU.o
                0x0800136c                modbusRead1Register
 .text.ModbusErrorReply
                0x08001458       0x44 ./Core/Src/ModBusRTU.o
                0x08001458                ModbusErrorReply
 .text.Modbus_frame_response
                0x0800149c       0x30 ./Core/Src/ModBusRTU.o
                0x0800149c                Modbus_frame_response
 .text.Modbus_Emission
                0x080014cc       0xec ./Core/Src/ModBusRTU.o
                0x080014cc                Modbus_Emission
 .text.PIDInit  0x080015b8       0x28 ./Core/Src/PID.o
                0x080015b8                PIDInit
 .text.PIDCompute
                0x080015e0      0x184 ./Core/Src/PID.o
                0x080015e0                PIDCompute
 .text.QEIInit  0x08001764       0x64 ./Core/Src/QEI.o
                0x08001764                QEIInit
 .text.QEIPosVelUpdate
                0x080017c8      0x140 ./Core/Src/QEI.o
                0x080017c8                QEIPosVelUpdate
 .text.QEI_Reset
                0x08001908       0x5c ./Core/Src/QEI.o
                0x08001908                QEI_Reset
 .text.Trapezoidal_Update
                0x08001964      0x154 ./Core/Src/Trapezoidal.o
                0x08001964                Trapezoidal_Update
 .text.Trapezoidal_Init
                0x08001ab8      0x10c ./Core/Src/Trapezoidal.o
                0x08001ab8                Trapezoidal_Init
 .text.Trapezoidal_GetCurrentAbsolute
                0x08001bc4       0x30 ./Core/Src/main.o
 .text.main     0x08001bf4      0x1b8 ./Core/Src/main.o
                0x08001bf4                main
 .text.SystemClock_Config
                0x08001dac       0x96 ./Core/Src/main.o
                0x08001dac                SystemClock_Config
 *fill*         0x08001e42        0x2 
 .text.MX_ADC1_Init
                0x08001e44      0x110 ./Core/Src/main.o
 .text.MX_ADC2_Init
                0x08001f54       0xcc ./Core/Src/main.o
 .text.MX_TIM1_Init
                0x08002020      0x178 ./Core/Src/main.o
 .text.MX_TIM2_Init
                0x08002198       0x9c ./Core/Src/main.o
 .text.MX_TIM3_Init
                0x08002234       0xac ./Core/Src/main.o
 .text.MX_TIM4_Init
                0x080022e0       0xac ./Core/Src/main.o
 .text.MX_TIM5_Init
                0x0800238c       0x9c ./Core/Src/main.o
 .text.MX_TIM8_Init
                0x08002428      0x160 ./Core/Src/main.o
 .text.MX_TIM16_Init
                0x08002588       0x60 ./Core/Src/main.o
 .text.MX_USART2_UART_Init
                0x080025e8       0x9c ./Core/Src/main.o
 .text.MX_DMA_Init
                0x08002684       0x84 ./Core/Src/main.o
 .text.MX_GPIO_Init
                0x08002708      0x1b8 ./Core/Src/main.o
 .text.Prismatic_CasCadeControl
                0x080028c0      0x21c ./Core/Src/main.o
                0x080028c0                Prismatic_CasCadeControl
 *fill*         0x08002adc        0x4 
 .text.Revolute_CasCadeControl
                0x08002ae0      0x21c ./Core/Src/main.o
                0x08002ae0                Revolute_CasCadeControl
 *fill*         0x08002cfc        0x4 
 .text.ball_screw_converter
                0x08002d00       0x60 ./Core/Src/main.o
                0x08002d00                ball_screw_converter
 .text.HAL_GPIO_EXTI_Callback
                0x08002d60       0x34 ./Core/Src/main.o
                0x08002d60                HAL_GPIO_EXTI_Callback
 .text.map      0x08002d94       0x38 ./Core/Src/main.o
                0x08002d94                map
 .text.mapf     0x08002dcc       0x5c ./Core/Src/main.o
                0x08002dcc                mapf
 .text.HAL_TIM_PeriodElapsedCallback
                0x08002e28     0x14b4 ./Core/Src/main.o
                0x08002e28                HAL_TIM_PeriodElapsedCallback
 .text.Error_Handler
                0x080042dc        0xc ./Core/Src/main.o
                0x080042dc                Error_Handler
 .text.MotorInit
                0x080042e8       0x50 ./Core/Src/moter.o
                0x080042e8                MotorInit
 .text.MotorSet
                0x08004338      0x250 ./Core/Src/moter.o
                0x08004338                MotorSet
 .text.HAL_MspInit
                0x08004588       0x48 ./Core/Src/stm32g4xx_hal_msp.o
                0x08004588                HAL_MspInit
 .text.HAL_ADC_MspInit
                0x080045d0      0x224 ./Core/Src/stm32g4xx_hal_msp.o
                0x080045d0                HAL_ADC_MspInit
 .text.HAL_TIM_Base_MspInit
                0x080047f4      0x164 ./Core/Src/stm32g4xx_hal_msp.o
                0x080047f4                HAL_TIM_Base_MspInit
 .text.HAL_TIM_Encoder_MspInit
                0x08004958      0x108 ./Core/Src/stm32g4xx_hal_msp.o
                0x08004958                HAL_TIM_Encoder_MspInit
 .text.HAL_TIM_MspPostInit
                0x08004a60       0xbc ./Core/Src/stm32g4xx_hal_msp.o
                0x08004a60                HAL_TIM_MspPostInit
 .text.HAL_UART_MspInit
                0x08004b1c      0x178 ./Core/Src/stm32g4xx_hal_msp.o
                0x08004b1c                HAL_UART_MspInit
 .text.NMI_Handler
                0x08004c94        0x8 ./Core/Src/stm32g4xx_it.o
                0x08004c94                NMI_Handler
 .text.HardFault_Handler
                0x08004c9c        0x8 ./Core/Src/stm32g4xx_it.o
                0x08004c9c                HardFault_Handler
 .text.MemManage_Handler
                0x08004ca4        0x8 ./Core/Src/stm32g4xx_it.o
                0x08004ca4                MemManage_Handler
 .text.BusFault_Handler
                0x08004cac        0x8 ./Core/Src/stm32g4xx_it.o
                0x08004cac                BusFault_Handler
 .text.UsageFault_Handler
                0x08004cb4        0x8 ./Core/Src/stm32g4xx_it.o
                0x08004cb4                UsageFault_Handler
 .text.SVC_Handler
                0x08004cbc        0xe ./Core/Src/stm32g4xx_it.o
                0x08004cbc                SVC_Handler
 .text.DebugMon_Handler
                0x08004cca        0xe ./Core/Src/stm32g4xx_it.o
                0x08004cca                DebugMon_Handler
 .text.PendSV_Handler
                0x08004cd8        0xe ./Core/Src/stm32g4xx_it.o
                0x08004cd8                PendSV_Handler
 .text.SysTick_Handler
                0x08004ce6        0xc ./Core/Src/stm32g4xx_it.o
                0x08004ce6                SysTick_Handler
 .text.EXTI3_IRQHandler
                0x08004cf2        0xe ./Core/Src/stm32g4xx_it.o
                0x08004cf2                EXTI3_IRQHandler
 .text.DMA1_Channel1_IRQHandler
                0x08004d00       0x14 ./Core/Src/stm32g4xx_it.o
                0x08004d00                DMA1_Channel1_IRQHandler
 .text.DMA1_Channel2_IRQHandler
                0x08004d14       0x14 ./Core/Src/stm32g4xx_it.o
                0x08004d14                DMA1_Channel2_IRQHandler
 .text.DMA1_Channel3_IRQHandler
                0x08004d28       0x14 ./Core/Src/stm32g4xx_it.o
                0x08004d28                DMA1_Channel3_IRQHandler
 .text.DMA1_Channel4_IRQHandler
                0x08004d3c       0x14 ./Core/Src/stm32g4xx_it.o
                0x08004d3c                DMA1_Channel4_IRQHandler
 .text.ADC1_2_IRQHandler
                0x08004d50       0x1c ./Core/Src/stm32g4xx_it.o
                0x08004d50                ADC1_2_IRQHandler
 .text.TIM1_UP_TIM16_IRQHandler
                0x08004d6c       0x1c ./Core/Src/stm32g4xx_it.o
                0x08004d6c                TIM1_UP_TIM16_IRQHandler
 .text.TIM2_IRQHandler
                0x08004d88       0x14 ./Core/Src/stm32g4xx_it.o
                0x08004d88                TIM2_IRQHandler
 .text.TIM3_IRQHandler
                0x08004d9c       0x14 ./Core/Src/stm32g4xx_it.o
                0x08004d9c                TIM3_IRQHandler
 .text.TIM4_IRQHandler
                0x08004db0       0x14 ./Core/Src/stm32g4xx_it.o
                0x08004db0                TIM4_IRQHandler
 .text.USART2_IRQHandler
                0x08004dc4       0x14 ./Core/Src/stm32g4xx_it.o
                0x08004dc4                USART2_IRQHandler
 .text.EXTI15_10_IRQHandler
                0x08004dd8       0x10 ./Core/Src/stm32g4xx_it.o
                0x08004dd8                EXTI15_10_IRQHandler
 .text.TIM5_IRQHandler
                0x08004de8       0x14 ./Core/Src/stm32g4xx_it.o
                0x08004de8                TIM5_IRQHandler
 .text.SystemInit
                0x08004dfc       0x24 ./Core/Src/system_stm32g4xx.o
                0x08004dfc                SystemInit
 .text.Reset_Handler
                0x08004e20       0x50 ./Core/Startup/startup_stm32g474retx.o
                0x08004e20                Reset_Handler
 .text.Default_Handler
                0x08004e70        0x2 ./Core/Startup/startup_stm32g474retx.o
                0x08004e70                RTC_Alarm_IRQHandler
                0x08004e70                EXTI2_IRQHandler
                0x08004e70                TIM8_TRG_COM_IRQHandler
                0x08004e70                TIM8_CC_IRQHandler
                0x08004e70                HRTIM1_Master_IRQHandler
                0x08004e70                SPI4_IRQHandler
                0x08004e70                FDCAN3_IT0_IRQHandler
                0x08004e70                TIM1_CC_IRQHandler
                0x08004e70                HRTIM1_FLT_IRQHandler
                0x08004e70                HRTIM1_TIMF_IRQHandler
                0x08004e70                USB_HP_IRQHandler
                0x08004e70                CORDIC_IRQHandler
                0x08004e70                HRTIM1_TIMD_IRQHandler
                0x08004e70                DMA2_Channel8_IRQHandler
                0x08004e70                I2C3_ER_IRQHandler
                0x08004e70                EXTI0_IRQHandler
                0x08004e70                I2C2_EV_IRQHandler
                0x08004e70                FPU_IRQHandler
                0x08004e70                FDCAN1_IT1_IRQHandler
                0x08004e70                HRTIM1_TIME_IRQHandler
                0x08004e70                SPI1_IRQHandler
                0x08004e70                TIM6_DAC_IRQHandler
                0x08004e70                HRTIM1_TIMC_IRQHandler
                0x08004e70                TIM8_UP_IRQHandler
                0x08004e70                DMA2_Channel2_IRQHandler
                0x08004e70                TIM20_TRG_COM_IRQHandler
                0x08004e70                USART3_IRQHandler
                0x08004e70                DMA1_Channel7_IRQHandler
                0x08004e70                UART5_IRQHandler
                0x08004e70                ADC3_IRQHandler
                0x08004e70                DMA2_Channel1_IRQHandler
                0x08004e70                QUADSPI_IRQHandler
                0x08004e70                I2C1_EV_IRQHandler
                0x08004e70                DMA1_Channel6_IRQHandler
                0x08004e70                UART4_IRQHandler
                0x08004e70                DMA2_Channel4_IRQHandler
                0x08004e70                RCC_IRQHandler
                0x08004e70                TIM20_UP_IRQHandler
                0x08004e70                Default_Handler
                0x08004e70                DMA2_Channel7_IRQHandler
                0x08004e70                RTC_TAMP_LSECSS_IRQHandler
                0x08004e70                FMAC_IRQHandler
                0x08004e70                DMA1_Channel8_IRQHandler
                0x08004e70                HRTIM1_TIMA_IRQHandler
                0x08004e70                TIM7_DAC_IRQHandler
                0x08004e70                FDCAN3_IT1_IRQHandler
                0x08004e70                UCPD1_IRQHandler
                0x08004e70                I2C3_EV_IRQHandler
                0x08004e70                EXTI9_5_IRQHandler
                0x08004e70                RTC_WKUP_IRQHandler
                0x08004e70                PVD_PVM_IRQHandler
                0x08004e70                SPI2_IRQHandler
                0x08004e70                ADC5_IRQHandler
                0x08004e70                DMA2_Channel5_IRQHandler
                0x08004e70                CRS_IRQHandler
                0x08004e70                DMA1_Channel5_IRQHandler
                0x08004e70                USB_LP_IRQHandler
                0x08004e70                EXTI4_IRQHandler
                0x08004e70                RNG_IRQHandler
                0x08004e70                HRTIM1_TIMB_IRQHandler
                0x08004e70                TIM1_TRG_COM_TIM17_IRQHandler
                0x08004e70                FDCAN2_IT1_IRQHandler
                0x08004e70                ADC4_IRQHandler
                0x08004e70                WWDG_IRQHandler
                0x08004e70                I2C4_EV_IRQHandler
                0x08004e70                FDCAN2_IT0_IRQHandler
                0x08004e70                LPUART1_IRQHandler
                0x08004e70                DMA2_Channel6_IRQHandler
                0x08004e70                FDCAN1_IT0_IRQHandler
                0x08004e70                COMP7_IRQHandler
                0x08004e70                COMP1_2_3_IRQHandler
                0x08004e70                EXTI1_IRQHandler
                0x08004e70                COMP4_5_6_IRQHandler
                0x08004e70                TIM20_BRK_IRQHandler
                0x08004e70                I2C2_ER_IRQHandler
                0x08004e70                TIM8_BRK_IRQHandler
                0x08004e70                FLASH_IRQHandler
                0x08004e70                TIM20_CC_IRQHandler
                0x08004e70                USART1_IRQHandler
                0x08004e70                SPI3_IRQHandler
                0x08004e70                I2C1_ER_IRQHandler
                0x08004e70                FMC_IRQHandler
                0x08004e70                LPTIM1_IRQHandler
                0x08004e70                DMAMUX_OVR_IRQHandler
                0x08004e70                I2C4_ER_IRQHandler
                0x08004e70                USBWakeUp_IRQHandler
                0x08004e70                SAI1_IRQHandler
                0x08004e70                DMA2_Channel3_IRQHandler
                0x08004e70                TIM1_BRK_TIM15_IRQHandler
 .text.HAL_Init
                0x08004e72       0x30 ./Drivers/STM32G4xx_HAL_Driver/Src/stm32g4xx_hal.o
                0x08004e72                HAL_Init
 *fill*         0x08004ea2        0x2 
 .text.HAL_InitTick
                0x08004ea4       0x74 ./Drivers/STM32G4xx_HAL_Driver/Src/stm32g4xx_hal.o
                0x08004ea4                HAL_InitTick
 .text.HAL_IncTick
                0x08004f18       0x24 ./Drivers/STM32G4xx_HAL_Driver/Src/stm32g4xx_hal.o
                0x08004f18                HAL_IncTick
 .text.HAL_GetTick
                0x08004f3c       0x18 ./Drivers/STM32G4xx_HAL_Driver/Src/stm32g4xx_hal.o
                0x08004f3c                HAL_GetTick
 .text.LL_ADC_SetCommonClock
                0x08004f54       0x26 ./Drivers/STM32G4xx_HAL_Driver/Src/stm32g4xx_hal_adc.o
 .text.LL_ADC_SetCommonPathInternalCh
                0x08004f7a       0x26 ./Drivers/STM32G4xx_HAL_Driver/Src/stm32g4xx_hal_adc.o
 .text.LL_ADC_GetCommonPathInternalCh
                0x08004fa0       0x1c ./Drivers/STM32G4xx_HAL_Driver/Src/stm32g4xx_hal_adc.o
 .text.LL_ADC_SetOffset
                0x08004fbc       0x48 ./Drivers/STM32G4xx_HAL_Driver/Src/stm32g4xx_hal_adc.o
 .text.LL_ADC_GetOffsetChannel
                0x08005004       0x2c ./Drivers/STM32G4xx_HAL_Driver/Src/stm32g4xx_hal_adc.o
 .text.LL_ADC_SetOffsetState
                0x08005030       0x36 ./Drivers/STM32G4xx_HAL_Driver/Src/stm32g4xx_hal_adc.o
 .text.LL_ADC_SetOffsetSign
                0x08005066       0x36 ./Drivers/STM32G4xx_HAL_Driver/Src/stm32g4xx_hal_adc.o
 .text.LL_ADC_SetOffsetSaturation
                0x0800509c       0x36 ./Drivers/STM32G4xx_HAL_Driver/Src/stm32g4xx_hal_adc.o
 .text.LL_ADC_SetSamplingTimeCommonConfig
                0x080050d2       0x26 ./Drivers/STM32G4xx_HAL_Driver/Src/stm32g4xx_hal_adc.o
 .text.LL_ADC_REG_IsTriggerSourceSWStart
                0x080050f8       0x26 ./Drivers/STM32G4xx_HAL_Driver/Src/stm32g4xx_hal_adc.o
 .text.LL_ADC_REG_SetSequencerRanks
                0x0800511e       0x58 ./Drivers/STM32G4xx_HAL_Driver/Src/stm32g4xx_hal_adc.o
 .text.LL_ADC_INJ_IsTriggerSourceSWStart
                0x08005176       0x26 ./Drivers/STM32G4xx_HAL_Driver/Src/stm32g4xx_hal_adc.o
 .text.LL_ADC_SetChannelSamplingTime
                0x0800519c       0x56 ./Drivers/STM32G4xx_HAL_Driver/Src/stm32g4xx_hal_adc.o
 *fill*         0x080051f2        0x2 
 .text.LL_ADC_SetChannelSingleDiff
                0x080051f4       0x48 ./Drivers/STM32G4xx_HAL_Driver/Src/stm32g4xx_hal_adc.o
 .text.LL_ADC_GetMultimode
                0x0800523c       0x1c ./Drivers/STM32G4xx_HAL_Driver/Src/stm32g4xx_hal_adc.o
 .text.LL_ADC_GetMultiDMATransfer
                0x08005258       0x1c ./Drivers/STM32G4xx_HAL_Driver/Src/stm32g4xx_hal_adc.o
 .text.LL_ADC_DisableDeepPowerDown
                0x08005274       0x24 ./Drivers/STM32G4xx_HAL_Driver/Src/stm32g4xx_hal_adc.o
 .text.LL_ADC_IsDeepPowerDownEnabled
                0x08005298       0x28 ./Drivers/STM32G4xx_HAL_Driver/Src/stm32g4xx_hal_adc.o
 .text.LL_ADC_EnableInternalRegulator
                0x080052c0       0x28 ./Drivers/STM32G4xx_HAL_Driver/Src/stm32g4xx_hal_adc.o
 .text.LL_ADC_IsInternalRegulatorEnabled
                0x080052e8       0x28 ./Drivers/STM32G4xx_HAL_Driver/Src/stm32g4xx_hal_adc.o
 .text.LL_ADC_Enable
                0x08005310       0x28 ./Drivers/STM32G4xx_HAL_Driver/Src/stm32g4xx_hal_adc.o
 .text.LL_ADC_IsEnabled
                0x08005338       0x26 ./Drivers/STM32G4xx_HAL_Driver/Src/stm32g4xx_hal_adc.o
 .text.LL_ADC_REG_StartConversion
                0x0800535e       0x28 ./Drivers/STM32G4xx_HAL_Driver/Src/stm32g4xx_hal_adc.o
 .text.LL_ADC_REG_IsConversionOngoing
                0x08005386       0x26 ./Drivers/STM32G4xx_HAL_Driver/Src/stm32g4xx_hal_adc.o
 .text.LL_ADC_INJ_IsConversionOngoing
                0x080053ac       0x26 ./Drivers/STM32G4xx_HAL_Driver/Src/stm32g4xx_hal_adc.o
 *fill*         0x080053d2        0x2 
 .text.HAL_ADC_Init
                0x080053d4      0x378 ./Drivers/STM32G4xx_HAL_Driver/Src/stm32g4xx_hal_adc.o
                0x080053d4                HAL_ADC_Init
 .text.HAL_ADC_Start_DMA
                0x0800574c      0x1a8 ./Drivers/STM32G4xx_HAL_Driver/Src/stm32g4xx_hal_adc.o
                0x0800574c                HAL_ADC_Start_DMA
 .text.HAL_ADC_IRQHandler
                0x080058f4      0x4c0 ./Drivers/STM32G4xx_HAL_Driver/Src/stm32g4xx_hal_adc.o
                0x080058f4                HAL_ADC_IRQHandler
 .text.HAL_ADC_ConvCpltCallback
                0x08005db4       0x14 ./Drivers/STM32G4xx_HAL_Driver/Src/stm32g4xx_hal_adc.o
                0x08005db4                HAL_ADC_ConvCpltCallback
 .text.HAL_ADC_ConvHalfCpltCallback
                0x08005dc8       0x14 ./Drivers/STM32G4xx_HAL_Driver/Src/stm32g4xx_hal_adc.o
                0x08005dc8                HAL_ADC_ConvHalfCpltCallback
 .text.HAL_ADC_LevelOutOfWindowCallback
                0x08005ddc       0x14 ./Drivers/STM32G4xx_HAL_Driver/Src/stm32g4xx_hal_adc.o
                0x08005ddc                HAL_ADC_LevelOutOfWindowCallback
 .text.HAL_ADC_ErrorCallback
                0x08005df0       0x14 ./Drivers/STM32G4xx_HAL_Driver/Src/stm32g4xx_hal_adc.o
                0x08005df0                HAL_ADC_ErrorCallback
 .text.HAL_ADC_ConfigChannel
                0x08005e04      0x880 ./Drivers/STM32G4xx_HAL_Driver/Src/stm32g4xx_hal_adc.o
                0x08005e04                HAL_ADC_ConfigChannel
 .text.ADC_Enable
                0x08006684      0x12c ./Drivers/STM32G4xx_HAL_Driver/Src/stm32g4xx_hal_adc.o
                0x08006684                ADC_Enable
 .text.ADC_DMAConvCplt
                0x080067b0       0xd8 ./Drivers/STM32G4xx_HAL_Driver/Src/stm32g4xx_hal_adc.o
                0x080067b0                ADC_DMAConvCplt
 .text.ADC_DMAHalfConvCplt
                0x08006888       0x1c ./Drivers/STM32G4xx_HAL_Driver/Src/stm32g4xx_hal_adc.o
                0x08006888                ADC_DMAHalfConvCplt
 .text.ADC_DMAError
                0x080068a4       0x34 ./Drivers/STM32G4xx_HAL_Driver/Src/stm32g4xx_hal_adc.o
                0x080068a4                ADC_DMAError
 .text.LL_ADC_IsEnabled
                0x080068d8       0x26 ./Drivers/STM32G4xx_HAL_Driver/Src/stm32g4xx_hal_adc_ex.o
 .text.LL_ADC_REG_IsConversionOngoing
                0x080068fe       0x26 ./Drivers/STM32G4xx_HAL_Driver/Src/stm32g4xx_hal_adc_ex.o
 .text.HAL_ADCEx_InjectedConvCpltCallback
                0x08006924       0x14 ./Drivers/STM32G4xx_HAL_Driver/Src/stm32g4xx_hal_adc_ex.o
                0x08006924                HAL_ADCEx_InjectedConvCpltCallback
 .text.HAL_ADCEx_InjectedQueueOverflowCallback
                0x08006938       0x14 ./Drivers/STM32G4xx_HAL_Driver/Src/stm32g4xx_hal_adc_ex.o
                0x08006938                HAL_ADCEx_InjectedQueueOverflowCallback
 .text.HAL_ADCEx_LevelOutOfWindow2Callback
                0x0800694c       0x14 ./Drivers/STM32G4xx_HAL_Driver/Src/stm32g4xx_hal_adc_ex.o
                0x0800694c                HAL_ADCEx_LevelOutOfWindow2Callback
 .text.HAL_ADCEx_LevelOutOfWindow3Callback
                0x08006960       0x14 ./Drivers/STM32G4xx_HAL_Driver/Src/stm32g4xx_hal_adc_ex.o
                0x08006960                HAL_ADCEx_LevelOutOfWindow3Callback
 .text.HAL_ADCEx_EndOfSamplingCallback
                0x08006974       0x14 ./Drivers/STM32G4xx_HAL_Driver/Src/stm32g4xx_hal_adc_ex.o
                0x08006974                HAL_ADCEx_EndOfSamplingCallback
 .text.HAL_ADCEx_MultiModeConfigChannel
                0x08006988      0x210 ./Drivers/STM32G4xx_HAL_Driver/Src/stm32g4xx_hal_adc_ex.o
                0x08006988                HAL_ADCEx_MultiModeConfigChannel
 .text.__NVIC_SetPriorityGrouping
                0x08006b98       0x48 ./Drivers/STM32G4xx_HAL_Driver/Src/stm32g4xx_hal_cortex.o
 .text.__NVIC_GetPriorityGrouping
                0x08006be0       0x1c ./Drivers/STM32G4xx_HAL_Driver/Src/stm32g4xx_hal_cortex.o
 .text.__NVIC_EnableIRQ
                0x08006bfc       0x3c ./Drivers/STM32G4xx_HAL_Driver/Src/stm32g4xx_hal_cortex.o
 .text.__NVIC_SetPriority
                0x08006c38       0x54 ./Drivers/STM32G4xx_HAL_Driver/Src/stm32g4xx_hal_cortex.o
 .text.NVIC_EncodePriority
                0x08006c8c       0x66 ./Drivers/STM32G4xx_HAL_Driver/Src/stm32g4xx_hal_cortex.o
 *fill*         0x08006cf2        0x2 
 .text.SysTick_Config
                0x08006cf4       0x44 ./Drivers/STM32G4xx_HAL_Driver/Src/stm32g4xx_hal_cortex.o
 .text.HAL_NVIC_SetPriorityGrouping
                0x08006d38       0x16 ./Drivers/STM32G4xx_HAL_Driver/Src/stm32g4xx_hal_cortex.o
                0x08006d38                HAL_NVIC_SetPriorityGrouping
 .text.HAL_NVIC_SetPriority
                0x08006d4e       0x34 ./Drivers/STM32G4xx_HAL_Driver/Src/stm32g4xx_hal_cortex.o
                0x08006d4e                HAL_NVIC_SetPriority
 .text.HAL_NVIC_EnableIRQ
                0x08006d82       0x1c ./Drivers/STM32G4xx_HAL_Driver/Src/stm32g4xx_hal_cortex.o
                0x08006d82                HAL_NVIC_EnableIRQ
 .text.HAL_SYSTICK_Config
                0x08006d9e       0x18 ./Drivers/STM32G4xx_HAL_Driver/Src/stm32g4xx_hal_cortex.o
                0x08006d9e                HAL_SYSTICK_Config
 *fill*         0x08006db6        0x2 
 .text.HAL_DMA_Init
                0x08006db8      0x150 ./Drivers/STM32G4xx_HAL_Driver/Src/stm32g4xx_hal_dma.o
                0x08006db8                HAL_DMA_Init
 .text.HAL_DMA_Start_IT
                0x08006f08       0xf6 ./Drivers/STM32G4xx_HAL_Driver/Src/stm32g4xx_hal_dma.o
                0x08006f08                HAL_DMA_Start_IT
 .text.HAL_DMA_Abort
                0x08006ffe       0xb2 ./Drivers/STM32G4xx_HAL_Driver/Src/stm32g4xx_hal_dma.o
                0x08006ffe                HAL_DMA_Abort
 .text.HAL_DMA_Abort_IT
                0x080070b0       0xce ./Drivers/STM32G4xx_HAL_Driver/Src/stm32g4xx_hal_dma.o
                0x080070b0                HAL_DMA_Abort_IT
 .text.HAL_DMA_IRQHandler
                0x0800717e      0x15e ./Drivers/STM32G4xx_HAL_Driver/Src/stm32g4xx_hal_dma.o
                0x0800717e                HAL_DMA_IRQHandler
 .text.DMA_SetConfig
                0x080072dc       0x7c ./Drivers/STM32G4xx_HAL_Driver/Src/stm32g4xx_hal_dma.o
 .text.DMA_CalcDMAMUXChannelBaseAndMask
                0x08007358       0x7c ./Drivers/STM32G4xx_HAL_Driver/Src/stm32g4xx_hal_dma.o
 .text.DMA_CalcDMAMUXRequestGenBaseAndMask
                0x080073d4       0x48 ./Drivers/STM32G4xx_HAL_Driver/Src/stm32g4xx_hal_dma.o
 .text.HAL_GPIO_Init
                0x0800741c      0x304 ./Drivers/STM32G4xx_HAL_Driver/Src/stm32g4xx_hal_gpio.o
                0x0800741c                HAL_GPIO_Init
 .text.HAL_GPIO_ReadPin
                0x08007720       0x30 ./Drivers/STM32G4xx_HAL_Driver/Src/stm32g4xx_hal_gpio.o
                0x08007720                HAL_GPIO_ReadPin
 .text.HAL_GPIO_WritePin
                0x08007750       0x30 ./Drivers/STM32G4xx_HAL_Driver/Src/stm32g4xx_hal_gpio.o
                0x08007750                HAL_GPIO_WritePin
 .text.HAL_GPIO_TogglePin
                0x08007780       0x34 ./Drivers/STM32G4xx_HAL_Driver/Src/stm32g4xx_hal_gpio.o
                0x08007780                HAL_GPIO_TogglePin
 .text.HAL_GPIO_EXTI_IRQHandler
                0x080077b4       0x30 ./Drivers/STM32G4xx_HAL_Driver/Src/stm32g4xx_hal_gpio.o
                0x080077b4                HAL_GPIO_EXTI_IRQHandler
 .text.HAL_PWREx_ControlVoltageScaling
                0x080077e4      0x148 ./Drivers/STM32G4xx_HAL_Driver/Src/stm32g4xx_hal_pwr_ex.o
                0x080077e4                HAL_PWREx_ControlVoltageScaling
 .text.HAL_PWREx_DisableUCPDDeadBattery
                0x0800792c       0x20 ./Drivers/STM32G4xx_HAL_Driver/Src/stm32g4xx_hal_pwr_ex.o
                0x0800792c                HAL_PWREx_DisableUCPDDeadBattery
 .text.HAL_RCC_OscConfig
                0x0800794c      0x624 ./Drivers/STM32G4xx_HAL_Driver/Src/stm32g4xx_hal_rcc.o
                0x0800794c                HAL_RCC_OscConfig
 .text.HAL_RCC_ClockConfig
                0x08007f70      0x278 ./Drivers/STM32G4xx_HAL_Driver/Src/stm32g4xx_hal_rcc.o
                0x08007f70                HAL_RCC_ClockConfig
 .text.HAL_RCC_GetSysClockFreq
                0x080081e8       0xc4 ./Drivers/STM32G4xx_HAL_Driver/Src/stm32g4xx_hal_rcc.o
                0x080081e8                HAL_RCC_GetSysClockFreq
 .text.HAL_RCC_GetHCLKFreq
                0x080082ac       0x18 ./Drivers/STM32G4xx_HAL_Driver/Src/stm32g4xx_hal_rcc.o
                0x080082ac                HAL_RCC_GetHCLKFreq
 .text.HAL_RCC_GetPCLK1Freq
                0x080082c4       0x2c ./Drivers/STM32G4xx_HAL_Driver/Src/stm32g4xx_hal_rcc.o
                0x080082c4                HAL_RCC_GetPCLK1Freq
 .text.HAL_RCC_GetPCLK2Freq
                0x080082f0       0x2c ./Drivers/STM32G4xx_HAL_Driver/Src/stm32g4xx_hal_rcc.o
                0x080082f0                HAL_RCC_GetPCLK2Freq
 .text.RCC_GetSysClockFreqFromPLLSource
                0x0800831c       0x8c ./Drivers/STM32G4xx_HAL_Driver/Src/stm32g4xx_hal_rcc.o
 .text.HAL_RCCEx_PeriphCLKConfig
                0x080083a8      0x49c ./Drivers/STM32G4xx_HAL_Driver/Src/stm32g4xx_hal_rcc_ex.o
                0x080083a8                HAL_RCCEx_PeriphCLKConfig
 .text.HAL_TIM_Base_Init
                0x08008844       0xc8 ./Drivers/STM32G4xx_HAL_Driver/Src/stm32g4xx_hal_tim.o
                0x08008844                HAL_TIM_Base_Init
 .text.HAL_TIM_Base_Start
                0x0800890c       0xe0 ./Drivers/STM32G4xx_HAL_Driver/Src/stm32g4xx_hal_tim.o
                0x0800890c                HAL_TIM_Base_Start
 .text.HAL_TIM_Base_Start_IT
                0x080089ec       0xf0 ./Drivers/STM32G4xx_HAL_Driver/Src/stm32g4xx_hal_tim.o
                0x080089ec                HAL_TIM_Base_Start_IT
 .text.HAL_TIM_PWM_Init
                0x08008adc       0xc8 ./Drivers/STM32G4xx_HAL_Driver/Src/stm32g4xx_hal_tim.o
                0x08008adc                HAL_TIM_PWM_Init
 .text.HAL_TIM_PWM_MspInit
                0x08008ba4       0x14 ./Drivers/STM32G4xx_HAL_Driver/Src/stm32g4xx_hal_tim.o
                0x08008ba4                HAL_TIM_PWM_MspInit
 .text.HAL_TIM_PWM_Start
                0x08008bb8      0x224 ./Drivers/STM32G4xx_HAL_Driver/Src/stm32g4xx_hal_tim.o
                0x08008bb8                HAL_TIM_PWM_Start
 .text.HAL_TIM_OnePulse_Init
                0x08008ddc       0xbc ./Drivers/STM32G4xx_HAL_Driver/Src/stm32g4xx_hal_tim.o
                0x08008ddc                HAL_TIM_OnePulse_Init
 .text.HAL_TIM_OnePulse_MspInit
                0x08008e98       0x14 ./Drivers/STM32G4xx_HAL_Driver/Src/stm32g4xx_hal_tim.o
                0x08008e98                HAL_TIM_OnePulse_MspInit
 .text.HAL_TIM_OnePulse_Start_IT
                0x08008eac      0x11c ./Drivers/STM32G4xx_HAL_Driver/Src/stm32g4xx_hal_tim.o
                0x08008eac                HAL_TIM_OnePulse_Start_IT
 .text.HAL_TIM_Encoder_Init
                0x08008fc8      0x168 ./Drivers/STM32G4xx_HAL_Driver/Src/stm32g4xx_hal_tim.o
                0x08008fc8                HAL_TIM_Encoder_Init
 .text.HAL_TIM_Encoder_Start
                0x08009130      0x11c ./Drivers/STM32G4xx_HAL_Driver/Src/stm32g4xx_hal_tim.o
                0x08009130                HAL_TIM_Encoder_Start
 .text.HAL_TIM_Encoder_Stop
                0x0800924c      0x14e ./Drivers/STM32G4xx_HAL_Driver/Src/stm32g4xx_hal_tim.o
                0x0800924c                HAL_TIM_Encoder_Stop
 .text.HAL_TIM_IRQHandler
                0x0800939a      0x2f2 ./Drivers/STM32G4xx_HAL_Driver/Src/stm32g4xx_hal_tim.o
                0x0800939a                HAL_TIM_IRQHandler
 .text.HAL_TIM_PWM_ConfigChannel
                0x0800968c      0x228 ./Drivers/STM32G4xx_HAL_Driver/Src/stm32g4xx_hal_tim.o
                0x0800968c                HAL_TIM_PWM_ConfigChannel
 .text.HAL_TIM_ConfigClockSource
                0x080098b4      0x22c ./Drivers/STM32G4xx_HAL_Driver/Src/stm32g4xx_hal_tim.o
                0x080098b4                HAL_TIM_ConfigClockSource
 .text.HAL_TIM_PeriodElapsedHalfCpltCallback
                0x08009ae0       0x14 ./Drivers/STM32G4xx_HAL_Driver/Src/stm32g4xx_hal_tim.o
                0x08009ae0                HAL_TIM_PeriodElapsedHalfCpltCallback
 .text.HAL_TIM_OC_DelayElapsedCallback
                0x08009af4       0x14 ./Drivers/STM32G4xx_HAL_Driver/Src/stm32g4xx_hal_tim.o
                0x08009af4                HAL_TIM_OC_DelayElapsedCallback
 .text.HAL_TIM_IC_CaptureCallback
                0x08009b08       0x14 ./Drivers/STM32G4xx_HAL_Driver/Src/stm32g4xx_hal_tim.o
                0x08009b08                HAL_TIM_IC_CaptureCallback
 .text.HAL_TIM_IC_CaptureHalfCpltCallback
                0x08009b1c       0x14 ./Drivers/STM32G4xx_HAL_Driver/Src/stm32g4xx_hal_tim.o
                0x08009b1c                HAL_TIM_IC_CaptureHalfCpltCallback
 .text.HAL_TIM_PWM_PulseFinishedCallback
                0x08009b30       0x14 ./Drivers/STM32G4xx_HAL_Driver/Src/stm32g4xx_hal_tim.o
                0x08009b30                HAL_TIM_PWM_PulseFinishedCallback
 .text.HAL_TIM_PWM_PulseFinishedHalfCpltCallback
                0x08009b44       0x14 ./Drivers/STM32G4xx_HAL_Driver/Src/stm32g4xx_hal_tim.o
                0x08009b44                HAL_TIM_PWM_PulseFinishedHalfCpltCallback
 .text.HAL_TIM_TriggerCallback
                0x08009b58       0x14 ./Drivers/STM32G4xx_HAL_Driver/Src/stm32g4xx_hal_tim.o
                0x08009b58                HAL_TIM_TriggerCallback
 .text.HAL_TIM_TriggerHalfCpltCallback
                0x08009b6c       0x14 ./Drivers/STM32G4xx_HAL_Driver/Src/stm32g4xx_hal_tim.o
                0x08009b6c                HAL_TIM_TriggerHalfCpltCallback
 .text.HAL_TIM_ErrorCallback
                0x08009b80       0x14 ./Drivers/STM32G4xx_HAL_Driver/Src/stm32g4xx_hal_tim.o
                0x08009b80                HAL_TIM_ErrorCallback
 .text.HAL_TIM_RegisterCallback
                0x08009b94      0x2c0 ./Drivers/STM32G4xx_HAL_Driver/Src/stm32g4xx_hal_tim.o
                0x08009b94                HAL_TIM_RegisterCallback
 .text.TIM_Base_SetConfig
                0x08009e54      0x168 ./Drivers/STM32G4xx_HAL_Driver/Src/stm32g4xx_hal_tim.o
                0x08009e54                TIM_Base_SetConfig
 .text.TIM_OC1_SetConfig
                0x08009fbc      0x134 ./Drivers/STM32G4xx_HAL_Driver/Src/stm32g4xx_hal_tim.o
 .text.TIM_OC2_SetConfig
                0x0800a0f0      0x128 ./Drivers/STM32G4xx_HAL_Driver/Src/stm32g4xx_hal_tim.o
                0x0800a0f0                TIM_OC2_SetConfig
 .text.TIM_OC3_SetConfig
                0x0800a218      0x124 ./Drivers/STM32G4xx_HAL_Driver/Src/stm32g4xx_hal_tim.o
 .text.TIM_OC4_SetConfig
                0x0800a33c      0x128 ./Drivers/STM32G4xx_HAL_Driver/Src/stm32g4xx_hal_tim.o
 .text.TIM_OC5_SetConfig
                0x0800a464       0xd4 ./Drivers/STM32G4xx_HAL_Driver/Src/stm32g4xx_hal_tim.o
 .text.TIM_OC6_SetConfig
                0x0800a538       0xd8 ./Drivers/STM32G4xx_HAL_Driver/Src/stm32g4xx_hal_tim.o
 .text.TIM_TI1_ConfigInputStage
                0x0800a610       0x5e ./Drivers/STM32G4xx_HAL_Driver/Src/stm32g4xx_hal_tim.o
 .text.TIM_TI2_ConfigInputStage
                0x0800a66e       0x60 ./Drivers/STM32G4xx_HAL_Driver/Src/stm32g4xx_hal_tim.o
 .text.TIM_ITRx_SetConfig
                0x0800a6ce       0x3a ./Drivers/STM32G4xx_HAL_Driver/Src/stm32g4xx_hal_tim.o
 .text.TIM_ETR_SetConfig
                0x0800a708       0x40 ./Drivers/STM32G4xx_HAL_Driver/Src/stm32g4xx_hal_tim.o
                0x0800a708                TIM_ETR_SetConfig
 .text.TIM_CCxChannelCmd
                0x0800a748       0x4a ./Drivers/STM32G4xx_HAL_Driver/Src/stm32g4xx_hal_tim.o
                0x0800a748                TIM_CCxChannelCmd
 *fill*         0x0800a792        0x2 
 .text.TIM_ResetCallback
                0x0800a794       0xec ./Drivers/STM32G4xx_HAL_Driver/Src/stm32g4xx_hal_tim.o
                0x0800a794                TIM_ResetCallback
 .text.HAL_TIMEx_MasterConfigSynchronization
                0x0800a880      0x12c ./Drivers/STM32G4xx_HAL_Driver/Src/stm32g4xx_hal_tim_ex.o
                0x0800a880                HAL_TIMEx_MasterConfigSynchronization
 .text.HAL_TIMEx_ConfigBreakDeadTime
                0x0800a9ac      0x128 ./Drivers/STM32G4xx_HAL_Driver/Src/stm32g4xx_hal_tim_ex.o
                0x0800a9ac                HAL_TIMEx_ConfigBreakDeadTime
 .text.HAL_TIMEx_CommutCallback
                0x0800aad4       0x14 ./Drivers/STM32G4xx_HAL_Driver/Src/stm32g4xx_hal_tim_ex.o
                0x0800aad4                HAL_TIMEx_CommutCallback
 .text.HAL_TIMEx_CommutHalfCpltCallback
                0x0800aae8       0x14 ./Drivers/STM32G4xx_HAL_Driver/Src/stm32g4xx_hal_tim_ex.o
                0x0800aae8                HAL_TIMEx_CommutHalfCpltCallback
 .text.HAL_TIMEx_BreakCallback
                0x0800aafc       0x14 ./Drivers/STM32G4xx_HAL_Driver/Src/stm32g4xx_hal_tim_ex.o
                0x0800aafc                HAL_TIMEx_BreakCallback
 .text.HAL_TIMEx_Break2Callback
                0x0800ab10       0x14 ./Drivers/STM32G4xx_HAL_Driver/Src/stm32g4xx_hal_tim_ex.o
                0x0800ab10                HAL_TIMEx_Break2Callback
 .text.HAL_TIMEx_EncoderIndexCallback
                0x0800ab24       0x14 ./Drivers/STM32G4xx_HAL_Driver/Src/stm32g4xx_hal_tim_ex.o
                0x0800ab24                HAL_TIMEx_EncoderIndexCallback
 .text.HAL_TIMEx_DirectionChangeCallback
                0x0800ab38       0x14 ./Drivers/STM32G4xx_HAL_Driver/Src/stm32g4xx_hal_tim_ex.o
                0x0800ab38                HAL_TIMEx_DirectionChangeCallback
 .text.HAL_TIMEx_IndexErrorCallback
                0x0800ab4c       0x14 ./Drivers/STM32G4xx_HAL_Driver/Src/stm32g4xx_hal_tim_ex.o
                0x0800ab4c                HAL_TIMEx_IndexErrorCallback
 .text.HAL_TIMEx_TransitionErrorCallback
                0x0800ab60       0x14 ./Drivers/STM32G4xx_HAL_Driver/Src/stm32g4xx_hal_tim_ex.o
                0x0800ab60                HAL_TIMEx_TransitionErrorCallback
 .text.HAL_UART_Init
                0x0800ab74       0xc0 ./Drivers/STM32G4xx_HAL_Driver/Src/stm32g4xx_hal_uart.o
                0x0800ab74                HAL_UART_Init
 .text.HAL_UART_RegisterCallback
                0x0800ac34      0x174 ./Drivers/STM32G4xx_HAL_Driver/Src/stm32g4xx_hal_uart.o
                0x0800ac34                HAL_UART_RegisterCallback
 .text.HAL_UART_Transmit_DMA
                0x0800ada8      0x100 ./Drivers/STM32G4xx_HAL_Driver/Src/stm32g4xx_hal_uart.o
                0x0800ada8                HAL_UART_Transmit_DMA
 .text.HAL_UART_Receive_DMA
                0x0800aea8       0x98 ./Drivers/STM32G4xx_HAL_Driver/Src/stm32g4xx_hal_uart.o
                0x0800aea8                HAL_UART_Receive_DMA
 .text.HAL_UART_IRQHandler
                0x0800af40      0x6a8 ./Drivers/STM32G4xx_HAL_Driver/Src/stm32g4xx_hal_uart.o
                0x0800af40                HAL_UART_IRQHandler
 .text.HAL_UART_TxCpltCallback
                0x0800b5e8       0x14 ./Drivers/STM32G4xx_HAL_Driver/Src/stm32g4xx_hal_uart.o
                0x0800b5e8                HAL_UART_TxCpltCallback
 .text.HAL_UART_TxHalfCpltCallback
                0x0800b5fc       0x14 ./Drivers/STM32G4xx_HAL_Driver/Src/stm32g4xx_hal_uart.o
                0x0800b5fc                HAL_UART_TxHalfCpltCallback
 .text.HAL_UART_RxCpltCallback
                0x0800b610       0x14 ./Drivers/STM32G4xx_HAL_Driver/Src/stm32g4xx_hal_uart.o
                0x0800b610                HAL_UART_RxCpltCallback
 .text.HAL_UART_RxHalfCpltCallback
                0x0800b624       0x14 ./Drivers/STM32G4xx_HAL_Driver/Src/stm32g4xx_hal_uart.o
                0x0800b624                HAL_UART_RxHalfCpltCallback
 .text.HAL_UART_ErrorCallback
                0x0800b638       0x14 ./Drivers/STM32G4xx_HAL_Driver/Src/stm32g4xx_hal_uart.o
                0x0800b638                HAL_UART_ErrorCallback
 .text.HAL_UART_AbortCpltCallback
                0x0800b64c       0x14 ./Drivers/STM32G4xx_HAL_Driver/Src/stm32g4xx_hal_uart.o
                0x0800b64c                HAL_UART_AbortCpltCallback
 .text.HAL_UART_AbortTransmitCpltCallback
                0x0800b660       0x14 ./Drivers/STM32G4xx_HAL_Driver/Src/stm32g4xx_hal_uart.o
                0x0800b660                HAL_UART_AbortTransmitCpltCallback
 .text.HAL_UART_AbortReceiveCpltCallback
                0x0800b674       0x14 ./Drivers/STM32G4xx_HAL_Driver/Src/stm32g4xx_hal_uart.o
                0x0800b674                HAL_UART_AbortReceiveCpltCallback
 .text.HAL_UARTEx_RxEventCallback
                0x0800b688       0x18 ./Drivers/STM32G4xx_HAL_Driver/Src/stm32g4xx_hal_uart.o
                0x0800b688                HAL_UARTEx_RxEventCallback
 .text.HAL_UART_ReceiverTimeout_Config
                0x0800b6a0       0x38 ./Drivers/STM32G4xx_HAL_Driver/Src/stm32g4xx_hal_uart.o
                0x0800b6a0                HAL_UART_ReceiverTimeout_Config
 .text.HAL_UART_EnableReceiverTimeout
                0x0800b6d8       0x74 ./Drivers/STM32G4xx_HAL_Driver/Src/stm32g4xx_hal_uart.o
                0x0800b6d8                HAL_UART_EnableReceiverTimeout
 .text.HAL_UART_GetError
                0x0800b74c       0x1a ./Drivers/STM32G4xx_HAL_Driver/Src/stm32g4xx_hal_uart.o
                0x0800b74c                HAL_UART_GetError
 *fill*         0x0800b766        0x2 
 .text.UART_InitCallbacksToDefault
                0x0800b768       0xa4 ./Drivers/STM32G4xx_HAL_Driver/Src/stm32g4xx_hal_uart.o
                0x0800b768                UART_InitCallbacksToDefault
 .text.UART_SetConfig
                0x0800b80c      0x5f8 ./Drivers/STM32G4xx_HAL_Driver/Src/stm32g4xx_hal_uart.o
                0x0800b80c                UART_SetConfig
 .text.UART_AdvFeatureConfig
                0x0800be04      0x144 ./Drivers/STM32G4xx_HAL_Driver/Src/stm32g4xx_hal_uart.o
                0x0800be04                UART_AdvFeatureConfig
 .text.UART_CheckIdleState
                0x0800bf48      0x154 ./Drivers/STM32G4xx_HAL_Driver/Src/stm32g4xx_hal_uart.o
                0x0800bf48                UART_CheckIdleState
 .text.UART_WaitOnFlagUntilTimeout
                0x0800c09c       0xda ./Drivers/STM32G4xx_HAL_Driver/Src/stm32g4xx_hal_uart.o
                0x0800c09c                UART_WaitOnFlagUntilTimeout
 *fill*         0x0800c176        0x2 
 .text.UART_Start_Receive_DMA
                0x0800c178      0x14c ./Drivers/STM32G4xx_HAL_Driver/Src/stm32g4xx_hal_uart.o
                0x0800c178                UART_Start_Receive_DMA
 .text.UART_EndTxTransfer
                0x0800c2c4       0x82 ./Drivers/STM32G4xx_HAL_Driver/Src/stm32g4xx_hal_uart.o
 .text.UART_EndRxTransfer
                0x0800c346       0xcc ./Drivers/STM32G4xx_HAL_Driver/Src/stm32g4xx_hal_uart.o
 .text.UART_DMATransmitCplt
                0x0800c412       0x9e ./Drivers/STM32G4xx_HAL_Driver/Src/stm32g4xx_hal_uart.o
 .text.UART_DMATxHalfCplt
                0x0800c4b0       0x20 ./Drivers/STM32G4xx_HAL_Driver/Src/stm32g4xx_hal_uart.o
 .text.UART_DMAReceiveCplt
                0x0800c4d0      0x134 ./Drivers/STM32G4xx_HAL_Driver/Src/stm32g4xx_hal_uart.o
 .text.UART_DMARxHalfCplt
                0x0800c604       0x46 ./Drivers/STM32G4xx_HAL_Driver/Src/stm32g4xx_hal_uart.o
 .text.UART_DMAError
                0x0800c64a       0x84 ./Drivers/STM32G4xx_HAL_Driver/Src/stm32g4xx_hal_uart.o
 .text.UART_DMAAbortOnError
                0x0800c6ce       0x28 ./Drivers/STM32G4xx_HAL_Driver/Src/stm32g4xx_hal_uart.o
 .text.UART_EndTransmit_IT
                0x0800c6f6       0x5a ./Drivers/STM32G4xx_HAL_Driver/Src/stm32g4xx_hal_uart.o
 .text.HAL_UARTEx_WakeupCallback
                0x0800c750       0x14 ./Drivers/STM32G4xx_HAL_Driver/Src/stm32g4xx_hal_uart_ex.o
                0x0800c750                HAL_UARTEx_WakeupCallback
 .text.HAL_UARTEx_RxFifoFullCallback
                0x0800c764       0x14 ./Drivers/STM32G4xx_HAL_Driver/Src/stm32g4xx_hal_uart_ex.o
                0x0800c764                HAL_UARTEx_RxFifoFullCallback
 .text.HAL_UARTEx_TxFifoEmptyCallback
                0x0800c778       0x14 ./Drivers/STM32G4xx_HAL_Driver/Src/stm32g4xx_hal_uart_ex.o
                0x0800c778                HAL_UARTEx_TxFifoEmptyCallback
 .text.HAL_UARTEx_DisableFifoMode
                0x0800c78c       0x72 ./Drivers/STM32G4xx_HAL_Driver/Src/stm32g4xx_hal_uart_ex.o
                0x0800c78c                HAL_UARTEx_DisableFifoMode
 .text.HAL_UARTEx_SetTxFifoThreshold
                0x0800c7fe       0x7c ./Drivers/STM32G4xx_HAL_Driver/Src/stm32g4xx_hal_uart_ex.o
                0x0800c7fe                HAL_UARTEx_SetTxFifoThreshold
 .text.HAL_UARTEx_SetRxFifoThreshold
                0x0800c87a       0x7c ./Drivers/STM32G4xx_HAL_Driver/Src/stm32g4xx_hal_uart_ex.o
                0x0800c87a                HAL_UARTEx_SetRxFifoThreshold
 *fill*         0x0800c8f6        0x2 
 .text.UARTEx_SetNbDataToProcess
                0x0800c8f8       0x9c ./Drivers/STM32G4xx_HAL_Driver/Src/stm32g4xx_hal_uart_ex.o
 .text.arm_pid_init_f32
                0x0800c994       0x6c ./Middlewares/Third_Party/ARM_CMSIS/Source/ControllerFunctions/ControllerFunctions.o
                0x0800c994                arm_pid_init_f32
 .text.memset   0x0800ca00       0x10 C:/STM32CubeIDE_1.16.1/STM32CubeIDE/plugins/com.st.stm32cube.ide.mcu.externaltools.gnu-tools-for-stm32.13.3.rel1.win32_1.0.0.202411081344/tools/bin/../lib/gcc/arm-none-eabi/13.3.1/../../../../arm-none-eabi/lib/thumb/v7e-m+fp/hard\libc_nano.a(libc_a-memset.o)
                0x0800ca00                memset
 .text.__errno  0x0800ca10        0xc C:/STM32CubeIDE_1.16.1/STM32CubeIDE/plugins/com.st.stm32cube.ide.mcu.externaltools.gnu-tools-for-stm32.13.3.rel1.win32_1.0.0.202411081344/tools/bin/../lib/gcc/arm-none-eabi/13.3.1/../../../../arm-none-eabi/lib/thumb/v7e-m+fp/hard\libc_nano.a(libc_a-errno.o)
                0x0800ca10                __errno
 .text.__libc_init_array
                0x0800ca1c       0x48 C:/STM32CubeIDE_1.16.1/STM32CubeIDE/plugins/com.st.stm32cube.ide.mcu.externaltools.gnu-tools-for-stm32.13.3.rel1.win32_1.0.0.202411081344/tools/bin/../lib/gcc/arm-none-eabi/13.3.1/../../../../arm-none-eabi/lib/thumb/v7e-m+fp/hard\libc_nano.a(libc_a-init.o)
                0x0800ca1c                __libc_init_array
 .text.memcpy   0x0800ca64       0x1c C:/STM32CubeIDE_1.16.1/STM32CubeIDE/plugins/com.st.stm32cube.ide.mcu.externaltools.gnu-tools-for-stm32.13.3.rel1.win32_1.0.0.202411081344/tools/bin/../lib/gcc/arm-none-eabi/13.3.1/../../../../arm-none-eabi/lib/thumb/v7e-m+fp/hard\libc_nano.a(libc_a-memcpy-stub.o)
                0x0800ca64                memcpy
 .text.atan2    0x0800ca80        0x4 C:/STM32CubeIDE_1.16.1/STM32CubeIDE/plugins/com.st.stm32cube.ide.mcu.externaltools.gnu-tools-for-stm32.13.3.rel1.win32_1.0.0.202411081344/tools/bin/../lib/gcc/arm-none-eabi/13.3.1/../../../../arm-none-eabi/lib/thumb/v7e-m+fp/hard\libm.a(libm_a-w_atan2.o)
                0x0800ca80                atan2
 .text.sqrt     0x0800ca84       0x58 C:/STM32CubeIDE_1.16.1/STM32CubeIDE/plugins/com.st.stm32cube.ide.mcu.externaltools.gnu-tools-for-stm32.13.3.rel1.win32_1.0.0.202411081344/tools/bin/../lib/gcc/arm-none-eabi/13.3.1/../../../../arm-none-eabi/lib/thumb/v7e-m+fp/hard\libm.a(libm_a-w_sqrt.o)
                0x0800ca84                sqrt
 .text.sqrtf    0x0800cadc       0x3c C:/STM32CubeIDE_1.16.1/STM32CubeIDE/plugins/com.st.stm32cube.ide.mcu.externaltools.gnu-tools-for-stm32.13.3.rel1.win32_1.0.0.202411081344/tools/bin/../lib/gcc/arm-none-eabi/13.3.1/../../../../arm-none-eabi/lib/thumb/v7e-m+fp/hard\libm.a(libm_a-wf_sqrt.o)
                0x0800cadc                sqrtf
 .text.__ieee754_sqrt
                0x0800cb18      0x1ac C:/STM32CubeIDE_1.16.1/STM32CubeIDE/plugins/com.st.stm32cube.ide.mcu.externaltools.gnu-tools-for-stm32.13.3.rel1.win32_1.0.0.202411081344/tools/bin/../lib/gcc/arm-none-eabi/13.3.1/../../../../arm-none-eabi/lib/thumb/v7e-m+fp/hard\libm.a(libm_a-e_sqrt.o)
                0x0800cb18                __ieee754_sqrt
 .text.__ieee754_sqrtf
                0x0800ccc4        0x6 C:/STM32CubeIDE_1.16.1/STM32CubeIDE/plugins/com.st.stm32cube.ide.mcu.externaltools.gnu-tools-for-stm32.13.3.rel1.win32_1.0.0.202411081344/tools/bin/../lib/gcc/arm-none-eabi/13.3.1/../../../../arm-none-eabi/lib/thumb/v7e-m+fp/hard\libm.a(libm_a-ef_sqrt.o)
                0x0800ccc4                __ieee754_sqrtf
 *fill*         0x0800ccca        0x6 
 .text.__ieee754_atan2
                0x0800ccd0      0x18c C:/STM32CubeIDE_1.16.1/STM32CubeIDE/plugins/com.st.stm32cube.ide.mcu.externaltools.gnu-tools-for-stm32.13.3.rel1.win32_1.0.0.202411081344/tools/bin/../lib/gcc/arm-none-eabi/13.3.1/../../../../arm-none-eabi/lib/thumb/v7e-m+fp/hard\libm.a(libm_a-e_atan2.o)
                0x0800ccd0                __ieee754_atan2
 *fill*         0x0800ce5c        0x4 
 .text.atan     0x0800ce60      0x330 C:/STM32CubeIDE_1.16.1/STM32CubeIDE/plugins/com.st.stm32cube.ide.mcu.externaltools.gnu-tools-for-stm32.13.3.rel1.win32_1.0.0.202411081344/tools/bin/../lib/gcc/arm-none-eabi/13.3.1/../../../../arm-none-eabi/lib/thumb/v7e-m+fp/hard\libm.a(libm_a-s_atan.o)
                0x0800ce60                atan
 .text.fabs     0x0800d190       0x10 C:/STM32CubeIDE_1.16.1/STM32CubeIDE/plugins/com.st.stm32cube.ide.mcu.externaltools.gnu-tools-for-stm32.13.3.rel1.win32_1.0.0.202411081344/tools/bin/../lib/gcc/arm-none-eabi/13.3.1/../../../../arm-none-eabi/lib/thumb/v7e-m+fp/hard\libm.a(libm_a-s_fabs.o)
                0x0800d190                fabs
 *(.glue_7)
 .glue_7        0x0800d1a0        0x0 linker stubs
 *(.glue_7t)
 .glue_7t       0x0800d1a0        0x0 linker stubs
 *(.eh_frame)
 .eh_frame      0x0800d1a0        0x0 C:/STM32CubeIDE_1.16.1/STM32CubeIDE/plugins/com.st.stm32cube.ide.mcu.externaltools.gnu-tools-for-stm32.13.3.rel1.win32_1.0.0.202411081344/tools/bin/../lib/gcc/arm-none-eabi/13.3.1/thumb/v7e-m+fp/hard/crtbegin.o
 *(.init)
 .init          0x0800d1a0        0x4 C:/STM32CubeIDE_1.16.1/STM32CubeIDE/plugins/com.st.stm32cube.ide.mcu.externaltools.gnu-tools-for-stm32.13.3.rel1.win32_1.0.0.202411081344/tools/bin/../lib/gcc/arm-none-eabi/13.3.1/thumb/v7e-m+fp/hard/crti.o
                0x0800d1a0                _init
 .init          0x0800d1a4        0x8 C:/STM32CubeIDE_1.16.1/STM32CubeIDE/plugins/com.st.stm32cube.ide.mcu.externaltools.gnu-tools-for-stm32.13.3.rel1.win32_1.0.0.202411081344/tools/bin/../lib/gcc/arm-none-eabi/13.3.1/thumb/v7e-m+fp/hard/crtn.o
 *(.fini)
 .fini          0x0800d1ac        0x4 C:/STM32CubeIDE_1.16.1/STM32CubeIDE/plugins/com.st.stm32cube.ide.mcu.externaltools.gnu-tools-for-stm32.13.3.rel1.win32_1.0.0.202411081344/tools/bin/../lib/gcc/arm-none-eabi/13.3.1/thumb/v7e-m+fp/hard/crti.o
                0x0800d1ac                _fini
 .fini          0x0800d1b0        0x8 C:/STM32CubeIDE_1.16.1/STM32CubeIDE/plugins/com.st.stm32cube.ide.mcu.externaltools.gnu-tools-for-stm32.13.3.rel1.win32_1.0.0.202411081344/tools/bin/../lib/gcc/arm-none-eabi/13.3.1/thumb/v7e-m+fp/hard/crtn.o
                0x0800d1b8                        . = ALIGN (0x4)
                0x0800d1b8                        _etext = .

.vfp11_veneer   0x0800d1b8        0x0
 .vfp11_veneer  0x0800d1b8        0x0 linker stubs

.v4_bx          0x0800d1b8        0x0
 .v4_bx         0x0800d1b8        0x0 linker stubs

.iplt           0x0800d1b8        0x0
 .iplt          0x0800d1b8        0x0 C:/STM32CubeIDE_1.16.1/STM32CubeIDE/plugins/com.st.stm32cube.ide.mcu.externaltools.gnu-tools-for-stm32.13.3.rel1.win32_1.0.0.202411081344/tools/bin/../lib/gcc/arm-none-eabi/13.3.1/thumb/v7e-m+fp/hard/crtbegin.o

.rodata         0x0800d1b8     0x1038
                0x0800d1b8                        . = ALIGN (0x4)
 *(.rodata)
 *(.rodata*)
 .rodata.path   0x0800d1b8      0xf78 ./Core/Src/main.o
                0x0800d1b8                path
 .rodata.AHBPrescTable
                0x0800e130       0x10 ./Core/Src/system_stm32g4xx.o
                0x0800e130                AHBPrescTable
 .rodata.APBPrescTable
                0x0800e140        0x8 ./Core/Src/system_stm32g4xx.o
                0x0800e140                APBPrescTable
 .rodata.UARTPrescTable
                0x0800e148       0x18 ./Drivers/STM32G4xx_HAL_Driver/Src/stm32g4xx_hal_uart.o
                0x0800e148                UARTPrescTable
 .rodata.numerator.1
                0x0800e160        0x8 ./Drivers/STM32G4xx_HAL_Driver/Src/stm32g4xx_hal_uart_ex.o
 .rodata.denominator.0
                0x0800e168        0x8 ./Drivers/STM32G4xx_HAL_Driver/Src/stm32g4xx_hal_uart_ex.o
 .rodata.tiny   0x0800e170        0x8 C:/STM32CubeIDE_1.16.1/STM32CubeIDE/plugins/com.st.stm32cube.ide.mcu.externaltools.gnu-tools-for-stm32.13.3.rel1.win32_1.0.0.202411081344/tools/bin/../lib/gcc/arm-none-eabi/13.3.1/../../../../arm-none-eabi/lib/thumb/v7e-m+fp/hard\libm.a(libm_a-e_sqrt.o)
 .rodata.one    0x0800e178        0x8 C:/STM32CubeIDE_1.16.1/STM32CubeIDE/plugins/com.st.stm32cube.ide.mcu.externaltools.gnu-tools-for-stm32.13.3.rel1.win32_1.0.0.202411081344/tools/bin/../lib/gcc/arm-none-eabi/13.3.1/../../../../arm-none-eabi/lib/thumb/v7e-m+fp/hard\libm.a(libm_a-e_sqrt.o)
 .rodata.CSWTCH.9
                0x0800e180       0x18 C:/STM32CubeIDE_1.16.1/STM32CubeIDE/plugins/com.st.stm32cube.ide.mcu.externaltools.gnu-tools-for-stm32.13.3.rel1.win32_1.0.0.202411081344/tools/bin/../lib/gcc/arm-none-eabi/13.3.1/../../../../arm-none-eabi/lib/thumb/v7e-m+fp/hard\libm.a(libm_a-e_atan2.o)
 .rodata.CSWTCH.8
                0x0800e198       0x18 C:/STM32CubeIDE_1.16.1/STM32CubeIDE/plugins/com.st.stm32cube.ide.mcu.externaltools.gnu-tools-for-stm32.13.3.rel1.win32_1.0.0.202411081344/tools/bin/../lib/gcc/arm-none-eabi/13.3.1/../../../../arm-none-eabi/lib/thumb/v7e-m+fp/hard\libm.a(libm_a-e_atan2.o)
 .rodata.atanlo
                0x0800e1b0       0x20 C:/STM32CubeIDE_1.16.1/STM32CubeIDE/plugins/com.st.stm32cube.ide.mcu.externaltools.gnu-tools-for-stm32.13.3.rel1.win32_1.0.0.202411081344/tools/bin/../lib/gcc/arm-none-eabi/13.3.1/../../../../arm-none-eabi/lib/thumb/v7e-m+fp/hard\libm.a(libm_a-s_atan.o)
 .rodata.atanhi
                0x0800e1d0       0x20 C:/STM32CubeIDE_1.16.1/STM32CubeIDE/plugins/com.st.stm32cube.ide.mcu.externaltools.gnu-tools-for-stm32.13.3.rel1.win32_1.0.0.202411081344/tools/bin/../lib/gcc/arm-none-eabi/13.3.1/../../../../arm-none-eabi/lib/thumb/v7e-m+fp/hard\libm.a(libm_a-s_atan.o)
                0x0800e1f0                        . = ALIGN (0x4)

.ARM.extab      0x0800e1f0        0x0
                0x0800e1f0                        . = ALIGN (0x4)
 *(.ARM.extab* .gnu.linkonce.armextab.*)
                0x0800e1f0                        . = ALIGN (0x4)

.ARM            0x0800e1f0        0x8
                0x0800e1f0                        . = ALIGN (0x4)
                0x0800e1f0                        __exidx_start = .
 *(.ARM.exidx*)
 .ARM.exidx     0x0800e1f0        0x8 C:/STM32CubeIDE_1.16.1/STM32CubeIDE/plugins/com.st.stm32cube.ide.mcu.externaltools.gnu-tools-for-stm32.13.3.rel1.win32_1.0.0.202411081344/tools/bin/../lib/gcc/arm-none-eabi/13.3.1/thumb/v7e-m+fp/hard\libgcc.a(_udivmoddi4.o)
                0x0800e1f8                        __exidx_end = .
                0x0800e1f8                        . = ALIGN (0x4)

.preinit_array  0x0800e1f8        0x0
                0x0800e1f8                        . = ALIGN (0x4)
                0x0800e1f8                        PROVIDE (__preinit_array_start = .)
 *(.preinit_array*)
                0x0800e1f8                        PROVIDE (__preinit_array_end = .)
                0x0800e1f8                        . = ALIGN (0x4)

.init_array     0x0800e1f8        0x4
                0x0800e1f8                        . = ALIGN (0x4)
                0x0800e1f8                        PROVIDE (__init_array_start = .)
 *(SORT_BY_NAME(.init_array.*))
 *(.init_array*)
 .init_array    0x0800e1f8        0x4 C:/STM32CubeIDE_1.16.1/STM32CubeIDE/plugins/com.st.stm32cube.ide.mcu.externaltools.gnu-tools-for-stm32.13.3.rel1.win32_1.0.0.202411081344/tools/bin/../lib/gcc/arm-none-eabi/13.3.1/thumb/v7e-m+fp/hard/crtbegin.o
                0x0800e1fc                        PROVIDE (__init_array_end = .)
                0x0800e1fc                        . = ALIGN (0x4)

.fini_array     0x0800e1fc        0x4
                0x0800e1fc                        . = ALIGN (0x4)
                [!provide]                        PROVIDE (__fini_array_start = .)
 *(SORT_BY_NAME(.fini_array.*))
 *(.fini_array*)
 .fini_array    0x0800e1fc        0x4 C:/STM32CubeIDE_1.16.1/STM32CubeIDE/plugins/com.st.stm32cube.ide.mcu.externaltools.gnu-tools-for-stm32.13.3.rel1.win32_1.0.0.202411081344/tools/bin/../lib/gcc/arm-none-eabi/13.3.1/thumb/v7e-m+fp/hard/crtbegin.o
                [!provide]                        PROVIDE (__fini_array_end = .)
                0x0800e200                        . = ALIGN (0x4)
                0x0800e200                        _sidata = LOADADDR (.data)

.rel.dyn        0x0800e200        0x0
 .rel.iplt      0x0800e200        0x0 C:/STM32CubeIDE_1.16.1/STM32CubeIDE/plugins/com.st.stm32cube.ide.mcu.externaltools.gnu-tools-for-stm32.13.3.rel1.win32_1.0.0.202411081344/tools/bin/../lib/gcc/arm-none-eabi/13.3.1/thumb/v7e-m+fp/hard/crtbegin.o

.data           0x20000000      0x280 load address 0x0800e200
                0x20000000                        . = ALIGN (0x4)
                0x20000000                        _sdata = .
 *(.data)
 *(.data*)
 .data.auchCRCLo
                0x20000000      0x100 ./Core/Src/ModBusRTU.o
 .data.auchCRCHi
                0x20000100      0x100 ./Core/Src/ModBusRTU.o
 .data.Kp_velo_pris
                0x20000200        0x4 ./Core/Src/main.o
                0x20000200                Kp_velo_pris
 .data.Ki_velo_pris
                0x20000204        0x4 ./Core/Src/main.o
                0x20000204                Ki_velo_pris
 .data.Kp_pos_pris
                0x20000208        0x4 ./Core/Src/main.o
                0x20000208                Kp_pos_pris
 .data.Kp_pos_re
                0x2000020c        0x4 ./Core/Src/main.o
                0x2000020c                Kp_pos_re
 .data.Kd_pos_re
                0x20000210        0x4 ./Core/Src/main.o
                0x20000210                Kd_pos_re
 .data.Kp_velo_re
                0x20000214        0x4 ./Core/Src/main.o
                0x20000214                Kp_velo_re
 .data.Ki_velo_re
                0x20000218        0x4 ./Core/Src/main.o
                0x20000218                Ki_velo_re
 .data.count_run
                0x2000021c        0x4 ./Core/Src/main.o
                0x2000021c                count_run
 .data.painInit
                0x20000220        0x1 ./Core/Src/main.o
 *fill*         0x20000221        0x3 
 .data.SystemCoreClock
                0x20000224        0x4 ./Core/Src/system_stm32g4xx.o
                0x20000224                SystemCoreClock
 .data.uwTickPrio
                0x20000228        0x4 ./Drivers/STM32G4xx_HAL_Driver/Src/stm32g4xx_hal.o
                0x20000228                uwTickPrio
 .data.uwTickFreq
                0x2000022c        0x4 ./Drivers/STM32G4xx_HAL_Driver/Src/stm32g4xx_hal.o
                0x2000022c                uwTickFreq
 .data._impure_ptr
                0x20000230        0x4 C:/STM32CubeIDE_1.16.1/STM32CubeIDE/plugins/com.st.stm32cube.ide.mcu.externaltools.gnu-tools-for-stm32.13.3.rel1.win32_1.0.0.202411081344/tools/bin/../lib/gcc/arm-none-eabi/13.3.1/../../../../arm-none-eabi/lib/thumb/v7e-m+fp/hard\libc_nano.a(libc_a-impure.o)
                0x20000230                _impure_ptr
 .data._impure_data
                0x20000234       0x4c C:/STM32CubeIDE_1.16.1/STM32CubeIDE/plugins/com.st.stm32cube.ide.mcu.externaltools.gnu-tools-for-stm32.13.3.rel1.win32_1.0.0.202411081344/tools/bin/../lib/gcc/arm-none-eabi/13.3.1/../../../../arm-none-eabi/lib/thumb/v7e-m+fp/hard\libc_nano.a(libc_a-impure.o)
                0x20000234                _impure_data
 *(.RamFunc)
 *(.RamFunc*)
                0x20000280                        . = ALIGN (0x4)
                0x20000280                        _edata = .

.igot.plt       0x20000280        0x0 load address 0x0800e480
 .igot.plt      0x20000280        0x0 C:/STM32CubeIDE_1.16.1/STM32CubeIDE/plugins/com.st.stm32cube.ide.mcu.externaltools.gnu-tools-for-stm32.13.3.rel1.win32_1.0.0.202411081344/tools/bin/../lib/gcc/arm-none-eabi/13.3.1/thumb/v7e-m+fp/hard/crtbegin.o
                0x20000280                        . = ALIGN (0x4)

.bss            0x20000280     0x11ec load address 0x0800e480
                0x20000280                        _sbss = .
                0x20000280                        __bss_start__ = _sbss
 *(.bss)
 .bss           0x20000280       0x1c C:/STM32CubeIDE_1.16.1/STM32CubeIDE/plugins/com.st.stm32cube.ide.mcu.externaltools.gnu-tools-for-stm32.13.3.rel1.win32_1.0.0.202411081344/tools/bin/../lib/gcc/arm-none-eabi/13.3.1/thumb/v7e-m+fp/hard/crtbegin.o
 *(.bss*)
 .bss.hModbus   0x2000029c        0x4 ./Core/Src/ModBusRTU.o
                0x2000029c                hModbus
 .bss.hadc1     0x200002a0       0x6c ./Core/Src/main.o
                0x200002a0                hadc1
 .bss.hadc2     0x2000030c       0x6c ./Core/Src/main.o
                0x2000030c                hadc2
 .bss.hdma_adc1
                0x20000378       0x60 ./Core/Src/main.o
                0x20000378                hdma_adc1
 .bss.hdma_adc2
                0x200003d8       0x60 ./Core/Src/main.o
                0x200003d8                hdma_adc2
 .bss.htim1     0x20000438       0xcc ./Core/Src/main.o
                0x20000438                htim1
 .bss.htim2     0x20000504       0xcc ./Core/Src/main.o
                0x20000504                htim2
 .bss.htim3     0x200005d0       0xcc ./Core/Src/main.o
                0x200005d0                htim3
 .bss.htim4     0x2000069c       0xcc ./Core/Src/main.o
                0x2000069c                htim4
 .bss.htim5     0x20000768       0xcc ./Core/Src/main.o
                0x20000768                htim5
 .bss.htim8     0x20000834       0xcc ./Core/Src/main.o
                0x20000834                htim8
 .bss.htim16    0x20000900       0xcc ./Core/Src/main.o
                0x20000900                htim16
 .bss.huart2    0x200009cc       0xcc ./Core/Src/main.o
                0x200009cc                huart2
 .bss.hdma_usart2_rx
                0x20000a98       0x60 ./Core/Src/main.o
                0x20000a98                hdma_usart2_rx
 .bss.hdma_usart2_tx
                0x20000af8       0x60 ./Core/Src/main.o
                0x20000af8                hdma_usart2_tx
 .bss.prisProfile
                0x20000b58       0x2c ./Core/Src/main.o
                0x20000b58                prisProfile
 .bss.revProfile
                0x20000b84       0x2c ./Core/Src/main.o
                0x20000b84                revProfile
 .bss.hmodbus   0x20000bb0      0x4d8 ./Core/Src/main.o
                0x20000bb0                hmodbus
 .bss.registerFrame
                0x20001088       0x8c ./Core/Src/main.o
                0x20001088                registerFrame
 .bss.current_state
                0x20001114        0x1 ./Core/Src/main.o
                0x20001114                current_state
 *fill*         0x20001115        0x3 
 .bss.joy_flag  0x20001118        0x4 ./Core/Src/main.o
                0x20001118                joy_flag
 .bss.prismatic_motor
                0x2000111c       0x1c ./Core/Src/main.o
                0x2000111c                prismatic_motor
 .bss.revolute_motor
                0x20001138       0x1c ./Core/Src/main.o
                0x20001138                revolute_motor
 .bss.target_position_prismatic
                0x20001154        0x4 ./Core/Src/main.o
                0x20001154                target_position_prismatic
 .bss.Kd_velo_pris
                0x20001158        0x4 ./Core/Src/main.o
                0x20001158                Kd_velo_pris
 .bss.output_velo_pris
                0x2000115c        0x4 ./Core/Src/main.o
                0x2000115c                output_velo_pris
 .bss.error_velo_pris
                0x20001160        0x4 ./Core/Src/main.o
                0x20001160                error_velo_pris
 .bss.Ki_pos_pris
                0x20001164        0x4 ./Core/Src/main.o
                0x20001164                Ki_pos_pris
 .bss.Kd_pos_pris
                0x20001168        0x4 ./Core/Src/main.o
                0x20001168                Kd_pos_pris
 .bss.output_pos_pris
                0x2000116c        0x4 ./Core/Src/main.o
                0x2000116c                output_pos_pris
 .bss.error_pos_pris
                0x20001170        0x4 ./Core/Src/main.o
                0x20001170                error_pos_pris
 .bss.PID_POS_pris
                0x20001174       0x24 ./Core/Src/main.o
                0x20001174                PID_POS_pris
 .bss.PID_POS_re
                0x20001198       0x24 ./Core/Src/main.o
                0x20001198                PID_POS_re
 .bss.output_prismatic
                0x200011bc        0x4 ./Core/Src/main.o
                0x200011bc                output_prismatic
 .bss.output_revolute
                0x200011c0        0x4 ./Core/Src/main.o
                0x200011c0                output_revolute
 .bss.prismatic_encoder
                0x200011c4       0x30 ./Core/Src/main.o
                0x200011c4                prismatic_encoder
 .bss.prismatic_vel_control
                0x200011f4       0x20 ./Core/Src/main.o
                0x200011f4                prismatic_vel_control
 .bss.prismatic_radps_lowpass_prev
                0x20001214        0x4 ./Core/Src/main.o
                0x20001214                prismatic_radps_lowpass_prev
 .bss.prismatic_radps_lowpass
                0x20001218        0x4 ./Core/Src/main.o
                0x20001218                prismatic_radps_lowpass
 .bss.prismatic_acceleration
                0x2000121c        0x4 ./Core/Src/main.o
                0x2000121c                prismatic_acceleration
 .bss.prismatic_acceleration_lowpass
                0x20001220        0x4 ./Core/Src/main.o
                0x20001220                prismatic_acceleration_lowpass
 .bss.prismatic_acceleration_lowpass_prev
                0x20001224        0x4 ./Core/Src/main.o
                0x20001224                prismatic_acceleration_lowpass_prev
 .bss.ball_screw_pos
                0x20001228        0x8 ./Core/Src/main.o
                0x20001228                ball_screw_pos
 .bss.ball_screw_vel
                0x20001230        0x8 ./Core/Src/main.o
                0x20001230                ball_screw_vel
 .bss.target_position_revolute
                0x20001238        0x4 ./Core/Src/main.o
                0x20001238                target_position_revolute
 .bss.revolute_encoder
                0x2000123c       0x30 ./Core/Src/main.o
                0x2000123c                revolute_encoder
 .bss.revolute_flag
                0x2000126c        0x1 ./Core/Src/main.o
                0x2000126c                revolute_flag
 *fill*         0x2000126d        0x3 
 .bss.revolute_vel_control
                0x20001270       0x20 ./Core/Src/main.o
                0x20001270                revolute_vel_control
 .bss.limit_r   0x20001290        0x1 ./Core/Src/main.o
                0x20001290                limit_r
 .bss.limit_l   0x20001291        0x1 ./Core/Src/main.o
                0x20001291                limit_l
 .bss.limit_l_prev
                0x20001292        0x1 ./Core/Src/main.o
                0x20001292                limit_l_prev
 .bss.limit_plot
                0x20001293        0x1 ./Core/Src/main.o
                0x20001293                limit_plot
 .bss.Ki_pos_re
                0x20001294        0x4 ./Core/Src/main.o
                0x20001294                Ki_pos_re
 .bss.output_pos_re
                0x20001298        0x4 ./Core/Src/main.o
                0x20001298                output_pos_re
 .bss.error_pos_re
                0x2000129c        0x4 ./Core/Src/main.o
                0x2000129c                error_pos_re
 .bss.Kd_velo_re
                0x200012a0        0x4 ./Core/Src/main.o
                0x200012a0                Kd_velo_re
 .bss.output_velo_re
                0x200012a4        0x4 ./Core/Src/main.o
                0x200012a4                output_velo_re
 .bss.error_velo_re
                0x200012a8        0x4 ./Core/Src/main.o
                0x200012a8                error_velo_re
 .bss.revolute_radps_lowpass_prev
                0x200012ac        0x4 ./Core/Src/main.o
                0x200012ac                revolute_radps_lowpass_prev
 .bss.revolute_radps_lowpass
                0x200012b0        0x4 ./Core/Src/main.o
                0x200012b0                revolute_radps_lowpass
 .bss.revolute_acceleration
                0x200012b4        0x4 ./Core/Src/main.o
                0x200012b4                revolute_acceleration
 .bss.revolute_acceleration_lowpass_prev
                0x200012b8        0x4 ./Core/Src/main.o
                0x200012b8                revolute_acceleration_lowpass_prev
 .bss.revolute_acceleration_lowpass
                0x200012bc        0x4 ./Core/Src/main.o
                0x200012bc                revolute_acceleration_lowpass
 .bss.heartbeat_counter
                0x200012c0        0x8 ./Core/Src/main.o
                0x200012c0                heartbeat_counter
 .bss.prev_revolute_vel
                0x200012c8        0x4 ./Core/Src/main.o
                0x200012c8                prev_revolute_vel
 .bss.JOY_RawRead
                0x200012cc       0x28 ./Core/Src/main.o
                0x200012cc                JOY_RawRead
 .bss.Joy_x     0x200012f4        0x2 ./Core/Src/main.o
                0x200012f4                Joy_x
 .bss.Joy_y     0x200012f6        0x2 ./Core/Src/main.o
                0x200012f6                Joy_y
 .bss.Joy_run   0x200012f8        0x1 ./Core/Src/main.o
                0x200012f8                Joy_run
 .bss.Joy_save  0x200012f9        0x1 ./Core/Src/main.o
                0x200012f9                Joy_save
 *fill*         0x200012fa        0x2 
 .bss.count     0x200012fc        0x4 ./Core/Src/main.o
                0x200012fc                count
 .bss.Prox_RawRead
                0x20001300       0x14 ./Core/Src/main.o
                0x20001300                Prox_RawRead
 .bss.revolute_homed
                0x20001314        0x1 ./Core/Src/main.o
                0x20001314                revolute_homed
 .bss.button_reset
                0x20001315        0x1 ./Core/Src/main.o
                0x20001315                button_reset
 .bss.button_reset_prev
                0x20001316        0x1 ./Core/Src/main.o
                0x20001316                button_reset_prev
 .bss.button_run
                0x20001317        0x1 ./Core/Src/main.o
                0x20001317                button_run
 .bss.button_emer
                0x20001318        0x1 ./Core/Src/main.o
                0x20001318                button_emer
 *fill*         0x20001319        0x3 
 .bss.theta     0x2000131c        0x4 ./Core/Src/main.o
                0x2000131c                theta
 .bss.pointMoveNeedsInit
                0x20001320        0x1 ./Core/Src/main.o
                0x20001320                pointMoveNeedsInit
 .bss.running_flang
                0x20001321        0x1 ./Core/Src/main.o
                0x20001321                running_flang
 .bss.pain_flang
                0x20001322        0x1 ./Core/Src/main.o
                0x20001322                pain_flang
 .bss.pointRunNeedsInit
                0x20001323        0x1 ./Core/Src/main.o
                0x20001323                pointRunNeedsInit
 .bss.pen_flag  0x20001324        0x1 ./Core/Src/main.o
                0x20001324                pen_flag
 *fill*         0x20001325        0x1 
 .bss.path_idx  0x20001326        0x2 ./Core/Src/main.o
 .bss.button_run_prev
                0x20001328        0x1 ./Core/Src/main.o
                0x20001328                button_run_prev
 *fill*         0x20001329        0x3 
 .bss.HAL_RCC_ADC12_CLK_ENABLED
                0x2000132c        0x4 ./Core/Src/stm32g4xx_hal_msp.o
 .bss.uwTick    0x20001330        0x4 ./Drivers/STM32G4xx_HAL_Driver/Src/stm32g4xx_hal.o
                0x20001330                uwTick
 .bss.__sf      0x20001334      0x138 C:/STM32CubeIDE_1.16.1/STM32CubeIDE/plugins/com.st.stm32cube.ide.mcu.externaltools.gnu-tools-for-stm32.13.3.rel1.win32_1.0.0.202411081344/tools/bin/../lib/gcc/arm-none-eabi/13.3.1/../../../../arm-none-eabi/lib/thumb/v7e-m+fp/hard\libc_nano.a(libc_a-findfp.o)
                0x20001334                __sf
 *(COMMON)
                0x2000146c                        . = ALIGN (0x4)
                0x2000146c                        _ebss = .
                0x2000146c                        __bss_end__ = _ebss

._user_heap_stack
                0x2000146c      0x604 load address 0x0800e480
                0x20001470                        . = ALIGN (0x8)
 *fill*         0x2000146c        0x4 
                [!provide]                        PROVIDE (end = .)
                0x20001470                        PROVIDE (_end = .)
                0x20001670                        . = (. + _Min_Heap_Size)
 *fill*         0x20001470      0x200 
                0x20001a70                        . = (. + _Min_Stack_Size)
 *fill*         0x20001670      0x400 
                0x20001a70                        . = ALIGN (0x8)

/DISCARD/
 libc.a(*)
 libm.a(*)
 libgcc.a(*)

.ARM.attributes
                0x00000000       0x30
 *(.ARM.attributes)
 .ARM.attributes
                0x00000000       0x22 C:/STM32CubeIDE_1.16.1/STM32CubeIDE/plugins/com.st.stm32cube.ide.mcu.externaltools.gnu-tools-for-stm32.13.3.rel1.win32_1.0.0.202411081344/tools/bin/../lib/gcc/arm-none-eabi/13.3.1/thumb/v7e-m+fp/hard/crti.o
 .ARM.attributes
                0x00000022       0x34 C:/STM32CubeIDE_1.16.1/STM32CubeIDE/plugins/com.st.stm32cube.ide.mcu.externaltools.gnu-tools-for-stm32.13.3.rel1.win32_1.0.0.202411081344/tools/bin/../lib/gcc/arm-none-eabi/13.3.1/thumb/v7e-m+fp/hard/crtbegin.o
 .ARM.attributes
                0x00000056       0x34 ./Core/Src/ModBusRTU.o
 .ARM.attributes
                0x0000008a       0x34 ./Core/Src/PID.o
 .ARM.attributes
                0x000000be       0x34 ./Core/Src/QEI.o
 .ARM.attributes
                0x000000f2       0x34 ./Core/Src/Trapezoidal.o
 .ARM.attributes
                0x00000126       0x34 ./Core/Src/main.o
 .ARM.attributes
                0x0000015a       0x34 ./Core/Src/moter.o
 .ARM.attributes
                0x0000018e       0x34 ./Core/Src/stm32g4xx_hal_msp.o
 .ARM.attributes
                0x000001c2       0x34 ./Core/Src/stm32g4xx_it.o
 .ARM.attributes
                0x000001f6       0x34 ./Core/Src/system_stm32g4xx.o
 .ARM.attributes
                0x0000022a       0x21 ./Core/Startup/startup_stm32g474retx.o
 .ARM.attributes
                0x0000024b       0x34 ./Drivers/STM32G4xx_HAL_Driver/Src/stm32g4xx_hal.o
 .ARM.attributes
                0x0000027f       0x34 ./Drivers/STM32G4xx_HAL_Driver/Src/stm32g4xx_hal_adc.o
 .ARM.attributes
                0x000002b3       0x34 ./Drivers/STM32G4xx_HAL_Driver/Src/stm32g4xx_hal_adc_ex.o
 .ARM.attributes
                0x000002e7       0x34 ./Drivers/STM32G4xx_HAL_Driver/Src/stm32g4xx_hal_cortex.o
 .ARM.attributes
                0x0000031b       0x34 ./Drivers/STM32G4xx_HAL_Driver/Src/stm32g4xx_hal_dma.o
 .ARM.attributes
                0x0000034f       0x34 ./Drivers/STM32G4xx_HAL_Driver/Src/stm32g4xx_hal_gpio.o
 .ARM.attributes
                0x00000383       0x34 ./Drivers/STM32G4xx_HAL_Driver/Src/stm32g4xx_hal_pwr_ex.o
 .ARM.attributes
                0x000003b7       0x34 ./Drivers/STM32G4xx_HAL_Driver/Src/stm32g4xx_hal_rcc.o
 .ARM.attributes
                0x000003eb       0x34 ./Drivers/STM32G4xx_HAL_Driver/Src/stm32g4xx_hal_rcc_ex.o
 .ARM.attributes
                0x0000041f       0x34 ./Drivers/STM32G4xx_HAL_Driver/Src/stm32g4xx_hal_tim.o
 .ARM.attributes
                0x00000453       0x34 ./Drivers/STM32G4xx_HAL_Driver/Src/stm32g4xx_hal_tim_ex.o
 .ARM.attributes
                0x00000487       0x34 ./Drivers/STM32G4xx_HAL_Driver/Src/stm32g4xx_hal_uart.o
 .ARM.attributes
                0x000004bb       0x34 ./Drivers/STM32G4xx_HAL_Driver/Src/stm32g4xx_hal_uart_ex.o
 .ARM.attributes
                0x000004ef       0x34 ./Middlewares/Third_Party/ARM_CMSIS/Source/ControllerFunctions/ControllerFunctions.o
 .ARM.attributes
                0x00000523       0x34 C:/STM32CubeIDE_1.16.1/STM32CubeIDE/plugins/com.st.stm32cube.ide.mcu.externaltools.gnu-tools-for-stm32.13.3.rel1.win32_1.0.0.202411081344/tools/bin/../lib/gcc/arm-none-eabi/13.3.1/../../../../arm-none-eabi/lib/thumb/v7e-m+fp/hard\libc_nano.a(libc_a-findfp.o)
 .ARM.attributes
                0x00000557       0x34 C:/STM32CubeIDE_1.16.1/STM32CubeIDE/plugins/com.st.stm32cube.ide.mcu.externaltools.gnu-tools-for-stm32.13.3.rel1.win32_1.0.0.202411081344/tools/bin/../lib/gcc/arm-none-eabi/13.3.1/../../../../arm-none-eabi/lib/thumb/v7e-m+fp/hard\libc_nano.a(libc_a-memset.o)
 .ARM.attributes
                0x0000058b       0x34 C:/STM32CubeIDE_1.16.1/STM32CubeIDE/plugins/com.st.stm32cube.ide.mcu.externaltools.gnu-tools-for-stm32.13.3.rel1.win32_1.0.0.202411081344/tools/bin/../lib/gcc/arm-none-eabi/13.3.1/../../../../arm-none-eabi/lib/thumb/v7e-m+fp/hard\libc_nano.a(libc_a-impure.o)
 .ARM.attributes
                0x000005bf       0x34 C:/STM32CubeIDE_1.16.1/STM32CubeIDE/plugins/com.st.stm32cube.ide.mcu.externaltools.gnu-tools-for-stm32.13.3.rel1.win32_1.0.0.202411081344/tools/bin/../lib/gcc/arm-none-eabi/13.3.1/../../../../arm-none-eabi/lib/thumb/v7e-m+fp/hard\libc_nano.a(libc_a-errno.o)
 .ARM.attributes
                0x000005f3       0x34 C:/STM32CubeIDE_1.16.1/STM32CubeIDE/plugins/com.st.stm32cube.ide.mcu.externaltools.gnu-tools-for-stm32.13.3.rel1.win32_1.0.0.202411081344/tools/bin/../lib/gcc/arm-none-eabi/13.3.1/../../../../arm-none-eabi/lib/thumb/v7e-m+fp/hard\libc_nano.a(libc_a-init.o)
 .ARM.attributes
                0x00000627       0x34 C:/STM32CubeIDE_1.16.1/STM32CubeIDE/plugins/com.st.stm32cube.ide.mcu.externaltools.gnu-tools-for-stm32.13.3.rel1.win32_1.0.0.202411081344/tools/bin/../lib/gcc/arm-none-eabi/13.3.1/../../../../arm-none-eabi/lib/thumb/v7e-m+fp/hard\libc_nano.a(libc_a-memcpy-stub.o)
 .ARM.attributes
                0x0000065b       0x34 C:/STM32CubeIDE_1.16.1/STM32CubeIDE/plugins/com.st.stm32cube.ide.mcu.externaltools.gnu-tools-for-stm32.13.3.rel1.win32_1.0.0.202411081344/tools/bin/../lib/gcc/arm-none-eabi/13.3.1/../../../../arm-none-eabi/lib/thumb/v7e-m+fp/hard\libm.a(libm_a-w_atan2.o)
 .ARM.attributes
                0x0000068f       0x34 C:/STM32CubeIDE_1.16.1/STM32CubeIDE/plugins/com.st.stm32cube.ide.mcu.externaltools.gnu-tools-for-stm32.13.3.rel1.win32_1.0.0.202411081344/tools/bin/../lib/gcc/arm-none-eabi/13.3.1/../../../../arm-none-eabi/lib/thumb/v7e-m+fp/hard\libm.a(libm_a-w_sqrt.o)
 .ARM.attributes
                0x000006c3       0x34 C:/STM32CubeIDE_1.16.1/STM32CubeIDE/plugins/com.st.stm32cube.ide.mcu.externaltools.gnu-tools-for-stm32.13.3.rel1.win32_1.0.0.202411081344/tools/bin/../lib/gcc/arm-none-eabi/13.3.1/../../../../arm-none-eabi/lib/thumb/v7e-m+fp/hard\libm.a(libm_a-wf_sqrt.o)
 .ARM.attributes
                0x000006f7       0x34 C:/STM32CubeIDE_1.16.1/STM32CubeIDE/plugins/com.st.stm32cube.ide.mcu.externaltools.gnu-tools-for-stm32.13.3.rel1.win32_1.0.0.202411081344/tools/bin/../lib/gcc/arm-none-eabi/13.3.1/../../../../arm-none-eabi/lib/thumb/v7e-m+fp/hard\libm.a(libm_a-e_sqrt.o)
 .ARM.attributes
                0x0000072b       0x34 C:/STM32CubeIDE_1.16.1/STM32CubeIDE/plugins/com.st.stm32cube.ide.mcu.externaltools.gnu-tools-for-stm32.13.3.rel1.win32_1.0.0.202411081344/tools/bin/../lib/gcc/arm-none-eabi/13.3.1/../../../../arm-none-eabi/lib/thumb/v7e-m+fp/hard\libm.a(libm_a-ef_sqrt.o)
 .ARM.attributes
                0x0000075f       0x34 C:/STM32CubeIDE_1.16.1/STM32CubeIDE/plugins/com.st.stm32cube.ide.mcu.externaltools.gnu-tools-for-stm32.13.3.rel1.win32_1.0.0.202411081344/tools/bin/../lib/gcc/arm-none-eabi/13.3.1/../../../../arm-none-eabi/lib/thumb/v7e-m+fp/hard\libm.a(libm_a-e_atan2.o)
 .ARM.attributes
                0x00000793       0x34 C:/STM32CubeIDE_1.16.1/STM32CubeIDE/plugins/com.st.stm32cube.ide.mcu.externaltools.gnu-tools-for-stm32.13.3.rel1.win32_1.0.0.202411081344/tools/bin/../lib/gcc/arm-none-eabi/13.3.1/../../../../arm-none-eabi/lib/thumb/v7e-m+fp/hard\libm.a(libm_a-s_atan.o)
 .ARM.attributes
                0x000007c7       0x34 C:/STM32CubeIDE_1.16.1/STM32CubeIDE/plugins/com.st.stm32cube.ide.mcu.externaltools.gnu-tools-for-stm32.13.3.rel1.win32_1.0.0.202411081344/tools/bin/../lib/gcc/arm-none-eabi/13.3.1/../../../../arm-none-eabi/lib/thumb/v7e-m+fp/hard\libm.a(libm_a-s_fabs.o)
 .ARM.attributes
                0x000007fb       0x22 C:/STM32CubeIDE_1.16.1/STM32CubeIDE/plugins/com.st.stm32cube.ide.mcu.externaltools.gnu-tools-for-stm32.13.3.rel1.win32_1.0.0.202411081344/tools/bin/../lib/gcc/arm-none-eabi/13.3.1/thumb/v7e-m+fp/hard\libgcc.a(_arm_addsubdf3.o)
 .ARM.attributes
                0x0000081d       0x22 C:/STM32CubeIDE_1.16.1/STM32CubeIDE/plugins/com.st.stm32cube.ide.mcu.externaltools.gnu-tools-for-stm32.13.3.rel1.win32_1.0.0.202411081344/tools/bin/../lib/gcc/arm-none-eabi/13.3.1/thumb/v7e-m+fp/hard\libgcc.a(_arm_muldivdf3.o)
 .ARM.attributes