Archive member included to satisfy reference by file (symbol)

C:/STM32CubeIDE_1.16.1/STM32CubeIDE/plugins/com.st.stm32cube.ide.mcu.externaltools.gnu-tools-for-stm32.13.3.rel1.win32_1.0.0.202411081344/tools/bin/../lib/gcc/arm-none-eabi/13.3.1/../../../../arm-none-eabi/lib/thumb/v7e-m+fp/hard\libc_nano.a(libc_a-exit.o)
                              C:/STM32CubeIDE_1.16.1/STM32CubeIDE/plugins/com.st.stm32cube.ide.mcu.externaltools.gnu-tools-for-stm32.13.3.rel1.win32_1.0.0.202411081344/tools/bin/../lib/gcc/arm-none-eabi/13.3.1/../../../../arm-none-eabi/lib/thumb/v7e-m+fp/hard/crt0.o (exit)
C:/STM32CubeIDE_1.16.1/STM32CubeIDE/plugins/com.st.stm32cube.ide.mcu.externaltools.gnu-tools-for-stm32.13.3.rel1.win32_1.0.0.202411081344/tools/bin/../lib/gcc/arm-none-eabi/13.3.1/../../../../arm-none-eabi/lib/thumb/v7e-m+fp/hard\libc_nano.a(libc_a-findfp.o)
                              C:/STM32CubeIDE_1.16.1/STM32CubeIDE/plugins/com.st.stm32cube.ide.mcu.externaltools.gnu-tools-for-stm32.13.3.rel1.win32_1.0.0.202411081344/tools/bin/../lib/gcc/arm-none-eabi/13.3.1/../../../../arm-none-eabi/lib/thumb/v7e-m+fp/hard\libc_nano.a(libc_a-exit.o) (__stdio_exit_handler)
C:/STM32CubeIDE_1.16.1/STM32CubeIDE/plugins/com.st.stm32cube.ide.mcu.externaltools.gnu-tools-for-stm32.13.3.rel1.win32_1.0.0.202411081344/tools/bin/../lib/gcc/arm-none-eabi/13.3.1/../../../../arm-none-eabi/lib/thumb/v7e-m+fp/hard\libc_nano.a(libc_a-fwalk.o)
                              C:/STM32CubeIDE_1.16.1/STM32CubeIDE/plugins/com.st.stm32cube.ide.mcu.externaltools.gnu-tools-for-stm32.13.3.rel1.win32_1.0.0.202411081344/tools/bin/../lib/gcc/arm-none-eabi/13.3.1/../../../../arm-none-eabi/lib/thumb/v7e-m+fp/hard\libc_nano.a(libc_a-findfp.o) (_fwalk_sglue)
C:/STM32CubeIDE_1.16.1/STM32CubeIDE/plugins/com.st.stm32cube.ide.mcu.externaltools.gnu-tools-for-stm32.13.3.rel1.win32_1.0.0.202411081344/tools/bin/../lib/gcc/arm-none-eabi/13.3.1/../../../../arm-none-eabi/lib/thumb/v7e-m+fp/hard\libc_nano.a(libc_a-stdio.o)
                              C:/STM32CubeIDE_1.16.1/STM32CubeIDE/plugins/com.st.stm32cube.ide.mcu.externaltools.gnu-tools-for-stm32.13.3.rel1.win32_1.0.0.202411081344/tools/bin/../lib/gcc/arm-none-eabi/13.3.1/../../../../arm-none-eabi/lib/thumb/v7e-m+fp/hard\libc_nano.a(libc_a-findfp.o) (__sread)
C:/STM32CubeIDE_1.16.1/STM32CubeIDE/plugins/com.st.stm32cube.ide.mcu.externaltools.gnu-tools-for-stm32.13.3.rel1.win32_1.0.0.202411081344/tools/bin/../lib/gcc/arm-none-eabi/13.3.1/../../../../arm-none-eabi/lib/thumb/v7e-m+fp/hard\libc_nano.a(libc_a-memset.o)
                              C:/STM32CubeIDE_1.16.1/STM32CubeIDE/plugins/com.st.stm32cube.ide.mcu.externaltools.gnu-tools-for-stm32.13.3.rel1.win32_1.0.0.202411081344/tools/bin/../lib/gcc/arm-none-eabi/13.3.1/../../../../arm-none-eabi/lib/thumb/v7e-m+fp/hard/crt0.o (memset)
C:/STM32CubeIDE_1.16.1/STM32CubeIDE/plugins/com.st.stm32cube.ide.mcu.externaltools.gnu-tools-for-stm32.13.3.rel1.win32_1.0.0.202411081344/tools/bin/../lib/gcc/arm-none-eabi/13.3.1/../../../../arm-none-eabi/lib/thumb/v7e-m+fp/hard\libc_nano.a(libc_a-closer.o)
                              C:/STM32CubeIDE_1.16.1/STM32CubeIDE/plugins/com.st.stm32cube.ide.mcu.externaltools.gnu-tools-for-stm32.13.3.rel1.win32_1.0.0.202411081344/tools/bin/../lib/gcc/arm-none-eabi/13.3.1/../../../../arm-none-eabi/lib/thumb/v7e-m+fp/hard\libc_nano.a(libc_a-stdio.o) (_close_r)
C:/STM32CubeIDE_1.16.1/STM32CubeIDE/plugins/com.st.stm32cube.ide.mcu.externaltools.gnu-tools-for-stm32.13.3.rel1.win32_1.0.0.202411081344/tools/bin/../lib/gcc/arm-none-eabi/13.3.1/../../../../arm-none-eabi/lib/thumb/v7e-m+fp/hard\libc_nano.a(libc_a-reent.o)
                              C:/STM32CubeIDE_1.16.1/STM32CubeIDE/plugins/com.st.stm32cube.ide.mcu.externaltools.gnu-tools-for-stm32.13.3.rel1.win32_1.0.0.202411081344/tools/bin/../lib/gcc/arm-none-eabi/13.3.1/../../../../arm-none-eabi/lib/thumb/v7e-m+fp/hard\libc_nano.a(libc_a-closer.o) (errno)
C:/STM32CubeIDE_1.16.1/STM32CubeIDE/plugins/com.st.stm32cube.ide.mcu.externaltools.gnu-tools-for-stm32.13.3.rel1.win32_1.0.0.202411081344/tools/bin/../lib/gcc/arm-none-eabi/13.3.1/../../../../arm-none-eabi/lib/thumb/v7e-m+fp/hard\libc_nano.a(libc_a-impure.o)
                              C:/STM32CubeIDE_1.16.1/STM32CubeIDE/plugins/com.st.stm32cube.ide.mcu.externaltools.gnu-tools-for-stm32.13.3.rel1.win32_1.0.0.202411081344/tools/bin/../lib/gcc/arm-none-eabi/13.3.1/../../../../arm-none-eabi/lib/thumb/v7e-m+fp/hard\libc_nano.a(libc_a-reent.o) (_impure_ptr)
C:/STM32CubeIDE_1.16.1/STM32CubeIDE/plugins/com.st.stm32cube.ide.mcu.externaltools.gnu-tools-for-stm32.13.3.rel1.win32_1.0.0.202411081344/tools/bin/../lib/gcc/arm-none-eabi/13.3.1/../../../../arm-none-eabi/lib/thumb/v7e-m+fp/hard\libc_nano.a(libc_a-lseekr.o)
[...]
Memory Configuration

Name             Origin             Length             Attributes
RAM              0x20000000         0x00020000         xrw
FLASH            0x08000000         0x00080000         xr
*default*        0x00000000         0xffffffff

Linker script and memory map

LOAD C:/STM32CubeIDE_1.16.1/STM32CubeIDE/plugins/com.st.stm32cube.ide.mcu.externaltools.gnu-tools-for-stm32.13.3.rel1.win32_1.0.0.202411081344/tools/bin/../lib/gcc/arm-none-eabi/13.3.1/thumb/v7e-m+fp/hard/crti.o
LOAD C:/STM32CubeIDE_1.16.1/STM32CubeIDE/plugins/com.st.stm32cube.ide.mcu.externaltools.gnu-tools-for-stm32.13.3.rel1.win32_1.0.0.202411081344/tools/bin/../lib/gcc/arm-none-eabi/13.3.1/thumb/v7e-m+fp/hard/crtbegin.o
LOAD C:/STM32CubeIDE_1.16.1/STM32CubeIDE/plugins/com.st.stm32cube.ide.mcu.externaltools.gnu-tools-for-stm32.13.3.rel1.win32_1.0.0.202411081344/tools/bin/../lib/gcc/arm-none-eabi/13.3.1/../../../../arm-none-eabi/lib/thumb/v7e-m+fp/hard/crt0.o
LOAD ./Core/Src/Kalman.o
LOAD ./Core/Src/ModBusRTU.o
LOAD ./Core/Src/PID.o
LOAD ./Core/Src/QEI.o
LOAD ./Core/Src/Trapezoidal.o
LOAD ./Core/Src/main.o
LOAD ./Core/Src/moter.o
LOAD ./Core/Src/stm32g4xx_hal_msp.o
LOAD ./Core/Src/stm32g4xx_it.o
LOAD ./Core/Src/syscalls.o
LOAD ./Core/Src/sysmem.o
LOAD ./Core/Src/system_stm32g4xx.o
LOAD ./Core/Startup/startup_stm32g474retx.o
LOAD ./Drivers/STM32G4xx_HAL_Driver/Src/stm32g4xx_hal.o
LOAD ./Drivers/STM32G4xx_HAL_Driver/Src/stm32g4xx_hal_adc.o
LOAD ./Drivers/STM32G4xx_HAL_Driver/Src/stm32g4xx_hal_adc_ex.o
LOAD ./Drivers/STM32G4xx_HAL_Driver/Src/stm32g4xx_hal_cortex.o
LOAD ./Drivers/STM32G4xx_HAL_Driver/Src/stm32g4xx_hal_dma.o
LOAD ./Drivers/STM32G4xx_HAL_Driver/Src/stm32g4xx_hal_dma_ex.o
LOAD ./Drivers/STM32G4xx_HAL_Driver/Src/stm32g4xx_hal_exti.o
LOAD ./Drivers/STM32G4xx_HAL_Driver/Src/stm32g4xx_hal_flash.o
LOAD ./Drivers/STM32G4xx_HAL_Driver/Src/stm32g4xx_hal_flash_ex.o
LOAD ./Drivers/STM32G4xx_HAL_Driver/Src/stm32g4xx_hal_flash_ramfunc.o
LOAD ./Drivers/STM32G4xx_HAL_Driver/Src/stm32g4xx_hal_gpio.o
LOAD ./Drivers/STM32G4xx_HAL_Driver/Src/stm32g4xx_hal_pwr.o
LOAD ./Drivers/STM32G4xx_HAL_Driver/Src/stm32g4xx_hal_pwr_ex.o
LOAD ./Drivers/STM32G4xx_HAL_Driver/Src/stm32g4xx_hal_rcc.o
LOAD ./Drivers/STM32G4xx_HAL_Driver/Src/stm32g4xx_hal_rcc_ex.o
LOAD ./Drivers/STM32G4xx_HAL_Driver/Src/stm32g4xx_hal_tim.o
LOAD ./Drivers/STM32G4xx_HAL_Driver/Src/stm32g4xx_hal_tim_ex.o
LOAD ./Drivers/STM32G4xx_HAL_Driver/Src/stm32g4xx_hal_uart.o
LOAD ./Drivers/STM32G4xx_HAL_Driver/Src/stm32g4xx_hal_uart_ex.o
LOAD ./Drivers/STM32G4xx_HAL_Driver/Src/stm32g4xx_ll_adc.o
LOAD ./Middlewares/Third_Party/ARM_CMSIS/Source/BasicMathFunctions/BasicMathFunctions.o
LOAD ./Middlewares/Third_Party/ARM_CMSIS/Source/BasicMathFunctions/BasicMathFunctionsF16.o
LOAD ./Middlewares/Third_Party/ARM_CMSIS/Source/BayesFunctions/BayesFunctions.o
LOAD ./Middlewares/Third_Party/ARM_CMSIS/Source/BayesFunctions/BayesFunctionsF16.o
LOAD ./Middlewares/Third_Party/ARM_CMSIS/Source/CommonTables/CommonTables.o
LOAD ./Middlewares/Third_Party/ARM_CMSIS/Source/CommonTables/CommonTablesF16.o
LOAD ./Middlewares/Third_Party/ARM_CMSIS/Source/ComplexMathFunctions/ComplexMathFunctions.o
LOAD ./Middlewares/Third_Party/ARM_CMSIS/Source/ComplexMathFunctions/ComplexMathFunctionsF16.o
LOAD ./Middlewares/Third_Party/ARM_CMSIS/Source/ControllerFunctions/ControllerFunctions.o
LOAD ./Middlewares/Third_Party/ARM_CMSIS/Source/DistanceFunctions/DistanceFunctions.o
LOAD ./Middlewares/Third_Party/ARM_CMSIS/Source/DistanceFunctions/DistanceFunctionsF16.o
LOAD ./Middlewares/Third_Party/ARM_CMSIS/Source/FastMathFunctions/FastMathFunctions.o
LOAD ./Middlewares/Third_Party/ARM_CMSIS/Source/FastMathFunctions/FastMathFunctionsF16.o
LOAD ./Middlewares/Third_Party/ARM_CMSIS/Source/FilteringFunctions/FilteringFunctions.o
LOAD ./Middlewares/Third_Party/ARM_CMSIS/Source/FilteringFunctions/FilteringFunctionsF16.o
LOAD ./Middlewares/Third_Party/ARM_CMSIS/Source/InterpolationFunctions/InterpolationFunctions.o
LOAD ./Middlewares/Third_Party/ARM_CMSIS/Source/InterpolationFunctions/InterpolationFunctionsF16.o
LOAD ./Middlewares/Third_Party/ARM_CMSIS/Source/MatrixFunctions/MatrixFunctions.o
LOAD ./Middlewares/Third_Party/ARM_CMSIS/Source/MatrixFunctions/MatrixFunctionsF16.o
LOAD ./Middlewares/Third_Party/ARM_CMSIS/Source/QuaternionMathFunctions/QuaternionMathFunctions.o
LOAD ./Middlewares/Third_Party/ARM_CMSIS/Source/SVMFunctions/SVMFunctions.o
LOAD ./Middlewares/Third_Party/ARM_CMSIS/Source/SVMFunctions/SVMFunctionsF16.o
LOAD ./Middlewares/Third_Party/ARM_CMSIS/Source/StatisticsFunctions/StatisticsFunctions.o
LOAD ./Middlewares/Third_Party/ARM_CMSIS/Source/StatisticsFunctions/StatisticsFunctionsF16.o
LOAD ./Middlewares/Third_Party/ARM_CMSIS/Source/SupportFunctions/SupportFunctions.o
LOAD ./Middlewares/Third_Party/ARM_CMSIS/Source/SupportFunctions/SupportFunctionsF16.o
LOAD ./Middlewares/Third_Party/ARM_CMSIS/Source/TransformFunctions/TransformFunctions.o
LOAD ./Middlewares/Third_Party/ARM_CMSIS/Source/TransformFunctions/TransformFunctionsF16.o
START GROUP
LOAD C:/STM32CubeIDE_1.16.1/STM32CubeIDE/plugins/com.st.stm32cube.ide.mcu.externaltools.gnu-tools-for-stm32.13.3.rel1.win32_1.0.0.202411081344/tools/bin/../lib/gcc/arm-none-eabi/13.3.1/../../../../arm-none-eabi/lib/thumb/v7e-m+fp/hard\libc_nano.a
LOAD C:/STM32CubeIDE_1.16.1/STM32CubeIDE/plugins/com.st.stm32cube.ide.mcu.externaltools.gnu-tools-for-stm32.13.3.rel1.win32_1.0.0.202411081344/tools/bin/../lib/gcc/arm-none-eabi/13.3.1/../../../../arm-none-eabi/lib/thumb/v7e-m+fp/hard\libm.a
END GROUP
START GROUP
LOAD C:/STM32CubeIDE_1.16.1/STM32CubeIDE/plugins/com.st.stm32cube.ide.mcu.externaltools.gnu-tools-for-stm32.13.3.rel1.win32_1.0.0.202411081344/tools/bin/../lib/gcc/arm-none-eabi/13.3.1/thumb/v7e-m+fp/hard\libgcc.a
LOAD C:/STM32CubeIDE_1.16.1/STM32CubeIDE/plugins/com.st.stm32cube.ide.mcu.externaltools.gnu-tools-for-stm32.13.3.rel1.win32_1.0.0.202411081344/tools/bin/../lib/gcc/arm-none-eabi/13.3.1/../../../../arm-none-eabi/lib/thumb/v7e-m+fp/hard\libc_nano.a
END GROUP
START GROUP
LOAD C:/STM32CubeIDE_1.16.1/STM32CubeIDE/plugins/com.st.stm32cube.ide.mcu.externaltools.gnu-tools-for-stm32.13.3.rel1.win32_1.0.0.202411081344/tools/bin/../lib/gcc/arm-none-eabi/13.3.1/thumb/v7e-m+fp/hard\libgcc.a
LOAD C:/STM32CubeIDE_1.16.1/STM32CubeIDE/plugins/com.st.stm32cube.ide.mcu.externaltools.gnu-tools-for-stm32.13.3.rel1.win32_1.0.0.202411081344/tools/bin/../lib/gcc/arm-none-eabi/13.3.1/../../../../arm-none-eabi/lib/thumb/v7e-m+fp/hard\libc_nano.a
LOAD C:/STM32CubeIDE_1.16.1/STM32CubeIDE/plugins/com.st.stm32cube.ide.mcu.externaltools.gnu-tools-for-stm32.13.3.rel1.win32_1.0.0.202411081344/tools/bin/../lib/gcc/arm-none-eabi/13.3.1/../../../../arm-none-eabi/lib/thumb/v7e-m+fp/hard\libnosys.a
END GROUP
START GROUP
LOAD C:/STM32CubeIDE_1.16.1/STM32CubeIDE/plugins/com.st.stm32cube.ide.mcu.externaltools.gnu-tools-for-stm32.13.3.rel1.win32_1.0.0.202411081344/tools/bin/../lib/gcc/arm-none-eabi/13.3.1/thumb/v7e-m+fp/hard\libgcc.a
LOAD C:/STM32CubeIDE_1.16.1/STM32CubeIDE/plugins/com.st.stm32cube.ide.mcu.externaltools.gnu-tools-for-stm32.13.3.rel1.win32_1.0.0.202411081344/tools/bin/../lib/gcc/arm-none-eabi/13.3.1/../../../../arm-none-eabi/lib/thumb/v7e-m+fp/hard\libc_nano.a
LOAD C:/STM32CubeIDE_1.16.1/STM32CubeIDE/plugins/com.st.stm32cube.ide.mcu.externaltools.gnu-tools-for-stm32.13.3.rel1.win32_1.0.0.202411081344/tools/bin/../lib/gcc/arm-none-eabi/13.3.1/../../../../arm-none-eabi/lib/thumb/v7e-m+fp/hard\libnosys.a
END GROUP
LOAD C:/STM32CubeIDE_1.16.1/STM32CubeIDE/plugins/com.st.stm32cube.ide.mcu.externaltools.gnu-tools-for-stm32.13.3.rel1.win32_1.0.0.202411081344/tools/bin/../lib/gcc/arm-none-eabi/13.3.1/thumb/v7e-m+fp/hard/crtend.o
LOAD C:/STM32CubeIDE_1.16.1/STM32CubeIDE/plugins/com.st.stm32cube.ide.mcu.externaltools.gnu-tools-for-stm32.13.3.rel1.win32_1.0.0.202411081344/tools/bin/../lib/gcc/arm-none-eabi/13.3.1/thumb/v7e-m+fp/hard/crtn.o
                0x20020000                        _estack = (ORIGIN (RAM) + LENGTH (RAM))
                0x00000200                        _Min_Heap_Size = 0x200
                0x00000400                        _Min_Stack_Size = 0x400

.isr_vector     0x08000000      0x1d8
                0x08000000                        . = ALIGN (0x4)
 *(.isr_vector)
 .isr_vector    0x08000000      0x1d8 ./Core/Startup/startup_stm32g474retx.o
                0x08000000                g_pfnVectors
                0x080001d8                        . = ALIGN (0x4)

.text           0x080001d8     0xbf8c
                0x080001d8                        . = ALIGN (0x4)
 *(.text)
 .text          0x080001d8       0x40 C:/STM32CubeIDE_1.16.1/STM32CubeIDE/plugins/com.st.stm32cube.ide.mcu.externaltools.gnu-tools-for-stm32.13.3.rel1.win32_1.0.0.202411081344/tools/bin/../lib/gcc/arm-none-eabi/13.3.1/thumb/v7e-m+fp/hard/crtbegin.o
 .text          0x08000218      0x378 C:/STM32CubeIDE_1.16.1/STM32CubeIDE/plugins/com.st.stm32cube.ide.mcu.externaltools.gnu-tools-for-stm32.13.3.rel1.win32_1.0.0.202411081344/tools/bin/../lib/gcc/arm-none-eabi/13.3.1/thumb/v7e-m+fp/hard\libgcc.a(_arm_addsubdf3.o)
                0x08000218                __aeabi_drsub
                0x08000220                __aeabi_dsub
                0x08000220                __subdf3
                0x08000224                __aeabi_dadd
                0x08000224                __adddf3
                0x0800049c                __floatunsidf
                0x0800049c                __aeabi_ui2d
                0x080004bc                __floatsidf
                0x080004bc                __aeabi_i2d
                0x080004e0                __aeabi_f2d
                0x080004e0                __extendsfdf2
                0x08000524                __floatundidf
                0x08000524                __aeabi_ul2d
                0x08000534                __floatdidf
                0x08000534                __aeabi_l2d
 .text          0x08000590      0x424 C:/STM32CubeIDE_1.16.1/STM32CubeIDE/plugins/com.st.stm32cube.ide.mcu.externaltools.gnu-tools-for-stm32.13.3.rel1.win32_1.0.0.202411081344/tools/bin/../lib/gcc/arm-none-eabi/13.3.1/thumb/v7e-m+fp/hard\libgcc.a(_arm_muldivdf3.o)
                0x08000590                __aeabi_dmul
                0x08000590                __muldf3
                0x080007e4                __divdf3
                0x080007e4                __aeabi_ddiv
 .text          0x080009b4      0x110 C:/STM32CubeIDE_1.16.1/STM32CubeIDE/plugins/com.st.stm32cube.ide.mcu.externaltools.gnu-tools-for-stm32.13.3.rel1.win32_1.0.0.202411081344/tools/bin/../lib/gcc/arm-none-eabi/13.3.1/thumb/v7e-m+fp/hard\libgcc.a(_arm_cmpdf2.o)
                0x080009b4                __gtdf2
                0x080009b4                __gedf2
                0x080009bc                __ltdf2
                0x080009bc                __ledf2
                0x080009c4                __nedf2
                0x080009c4                __eqdf2
                0x080009c4                __cmpdf2
                0x08000a40                __aeabi_cdrcmple
                0x08000a50                __aeabi_cdcmpeq
                0x08000a50                __aeabi_cdcmple
                0x08000a60                __aeabi_dcmpeq
                0x08000a74                __aeabi_dcmplt
                0x08000a88                __aeabi_dcmple
                0x08000a9c                __aeabi_dcmpge
                0x08000ab0                __aeabi_dcmpgt
 .text          0x08000ac4       0x50 C:/STM32CubeIDE_1.16.1/STM32CubeIDE/plugins/com.st.stm32cube.ide.mcu.externaltools.gnu-tools-for-stm32.13.3.rel1.win32_1.0.0.202411081344/tools/bin/../lib/gcc/arm-none-eabi/13.3.1/thumb/v7e-m+fp/hard\libgcc.a(_arm_fixdfsi.o)
                0x08000ac4                __aeabi_d2iz
                0x08000ac4                __fixdfsi
 .text          0x08000b14       0x40 C:/STM32CubeIDE_1.16.1/STM32CubeIDE/plugins/com.st.stm32cube.ide.mcu.externaltools.gnu-tools-for-stm32.13.3.rel1.win32_1.0.0.202411081344/tools/bin/../lib/gcc/arm-none-eabi/13.3.1/thumb/v7e-m+fp/hard\libgcc.a(_arm_fixunsdfsi.o)
                0x08000b14                __aeabi_d2uiz
                0x08000b14                __fixunsdfsi
 .text          0x08000b54       0xa0 C:/STM32CubeIDE_1.16.1/STM32CubeIDE/plugins/com.st.stm32cube.ide.mcu.externaltools.gnu-tools-for-stm32.13.3.rel1.win32_1.0.0.202411081344/tools/bin/../lib/gcc/arm-none-eabi/13.3.1/thumb/v7e-m+fp/hard\libgcc.a(_arm_truncdfsf2.o)
                0x08000b54                __truncdfsf2
                0x08000b54                __aeabi_d2f
 .text          0x08000bf4       0x30 C:/STM32CubeIDE_1.16.1/STM32CubeIDE/plugins/com.st.stm32cube.ide.mcu.externaltools.gnu-tools-for-stm32.13.3.rel1.win32_1.0.0.202411081344/tools/bin/../lib/gcc/arm-none-eabi/13.3.1/thumb/v7e-m+fp/hard\libgcc.a(_aeabi_uldivmod.o)
                0x08000bf4                __aeabi_uldivmod
 .text          0x08000c24      0x2f8 C:/STM32CubeIDE_1.16.1/STM32CubeIDE/plugins/com.st.stm32cube.ide.mcu.externaltools.gnu-tools-for-stm32.13.3.rel1.win32_1.0.0.202411081344/tools/bin/../lib/gcc/arm-none-eabi/13.3.1/thumb/v7e-m+fp/hard\libgcc.a(_udivmoddi4.o)
                0x08000c24                __udivmoddi4
 .text          0x08000f1c        0x4 C:/STM32CubeIDE_1.16.1/STM32CubeIDE/plugins/com.st.stm32cube.ide.mcu.externaltools.gnu-tools-for-stm32.13.3.rel1.win32_1.0.0.202411081344/tools/bin/../lib/gcc/arm-none-eabi/13.3.1/thumb/v7e-m+fp/hard\libgcc.a(_dvmd_tls.o)
                0x08000f1c                __aeabi_idiv0
                0x08000f1c                __aeabi_ldiv0
 *(.text*)
 .text.modbus_1t5_Timeout
                0x08000f20       0x40 ./Core/Src/ModBusRTU.o
                0x08000f20                modbus_1t5_Timeout
 .text.modbus_3t5_Timeout
                0x08000f60       0x20 ./Core/Src/ModBusRTU.o
                0x08000f60                modbus_3t5_Timeout
 .text.modbus_ErrorTimeout
                0x08000f80       0x20 ./Core/Src/ModBusRTU.o
                0x08000f80                modbus_ErrorTimeout
 .text.Modbus_init
                0x08000fa0       0xac ./Core/Src/ModBusRTU.o
                0x08000fa0                Modbus_init
 .text.CRC16    0x0800104c       0x70 ./Core/Src/ModBusRTU.o
                0x0800104c                CRC16
 .text.Modbus_Protocal_Worker
                0x080010bc      0x204 ./Core/Src/ModBusRTU.o
                0x080010bc                Modbus_Protocal_Worker
 .text.modbusWrite1Register
                0x080012c0       0x80 ./Core/Src/ModBusRTU.o
                0x080012c0                modbusWrite1Register
 .text.modbusRead1Register
                0x08001340       0xec ./Core/Src/ModBusRTU.o
                0x08001340                modbusRead1Register
 .text.ModbusErrorReply
                0x0800142c       0x44 ./Core/Src/ModBusRTU.o
                0x0800142c                ModbusErrorReply
 .text.Modbus_frame_response
                0x08001470       0x30 ./Core/Src/ModBusRTU.o
                0x08001470                Modbus_frame_response
 .text.Modbus_Emission
                0x080014a0       0xec ./Core/Src/ModBusRTU.o
                0x080014a0                Modbus_Emission
 .text.PIDInit  0x0800158c       0x28 ./Core/Src/PID.o
                0x0800158c                PIDInit
 .text.PIDCompute
                0x080015b4      0x184 ./Core/Src/PID.o
                0x080015b4                PIDCompute
 .text.QEIInit  0x08001738       0x64 ./Core/Src/QEI.o
                0x08001738                QEIInit
 *fill*         0x0800179c        0x4 
 .text.QEIPosVelUpdate
                0x080017a0      0x140 ./Core/Src/QEI.o
                0x080017a0                QEIPosVelUpdate
 .text.QEI_Reset
                0x080018e0       0x5c ./Core/Src/QEI.o
                0x080018e0                QEI_Reset
 .text.Trapezoidal_Init
                0x0800193c       0xec ./Core/Src/Trapezoidal.o
                0x0800193c                Trapezoidal_Init
 .text.Trapezoidal_Update
                0x08001a28      0x1dc ./Core/Src/Trapezoidal.o
                0x08001a28                Trapezoidal_Update
 .text.main     0x08001c04      0x1b0 ./Core/Src/main.o
                0x08001c04                main
 .text.SystemClock_Config
                0x08001db4       0x96 ./Core/Src/main.o
                0x08001db4                SystemClock_Config
 *fill*         0x08001e4a        0x2 
 .text.MX_ADC1_Init
                0x08001e4c      0x110 ./Core/Src/main.o
 .text.MX_ADC2_Init
                0x08001f5c       0xcc ./Core/Src/main.o
 .text.MX_TIM1_Init
                0x08002028      0x190 ./Core/Src/main.o
 .text.MX_TIM2_Init
                0x080021b8       0x9c ./Core/Src/main.o
 .text.MX_TIM3_Init
                0x08002254       0xac ./Core/Src/main.o
 .text.MX_TIM4_Init
                0x08002300       0xac ./Core/Src/main.o
 .text.MX_TIM5_Init
                0x080023ac       0x9c ./Core/Src/main.o
 .text.MX_TIM16_Init
                0x08002448       0x60 ./Core/Src/main.o
 .text.MX_USART2_UART_Init
                0x080024a8       0x9c ./Core/Src/main.o
 .text.MX_DMA_Init
                0x08002544       0x84 ./Core/Src/main.o
 .text.MX_GPIO_Init
                0x080025c8      0x1b8 ./Core/Src/main.o
 .text.Prismatic_CasCadeControl
                0x08002780      0x240 ./Core/Src/main.o
                0x08002780                Prismatic_CasCadeControl
 .text.Revolute_CasCadeControl
                0x080029c0      0x1c4 ./Core/Src/main.o
                0x080029c0                Revolute_CasCadeControl
 *fill*         0x08002b84        0x4 
 .text.ball_screw_converter
                0x08002b88       0x60 ./Core/Src/main.o
                0x08002b88                ball_screw_converter
 .text.HAL_GPIO_EXTI_Callback
                0x08002be8       0x34 ./Core/Src/main.o
                0x08002be8                HAL_GPIO_EXTI_Callback
 .text.map      0x08002c1c       0x38 ./Core/Src/main.o
                0x08002c1c                map
 .text.mapf     0x08002c54       0x5c ./Core/Src/main.o
                0x08002c54                mapf
 .text.HAL_TIM_PeriodElapsedCallback
                0x08002cb0      0xd74 ./Core/Src/main.o
                0x08002cb0                HAL_TIM_PeriodElapsedCallback
 .text.Error_Handler
                0x08003a24        0xc ./Core/Src/main.o
                0x08003a24                Error_Handler
 .text.MotorInit
                0x08003a30       0x50 ./Core/Src/moter.o
                0x08003a30                MotorInit
 .text.MotorSet
                0x08003a80      0x250 ./Core/Src/moter.o
                0x08003a80                MotorSet
 .text.HAL_MspInit
                0x08003cd0       0x48 ./Core/Src/stm32g4xx_hal_msp.o
                0x08003cd0                HAL_MspInit
 .text.HAL_ADC_MspInit
                0x08003d18      0x224 ./Core/Src/stm32g4xx_hal_msp.o
                0x08003d18                HAL_ADC_MspInit
 .text.HAL_TIM_Base_MspInit
                0x08003f3c       0xf0 ./Core/Src/stm32g4xx_hal_msp.o
                0x08003f3c                HAL_TIM_Base_MspInit
 .text.HAL_TIM_Encoder_MspInit
                0x0800402c      0x108 ./Core/Src/stm32g4xx_hal_msp.o
                0x0800402c                HAL_TIM_Encoder_MspInit
 .text.HAL_TIM_MspPostInit
                0x08004134       0x70 ./Core/Src/stm32g4xx_hal_msp.o
                0x08004134                HAL_TIM_MspPostInit
 .text.HAL_UART_MspInit
                0x080041a4      0x178 ./Core/Src/stm32g4xx_hal_msp.o
                0x080041a4                HAL_UART_MspInit
 .text.NMI_Handler
                0x0800431c        0x8 ./Core/Src/stm32g4xx_it.o
                0x0800431c                NMI_Handler
 .text.HardFault_Handler
                0x08004324        0x8 ./Core/Src/stm32g4xx_it.o
                0x08004324                HardFault_Handler
 .text.MemManage_Handler
                0x0800432c        0x8 ./Core/Src/stm32g4xx_it.o
                0x0800432c                MemManage_Handler
 .text.BusFault_Handler
                0x08004334        0x8 ./Core/Src/stm32g4xx_it.o
                0x08004334                BusFault_Handler
 .text.UsageFault_Handler
                0x0800433c        0x8 ./Core/Src/stm32g4xx_it.o
                0x0800433c                UsageFault_Handler
 .text.SVC_Handler
                0x08004344        0xe ./Core/Src/stm32g4xx_it.o
                0x08004344                SVC_Handler
 .text.DebugMon_Handler
                0x08004352        0xe ./Core/Src/stm32g4xx_it.o
                0x08004352                DebugMon_Handler
 .text.PendSV_Handler
                0x08004360        0xe ./Core/Src/stm32g4xx_it.o
                0x08004360                PendSV_Handler
 .text.SysTick_Handler
                0x0800436e        0xc ./Core/Src/stm32g4xx_it.o
                0x0800436e                SysTick_Handler
 .text.EXTI3_IRQHandler
                0x0800437a        0xe ./Core/Src/stm32g4xx_it.o
                0x0800437a                EXTI3_IRQHandler
 .text.DMA1_Channel1_IRQHandler
                0x08004388       0x14 ./Core/Src/stm32g4xx_it.o
                0x08004388                DMA1_Channel1_IRQHandler
 .text.DMA1_Channel2_IRQHandler
                0x0800439c       0x14 ./Core/Src/stm32g4xx_it.o
                0x0800439c                DMA1_Channel2_IRQHandler
 .text.DMA1_Channel3_IRQHandler
                0x080043b0       0x14 ./Core/Src/stm32g4xx_it.o
                0x080043b0                DMA1_Channel3_IRQHandler
 .text.DMA1_Channel4_IRQHandler
                0x080043c4       0x14 ./Core/Src/stm32g4xx_it.o
                0x080043c4                DMA1_Channel4_IRQHandler
 .text.ADC1_2_IRQHandler
                0x080043d8       0x1c ./Core/Src/stm32g4xx_it.o
                0x080043d8                ADC1_2_IRQHandler
 .text.TIM1_UP_TIM16_IRQHandler
                0x080043f4       0x1c ./Core/Src/stm32g4xx_it.o
                0x080043f4                TIM1_UP_TIM16_IRQHandler
 .text.TIM2_IRQHandler
                0x08004410       0x14 ./Core/Src/stm32g4xx_it.o
                0x08004410                TIM2_IRQHandler
 .text.TIM3_IRQHandler
                0x08004424       0x14 ./Core/Src/stm32g4xx_it.o
                0x08004424                TIM3_IRQHandler
 .text.TIM4_IRQHandler
                0x08004438       0x14 ./Core/Src/stm32g4xx_it.o
                0x08004438                TIM4_IRQHandler
 .text.USART2_IRQHandler
                0x0800444c       0x14 ./Core/Src/stm32g4xx_it.o
                0x0800444c                USART2_IRQHandler
 .text.EXTI15_10_IRQHandler
                0x08004460       0x10 ./Core/Src/stm32g4xx_it.o
                0x08004460                EXTI15_10_IRQHandler
 .text.TIM5_IRQHandler
                0x08004470       0x14 ./Core/Src/stm32g4xx_it.o
                0x08004470                TIM5_IRQHandler
 .text.SystemInit
                0x08004484       0x24 ./Core/Src/system_stm32g4xx.o
                0x08004484                SystemInit
 .text.Reset_Handler
                0x080044a8       0x50 ./Core/Startup/startup_stm32g474retx.o
                0x080044a8                Reset_Handler
 .text.Default_Handler
                0x080044f8        0x2 ./Core/Startup/startup_stm32g474retx.o
                0x080044f8                RTC_Alarm_IRQHandler
                0x080044f8                EXTI2_IRQHandler
                0x080044f8                TIM8_TRG_COM_IRQHandler
                0x080044f8                TIM8_CC_IRQHandler
                0x080044f8                HRTIM1_Master_IRQHandler
                0x080044f8                SPI4_IRQHandler
                0x080044f8                FDCAN3_IT0_IRQHandler
                0x080044f8                TIM1_CC_IRQHandler
                0x080044f8                HRTIM1_FLT_IRQHandler
                0x080044f8                HRTIM1_TIMF_IRQHandler
                0x080044f8                USB_HP_IRQHandler
                0x080044f8                CORDIC_IRQHandler
                0x080044f8                HRTIM1_TIMD_IRQHandler
                0x080044f8                DMA2_Channel8_IRQHandler
                0x080044f8                I2C3_ER_IRQHandler
                0x080044f8                EXTI0_IRQHandler
                0x080044f8                I2C2_EV_IRQHandler
                0x080044f8                FPU_IRQHandler
                0x080044f8                FDCAN1_IT1_IRQHandler
                0x080044f8                HRTIM1_TIME_IRQHandler
                0x080044f8                SPI1_IRQHandler
                0x080044f8                TIM6_DAC_IRQHandler
                0x080044f8                HRTIM1_TIMC_IRQHandler
                0x080044f8                TIM8_UP_IRQHandler
                0x080044f8                DMA2_Channel2_IRQHandler
                0x080044f8                TIM20_TRG_COM_IRQHandler
                0x080044f8                USART3_IRQHandler
                0x080044f8                DMA1_Channel7_IRQHandler
                0x080044f8                UART5_IRQHandler
                0x080044f8                ADC3_IRQHandler
                0x080044f8                DMA2_Channel1_IRQHandler
                0x080044f8                QUADSPI_IRQHandler
                0x080044f8                I2C1_EV_IRQHandler
                0x080044f8                DMA1_Channel6_IRQHandler
                0x080044f8                UART4_IRQHandler
                0x080044f8                DMA2_Channel4_IRQHandler
                0x080044f8                RCC_IRQHandler
                0x080044f8                TIM20_UP_IRQHandler
                0x080044f8                Default_Handler
                0x080044f8                DMA2_Channel7_IRQHandler
                0x080044f8                RTC_TAMP_LSECSS_IRQHandler
                0x080044f8                FMAC_IRQHandler
                0x080044f8                DMA1_Channel8_IRQHandler
                0x080044f8                HRTIM1_TIMA_IRQHandler
                0x080044f8                TIM7_DAC_IRQHandler
                0x080044f8                FDCAN3_IT1_IRQHandler
                0x080044f8                UCPD1_IRQHandler
                0x080044f8                I2C3_EV_IRQHandler
                0x080044f8                EXTI9_5_IRQHandler
                0x080044f8                RTC_WKUP_IRQHandler
                0x080044f8                PVD_PVM_IRQHandler
                0x080044f8                SPI2_IRQHandler
                0x080044f8                ADC5_IRQHandler
                0x080044f8                DMA2_Channel5_IRQHandler
                0x080044f8                CRS_IRQHandler
                0x080044f8                DMA1_Channel5_IRQHandler
                0x080044f8                USB_LP_IRQHandler
                0x080044f8                EXTI4_IRQHandler
                0x080044f8                RNG_IRQHandler
                0x080044f8                HRTIM1_TIMB_IRQHandler
                0x080044f8                TIM1_TRG_COM_TIM17_IRQHandler
                0x080044f8                FDCAN2_IT1_IRQHandler
                0x080044f8                ADC4_IRQHandler
                0x080044f8                WWDG_IRQHandler
                0x080044f8                I2C4_EV_IRQHandler
                0x080044f8                FDCAN2_IT0_IRQHandler
                0x080044f8                LPUART1_IRQHandler
                0x080044f8                DMA2_Channel6_IRQHandler
                0x080044f8                FDCAN1_IT0_IRQHandler
                0x080044f8                COMP7_IRQHandler
                0x080044f8                COMP1_2_3_IRQHandler
                0x080044f8                EXTI1_IRQHandler
                0x080044f8                COMP4_5_6_IRQHandler
                0x080044f8                TIM20_BRK_IRQHandler
                0x080044f8                I2C2_ER_IRQHandler
                0x080044f8                TIM8_BRK_IRQHandler
                0x080044f8                FLASH_IRQHandler
                0x080044f8                TIM20_CC_IRQHandler
                0x080044f8                USART1_IRQHandler
                0x080044f8                SPI3_IRQHandler
                0x080044f8                I2C1_ER_IRQHandler
                0x080044f8                FMC_IRQHandler
                0x080044f8                LPTIM1_IRQHandler
                0x080044f8                DMAMUX_OVR_IRQHandler
                0x080044f8                I2C4_ER_IRQHandler
                0x080044f8                USBWakeUp_IRQHandler
                0x080044f8                SAI1_IRQHandler
                0x080044f8                DMA2_Channel3_IRQHandler
                0x080044f8                TIM1_BRK_TIM15_IRQHandler
 .text.HAL_Init
                0x080044fa       0x30 ./Drivers/STM32G4xx_HAL_Driver/Src/stm32g4xx_hal.o
                0x080044fa                HAL_Init
 *fill*         0x0800452a        0x2 
 .text.HAL_InitTick
                0x0800452c       0x74 ./Drivers/STM32G4xx_HAL_Driver/Src/stm32g4xx_hal.o
                0x0800452c                HAL_InitTick
 .text.HAL_IncTick
                0x080045a0       0x24 ./Drivers/STM32G4xx_HAL_Driver/Src/stm32g4xx_hal.o
                0x080045a0                HAL_IncTick
 .text.HAL_GetTick
                0x080045c4       0x18 ./Drivers/STM32G4xx_HAL_Driver/Src/stm32g4xx_hal.o
                0x080045c4                HAL_GetTick
 .text.LL_ADC_SetCommonClock
                0x080045dc       0x26 ./Drivers/STM32G4xx_HAL_Driver/Src/stm32g4xx_hal_adc.o
 .text.LL_ADC_SetCommonPathInternalCh
                0x08004602       0x26 ./Drivers/STM32G4xx_HAL_Driver/Src/stm32g4xx_hal_adc.o
 .text.LL_ADC_GetCommonPathInternalCh
                0x08004628       0x1c ./Drivers/STM32G4xx_HAL_Driver/Src/stm32g4xx_hal_adc.o
 .text.LL_ADC_SetOffset
                0x08004644       0x48 ./Drivers/STM32G4xx_HAL_Driver/Src/stm32g4xx_hal_adc.o
 .text.LL_ADC_GetOffsetChannel
                0x0800468c       0x2c ./Drivers/STM32G4xx_HAL_Driver/Src/stm32g4xx_hal_adc.o
 .text.LL_ADC_SetOffsetState
                0x080046b8       0x36 ./Drivers/STM32G4xx_HAL_Driver/Src/stm32g4xx_hal_adc.o
 .text.LL_ADC_SetOffsetSign
                0x080046ee       0x36 ./Drivers/STM32G4xx_HAL_Driver/Src/stm32g4xx_hal_adc.o
 .text.LL_ADC_SetOffsetSaturation
                0x08004724       0x36 ./Drivers/STM32G4xx_HAL_Driver/Src/stm32g4xx_hal_adc.o
 .text.LL_ADC_SetSamplingTimeCommonConfig
                0x0800475a       0x26 ./Drivers/STM32G4xx_HAL_Driver/Src/stm32g4xx_hal_adc.o
 .text.LL_ADC_REG_IsTriggerSourceSWStart
                0x08004780       0x26 ./Drivers/STM32G4xx_HAL_Driver/Src/stm32g4xx_hal_adc.o
 .text.LL_ADC_REG_SetSequencerRanks
                0x080047a6       0x58 ./Drivers/STM32G4xx_HAL_Driver/Src/stm32g4xx_hal_adc.o
 .text.LL_ADC_INJ_IsTriggerSourceSWStart
                0x080047fe       0x26 ./Drivers/STM32G4xx_HAL_Driver/Src/stm32g4xx_hal_adc.o
 .text.LL_ADC_SetChannelSamplingTime
                0x08004824       0x56 ./Drivers/STM32G4xx_HAL_Driver/Src/stm32g4xx_hal_adc.o
 *fill*         0x0800487a        0x2 
 .text.LL_ADC_SetChannelSingleDiff
                0x0800487c       0x48 ./Drivers/STM32G4xx_HAL_Driver/Src/stm32g4xx_hal_adc.o
 .text.LL_ADC_GetMultimode
                0x080048c4       0x1c ./Drivers/STM32G4xx_HAL_Driver/Src/stm32g4xx_hal_adc.o
 .text.LL_ADC_GetMultiDMATransfer
                0x080048e0       0x1c ./Drivers/STM32G4xx_HAL_Driver/Src/stm32g4xx_hal_adc.o
 .text.LL_ADC_DisableDeepPowerDown
                0x080048fc       0x24 ./Drivers/STM32G4xx_HAL_Driver/Src/stm32g4xx_hal_adc.o
 .text.LL_ADC_IsDeepPowerDownEnabled
                0x08004920       0x28 ./Drivers/STM32G4xx_HAL_Driver/Src/stm32g4xx_hal_adc.o
 .text.LL_ADC_EnableInternalRegulator
                0x08004948       0x28 ./Drivers/STM32G4xx_HAL_Driver/Src/stm32g4xx_hal_adc.o
 .text.LL_ADC_IsInternalRegulatorEnabled
                0x08004970       0x28 ./Drivers/STM32G4xx_HAL_Driver/Src/stm32g4xx_hal_adc.o
 .text.LL_ADC_Enable
                0x08004998       0x28 ./Drivers/STM32G4xx_HAL_Driver/Src/stm32g4xx_hal_adc.o
 .text.LL_ADC_IsEnabled
                0x080049c0       0x26 ./Drivers/STM32G4xx_HAL_Driver/Src/stm32g4xx_hal_adc.o
 .text.LL_ADC_REG_StartConversion
                0x080049e6       0x28 ./Drivers/STM32G4xx_HAL_Driver/Src/stm32g4xx_hal_adc.o
 .text.LL_ADC_REG_IsConversionOngoing
                0x08004a0e       0x26 ./Drivers/STM32G4xx_HAL_Driver/Src/stm32g4xx_hal_adc.o
 .text.LL_ADC_INJ_IsConversionOngoing
                0x08004a34       0x26 ./Drivers/STM32G4xx_HAL_Driver/Src/stm32g4xx_hal_adc.o
 *fill*         0x08004a5a        0x2 
 .text.HAL_ADC_Init
                0x08004a5c      0x378 ./Drivers/STM32G4xx_HAL_Driver/Src/stm32g4xx_hal_adc.o
                0x08004a5c                HAL_ADC_Init
 .text.HAL_ADC_Start_DMA
                0x08004dd4      0x1a8 ./Drivers/STM32G4xx_HAL_Driver/Src/stm32g4xx_hal_adc.o
                0x08004dd4                HAL_ADC_Start_DMA
 .text.HAL_ADC_IRQHandler
                0x08004f7c      0x4c0 ./Drivers/STM32G4xx_HAL_Driver/Src/stm32g4xx_hal_adc.o
                0x08004f7c                HAL_ADC_IRQHandler
 .text.HAL_ADC_ConvCpltCallback
                0x0800543c       0x14 ./Drivers/STM32G4xx_HAL_Driver/Src/stm32g4xx_hal_adc.o
                0x0800543c                HAL_ADC_ConvCpltCallback
 .text.HAL_ADC_ConvHalfCpltCallback
                0x08005450       0x14 ./Drivers/STM32G4xx_HAL_Driver/Src/stm32g4xx_hal_adc.o
                0x08005450                HAL_ADC_ConvHalfCpltCallback
 .text.HAL_ADC_LevelOutOfWindowCallback
                0x08005464       0x14 ./Drivers/STM32G4xx_HAL_Driver/Src/stm32g4xx_hal_adc.o
                0x08005464                HAL_ADC_LevelOutOfWindowCallback
 .text.HAL_ADC_ErrorCallback
                0x08005478       0x14 ./Drivers/STM32G4xx_HAL_Driver/Src/stm32g4xx_hal_adc.o
                0x08005478                HAL_ADC_ErrorCallback
 .text.HAL_ADC_ConfigChannel
                0x0800548c      0x880 ./Drivers/STM32G4xx_HAL_Driver/Src/stm32g4xx_hal_adc.o
                0x0800548c                HAL_ADC_ConfigChannel
 .text.ADC_Enable
                0x08005d0c      0x12c ./Drivers/STM32G4xx_HAL_Driver/Src/stm32g4xx_hal_adc.o
                0x08005d0c                ADC_Enable
 .text.ADC_DMAConvCplt
                0x08005e38       0xd8 ./Drivers/STM32G4xx_HAL_Driver/Src/stm32g4xx_hal_adc.o
                0x08005e38                ADC_DMAConvCplt
 .text.ADC_DMAHalfConvCplt
                0x08005f10       0x1c ./Drivers/STM32G4xx_HAL_Driver/Src/stm32g4xx_hal_adc.o
                0x08005f10                ADC_DMAHalfConvCplt
 .text.ADC_DMAError
                0x08005f2c       0x34 ./Drivers/STM32G4xx_HAL_Driver/Src/stm32g4xx_hal_adc.o
                0x08005f2c                ADC_DMAError
 .text.LL_ADC_IsEnabled
                0x08005f60       0x26 ./Drivers/STM32G4xx_HAL_Driver/Src/stm32g4xx_hal_adc_ex.o
 .text.LL_ADC_REG_IsConversionOngoing
                0x08005f86       0x26 ./Drivers/STM32G4xx_HAL_Driver/Src/stm32g4xx_hal_adc_ex.o
 .text.HAL_ADCEx_InjectedConvCpltCallback
                0x08005fac       0x14 ./Drivers/STM32G4xx_HAL_Driver/Src/stm32g4xx_hal_adc_ex.o
                0x08005fac                HAL_ADCEx_InjectedConvCpltCallback
 .text.HAL_ADCEx_InjectedQueueOverflowCallback
                0x08005fc0       0x14 ./Drivers/STM32G4xx_HAL_Driver/Src/stm32g4xx_hal_adc_ex.o
                0x08005fc0                HAL_ADCEx_InjectedQueueOverflowCallback
 .text.HAL_ADCEx_LevelOutOfWindow2Callback
                0x08005fd4       0x14 ./Drivers/STM32G4xx_HAL_Driver/Src/stm32g4xx_hal_adc_ex.o
                0x08005fd4                HAL_ADCEx_LevelOutOfWindow2Callback
 .text.HAL_ADCEx_LevelOutOfWindow3Callback
                0x08005fe8       0x14 ./Drivers/STM32G4xx_HAL_Driver/Src/stm32g4xx_hal_adc_ex.o
                0x08005fe8                HAL_ADCEx_LevelOutOfWindow3Callback
 .text.HAL_ADCEx_EndOfSamplingCallback
                0x08005ffc       0x14 ./Drivers/STM32G4xx_HAL_Driver/Src/stm32g4xx_hal_adc_ex.o
                0x08005ffc                HAL_ADCEx_EndOfSamplingCallback
 .text.HAL_ADCEx_MultiModeConfigChannel
                0x08006010      0x210 ./Drivers/STM32G4xx_HAL_Driver/Src/stm32g4xx_hal_adc_ex.o
                0x08006010                HAL_ADCEx_MultiModeConfigChannel
 .text.__NVIC_SetPriorityGrouping
                0x08006220       0x48 ./Drivers/STM32G4xx_HAL_Driver/Src/stm32g4xx_hal_cortex.o
 .text.__NVIC_GetPriorityGrouping
                0x08006268       0x1c ./Drivers/STM32G4xx_HAL_Driver/Src/stm32g4xx_hal_cortex.o
 .text.__NVIC_EnableIRQ
                0x08006284       0x3c ./Drivers/STM32G4xx_HAL_Driver/Src/stm32g4xx_hal_cortex.o
 .text.__NVIC_SetPriority
                0x080062c0       0x54 ./Drivers/STM32G4xx_HAL_Driver/Src/stm32g4xx_hal_cortex.o
 .text.NVIC_EncodePriority
                0x08006314       0x66 ./Drivers/STM32G4xx_HAL_Driver/Src/stm32g4xx_hal_cortex.o
 *fill*         0x0800637a        0x2 
 .text.SysTick_Config
                0x0800637c       0x44 ./Drivers/STM32G4xx_HAL_Driver/Src/stm32g4xx_hal_cortex.o
 .text.HAL_NVIC_SetPriorityGrouping
                0x080063c0       0x16 ./Drivers/STM32G4xx_HAL_Driver/Src/stm32g4xx_hal_cortex.o
                0x080063c0                HAL_NVIC_SetPriorityGrouping
 .text.HAL_NVIC_SetPriority
                0x080063d6       0x34 ./Drivers/STM32G4xx_HAL_Driver/Src/stm32g4xx_hal_cortex.o
                0x080063d6                HAL_NVIC_SetPriority
 .text.HAL_NVIC_EnableIRQ
                0x0800640a       0x1c ./Drivers/STM32G4xx_HAL_Driver/Src/stm32g4xx_hal_cortex.o
                0x0800640a                HAL_NVIC_EnableIRQ
 .text.HAL_SYSTICK_Config
                0x08006426       0x18 ./Drivers/STM32G4xx_HAL_Driver/Src/stm32g4xx_hal_cortex.o
                0x08006426                HAL_SYSTICK_Config
 *fill*         0x0800643e        0x2 
 .text.HAL_DMA_Init
                0x08006440      0x150 ./Drivers/STM32G4xx_HAL_Driver/Src/stm32g4xx_hal_dma.o
                0x08006440                HAL_DMA_Init
 .text.HAL_DMA_Start_IT
                0x08006590       0xf6 ./Drivers/STM32G4xx_HAL_Driver/Src/stm32g4xx_hal_dma.o
                0x08006590                HAL_DMA_Start_IT
 .text.HAL_DMA_Abort
                0x08006686       0xb2 ./Drivers/STM32G4xx_HAL_Driver/Src/stm32g4xx_hal_dma.o
                0x08006686                HAL_DMA_Abort
 .text.HAL_DMA_Abort_IT
                0x08006738       0xce ./Drivers/STM32G4xx_HAL_Driver/Src/stm32g4xx_hal_dma.o
                0x08006738                HAL_DMA_Abort_IT
 .text.HAL_DMA_IRQHandler
                0x08006806      0x15e ./Drivers/STM32G4xx_HAL_Driver/Src/stm32g4xx_hal_dma.o
                0x08006806                HAL_DMA_IRQHandler
 .text.DMA_SetConfig
                0x08006964       0x7c ./Drivers/STM32G4xx_HAL_Driver/Src/stm32g4xx_hal_dma.o
 .text.DMA_CalcDMAMUXChannelBaseAndMask
                0x080069e0       0x7c ./Drivers/STM32G4xx_HAL_Driver/Src/stm32g4xx_hal_dma.o
 .text.DMA_CalcDMAMUXRequestGenBaseAndMask
                0x08006a5c       0x48 ./Drivers/STM32G4xx_HAL_Driver/Src/stm32g4xx_hal_dma.o
 .text.HAL_GPIO_Init
                0x08006aa4      0x304 ./Drivers/STM32G4xx_HAL_Driver/Src/stm32g4xx_hal_gpio.o
                0x08006aa4                HAL_GPIO_Init
 .text.HAL_GPIO_ReadPin
                0x08006da8       0x30 ./Drivers/STM32G4xx_HAL_Driver/Src/stm32g4xx_hal_gpio.o
                0x08006da8                HAL_GPIO_ReadPin
 .text.HAL_GPIO_WritePin
                0x08006dd8       0x30 ./Drivers/STM32G4xx_HAL_Driver/Src/stm32g4xx_hal_gpio.o
                0x08006dd8                HAL_GPIO_WritePin
 .text.HAL_GPIO_TogglePin
                0x08006e08       0x34 ./Drivers/STM32G4xx_HAL_Driver/Src/stm32g4xx_hal_gpio.o
                0x08006e08                HAL_GPIO_TogglePin
 .text.HAL_GPIO_EXTI_IRQHandler
                0x08006e3c       0x30 ./Drivers/STM32G4xx_HAL_Driver/Src/stm32g4xx_hal_gpio.o
                0x08006e3c                HAL_GPIO_EXTI_IRQHandler
 .text.HAL_PWREx_ControlVoltageScaling
                0x08006e6c      0x148 ./Drivers/STM32G4xx_HAL_Driver/Src/stm32g4xx_hal_pwr_ex.o
                0x08006e6c                HAL_PWREx_ControlVoltageScaling
 .text.HAL_PWREx_DisableUCPDDeadBattery
                0x08006fb4       0x20 ./Drivers/STM32G4xx_HAL_Driver/Src/stm32g4xx_hal_pwr_ex.o
                0x08006fb4                HAL_PWREx_DisableUCPDDeadBattery
 .text.HAL_RCC_OscConfig
                0x08006fd4      0x624 ./Drivers/STM32G4xx_HAL_Driver/Src/stm32g4xx_hal_rcc.o
                0x08006fd4                HAL_RCC_OscConfig
 .text.HAL_RCC_ClockConfig
                0x080075f8      0x278 ./Drivers/STM32G4xx_HAL_Driver/Src/stm32g4xx_hal_rcc.o
                0x080075f8                HAL_RCC_ClockConfig
 .text.HAL_RCC_GetSysClockFreq
                0x08007870       0xc4 ./Drivers/STM32G4xx_HAL_Driver/Src/stm32g4xx_hal_rcc.o
                0x08007870                HAL_RCC_GetSysClockFreq
 .text.HAL_RCC_GetHCLKFreq
                0x08007934       0x18 ./Drivers/STM32G4xx_HAL_Driver/Src/stm32g4xx_hal_rcc.o
                0x08007934                HAL_RCC_GetHCLKFreq
 .text.HAL_RCC_GetPCLK1Freq
                0x0800794c       0x2c ./Drivers/STM32G4xx_HAL_Driver/Src/stm32g4xx_hal_rcc.o
                0x0800794c                HAL_RCC_GetPCLK1Freq
 .text.HAL_RCC_GetPCLK2Freq
                0x08007978       0x2c ./Drivers/STM32G4xx_HAL_Driver/Src/stm32g4xx_hal_rcc.o
                0x08007978                HAL_RCC_GetPCLK2Freq
 .text.RCC_GetSysClockFreqFromPLLSource
                0x080079a4       0x8c ./Drivers/STM32G4xx_HAL_Driver/Src/stm32g4xx_hal_rcc.o
 .text.HAL_RCCEx_PeriphCLKConfig
                0x08007a30      0x49c ./Drivers/STM32G4xx_HAL_Driver/Src/stm32g4xx_hal_rcc_ex.o
                0x08007a30                HAL_RCCEx_PeriphCLKConfig
 .text.HAL_TIM_Base_Init
                0x08007ecc       0xc8 ./Drivers/STM32G4xx_HAL_Driver/Src/stm32g4xx_hal_tim.o
                0x08007ecc                HAL_TIM_Base_Init
 .text.HAL_TIM_Base_Start
                0x08007f94       0xe0 ./Drivers/STM32G4xx_HAL_Driver/Src/stm32g4xx_hal_tim.o
                0x08007f94                HAL_TIM_Base_Start
 .text.HAL_TIM_Base_Start_IT
                0x08008074       0xf0 ./Drivers/STM32G4xx_HAL_Driver/Src/stm32g4xx_hal_tim.o
                0x08008074                HAL_TIM_Base_Start_IT
 .text.HAL_TIM_PWM_Init
                0x08008164       0xc8 ./Drivers/STM32G4xx_HAL_Driver/Src/stm32g4xx_hal_tim.o
                0x08008164                HAL_TIM_PWM_Init
 .text.HAL_TIM_PWM_MspInit
                0x0800822c       0x14 ./Drivers/STM32G4xx_HAL_Driver/Src/stm32g4xx_hal_tim.o
                0x0800822c                HAL_TIM_PWM_MspInit
 .text.HAL_TIM_PWM_Start
                0x08008240      0x224 ./Drivers/STM32G4xx_HAL_Driver/Src/stm32g4xx_hal_tim.o
                0x08008240                HAL_TIM_PWM_Start
 .text.HAL_TIM_OnePulse_Init
                0x08008464       0xbc ./Drivers/STM32G4xx_HAL_Driver/Src/stm32g4xx_hal_tim.o
                0x08008464                HAL_TIM_OnePulse_Init
 .text.HAL_TIM_OnePulse_MspInit
                0x08008520       0x14 ./Drivers/STM32G4xx_HAL_Driver/Src/stm32g4xx_hal_tim.o
                0x08008520                HAL_TIM_OnePulse_MspInit
 .text.HAL_TIM_OnePulse_Start_IT
                0x08008534      0x11c ./Drivers/STM32G4xx_HAL_Driver/Src/stm32g4xx_hal_tim.o
                0x08008534                HAL_TIM_OnePulse_Start_IT
 .text.HAL_TIM_Encoder_Init
                0x08008650      0x168 ./Drivers/STM32G4xx_HAL_Driver/Src/stm32g4xx_hal_tim.o
                0x08008650                HAL_TIM_Encoder_Init
 .text.HAL_TIM_Encoder_Start
                0x080087b8      0x11c ./Drivers/STM32G4xx_HAL_Driver/Src/stm32g4xx_hal_tim.o
                0x080087b8                HAL_TIM_Encoder_Start
 .text.HAL_TIM_Encoder_Stop
                0x080088d4      0x14e ./Drivers/STM32G4xx_HAL_Driver/Src/stm32g4xx_hal_tim.o
                0x080088d4                HAL_TIM_Encoder_Stop
 .text.HAL_TIM_IRQHandler
                0x08008a22      0x2f2 ./Drivers/STM32G4xx_HAL_Driver/Src/stm32g4xx_hal_tim.o
                0x08008a22                HAL_TIM_IRQHandler
 .text.HAL_TIM_PWM_ConfigChannel
                0x08008d14      0x228 ./Drivers/STM32G4xx_HAL_Driver/Src/stm32g4xx_hal_tim.o
                0x08008d14                HAL_TIM_PWM_ConfigChannel
 .text.HAL_TIM_ConfigClockSource
                0x08008f3c      0x22c ./Drivers/STM32G4xx_HAL_Driver/Src/stm32g4xx_hal_tim.o
                0x08008f3c                HAL_TIM_ConfigClockSource
 .text.HAL_TIM_PeriodElapsedHalfCpltCallback
                0x08009168       0x14 ./Drivers/STM32G4xx_HAL_Driver/Src/stm32g4xx_hal_tim.o
                0x08009168                HAL_TIM_PeriodElapsedHalfCpltCallback
 .text.HAL_TIM_OC_DelayElapsedCallback
                0x0800917c       0x14 ./Drivers/STM32G4xx_HAL_Driver/Src/stm32g4xx_hal_tim.o
                0x0800917c                HAL_TIM_OC_DelayElapsedCallback
 .text.HAL_TIM_IC_CaptureCallback
                0x08009190       0x14 ./Drivers/STM32G4xx_HAL_Driver/Src/stm32g4xx_hal_tim.o
                0x08009190                HAL_TIM_IC_CaptureCallback
 .text.HAL_TIM_IC_CaptureHalfCpltCallback
                0x080091a4       0x14 ./Drivers/STM32G4xx_HAL_Driver/Src/stm32g4xx_hal_tim.o
                0x080091a4                HAL_TIM_IC_CaptureHalfCpltCallback
 .text.HAL_TIM_PWM_PulseFinishedCallback
                0x080091b8       0x14 ./Drivers/STM32G4xx_HAL_Driver/Src/stm32g4xx_hal_tim.o
                0x080091b8                HAL_TIM_PWM_PulseFinishedCallback
 .text.HAL_TIM_PWM_PulseFinishedHalfCpltCallback
                0x080091cc       0x14 ./Drivers/STM32G4xx_HAL_Driver/Src/stm32g4xx_hal_tim.o
                0x080091cc                HAL_TIM_PWM_PulseFinishedHalfCpltCallback
 .text.HAL_TIM_TriggerCallback
                0x080091e0       0x14 ./Drivers/STM32G4xx_HAL_Driver/Src/stm32g4xx_hal_tim.o
                0x080091e0                HAL_TIM_TriggerCallback
 .text.HAL_TIM_TriggerHalfCpltCallback
                0x080091f4       0x14 ./Drivers/STM32G4xx_HAL_Driver/Src/stm32g4xx_hal_tim.o
                0x080091f4                HAL_TIM_TriggerHalfCpltCallback
 .text.HAL_TIM_ErrorCallback
                0x08009208       0x14 ./Drivers/STM32G4xx_HAL_Driver/Src/stm32g4xx_hal_tim.o
                0x08009208                HAL_TIM_ErrorCallback
 .text.HAL_TIM_RegisterCallback
                0x0800921c      0x2c0 ./Drivers/STM32G4xx_HAL_Driver/Src/stm32g4xx_hal_tim.o
                0x0800921c                HAL_TIM_RegisterCallback
 .text.TIM_Base_SetConfig
                0x080094dc      0x168 ./Drivers/STM32G4xx_HAL_Driver/Src/stm32g4xx_hal_tim.o
                0x080094dc                TIM_Base_SetConfig
 .text.TIM_OC1_SetConfig
                0x08009644      0x134 ./Drivers/STM32G4xx_HAL_Driver/Src/stm32g4xx_hal_tim.o
 .text.TIM_OC2_SetConfig
                0x08009778      0x128 ./Drivers/STM32G4xx_HAL_Driver/Src/stm32g4xx_hal_tim.o
                0x08009778                TIM_OC2_SetConfig
 .text.TIM_OC3_SetConfig
                0x080098a0      0x124 ./Drivers/STM32G4xx_HAL_Driver/Src/stm32g4xx_hal_tim.o
 .text.TIM_OC4_SetConfig
                0x080099c4      0x128 ./Drivers/STM32G4xx_HAL_Driver/Src/stm32g4xx_hal_tim.o
 .text.TIM_OC5_SetConfig
                0x08009aec       0xd4 ./Drivers/STM32G4xx_HAL_Driver/Src/stm32g4xx_hal_tim.o
 .text.TIM_OC6_SetConfig
                0x08009bc0       0xd8 ./Drivers/STM32G4xx_HAL_Driver/Src/stm32g4xx_hal_tim.o
 .text.TIM_TI1_ConfigInputStage
                0x08009c98       0x5e ./Drivers/STM32G4xx_HAL_Driver/Src/stm32g4xx_hal_tim.o
 .text.TIM_TI2_ConfigInputStage
                0x08009cf6       0x60 ./Drivers/STM32G4xx_HAL_Driver/Src/stm32g4xx_hal_tim.o
 .text.TIM_ITRx_SetConfig
                0x08009d56       0x3a ./Drivers/STM32G4xx_HAL_Driver/Src/stm32g4xx_hal_tim.o
 .text.TIM_ETR_SetConfig
                0x08009d90       0x40 ./Drivers/STM32G4xx_HAL_Driver/Src/stm32g4xx_hal_tim.o
                0x08009d90                TIM_ETR_SetConfig
 .text.TIM_CCxChannelCmd
                0x08009dd0       0x4a ./Drivers/STM32G4xx_HAL_Driver/Src/stm32g4xx_hal_tim.o
                0x08009dd0                TIM_CCxChannelCmd
 *fill*         0x08009e1a        0x2 
 .text.TIM_ResetCallback
                0x08009e1c       0xec ./Drivers/STM32G4xx_HAL_Driver/Src/stm32g4xx_hal_tim.o
                0x08009e1c                TIM_ResetCallback
 .text.HAL_TIMEx_MasterConfigSynchronization
                0x08009f08      0x12c ./Drivers/STM32G4xx_HAL_Driver/Src/stm32g4xx_hal_tim_ex.o
                0x08009f08                HAL_TIMEx_MasterConfigSynchronization
 .text.HAL_TIMEx_ConfigBreakDeadTime
                0x0800a034      0x128 ./Drivers/STM32G4xx_HAL_Driver/Src/stm32g4xx_hal_tim_ex.o
                0x0800a034                HAL_TIMEx_ConfigBreakDeadTime
 .text.HAL_TIMEx_CommutCallback
                0x0800a15c       0x14 ./Drivers/STM32G4xx_HAL_Driver/Src/stm32g4xx_hal_tim_ex.o
                0x0800a15c                HAL_TIMEx_CommutCallback
 .text.HAL_TIMEx_CommutHalfCpltCallback
                0x0800a170       0x14 ./Drivers/STM32G4xx_HAL_Driver/Src/stm32g4xx_hal_tim_ex.o
                0x0800a170                HAL_TIMEx_CommutHalfCpltCallback
 .text.HAL_TIMEx_BreakCallback
                0x0800a184       0x14 ./Drivers/STM32G4xx_HAL_Driver/Src/stm32g4xx_hal_tim_ex.o
                0x0800a184                HAL_TIMEx_BreakCallback
 .text.HAL_TIMEx_Break2Callback
                0x0800a198       0x14 ./Drivers/STM32G4xx_HAL_Driver/Src/stm32g4xx_hal_tim_ex.o
                0x0800a198                HAL_TIMEx_Break2Callback
 .text.HAL_TIMEx_EncoderIndexCallback
                0x0800a1ac       0x14 ./Drivers/STM32G4xx_HAL_Driver/Src/stm32g4xx_hal_tim_ex.o
                0x0800a1ac                HAL_TIMEx_EncoderIndexCallback
 .text.HAL_TIMEx_DirectionChangeCallback
                0x0800a1c0       0x14 ./Drivers/STM32G4xx_HAL_Driver/Src/stm32g4xx_hal_tim_ex.o
                0x0800a1c0                HAL_TIMEx_DirectionChangeCallback
 .text.HAL_TIMEx_IndexErrorCallback
                0x0800a1d4       0x14 ./Drivers/STM32G4xx_HAL_Driver/Src/stm32g4xx_hal_tim_ex.o
                0x0800a1d4                HAL_TIMEx_IndexErrorCallback
 .text.HAL_TIMEx_TransitionErrorCallback
                0x0800a1e8       0x14 ./Drivers/STM32G4xx_HAL_Driver/Src/stm32g4xx_hal_tim_ex.o
                0x0800a1e8                HAL_TIMEx_TransitionErrorCallback
 .text.HAL_UART_Init
                0x0800a1fc       0xc0 ./Drivers/STM32G4xx_HAL_Driver/Src/stm32g4xx_hal_uart.o
                0x0800a1fc                HAL_UART_Init
 .text.HAL_UART_RegisterCallback
                0x0800a2bc      0x174 ./Drivers/STM32G4xx_HAL_Driver/Src/stm32g4xx_hal_uart.o
                0x0800a2bc                HAL_UART_RegisterCallback
 .text.HAL_UART_Transmit_DMA
                0x0800a430      0x100 ./Drivers/STM32G4xx_HAL_Driver/Src/stm32g4xx_hal_uart.o
                0x0800a430                HAL_UART_Transmit_DMA
 .text.HAL_UART_Receive_DMA
                0x0800a530       0x98 ./Drivers/STM32G4xx_HAL_Driver/Src/stm32g4xx_hal_uart.o
                0x0800a530                HAL_UART_Receive_DMA
 .text.HAL_UART_IRQHandler
                0x0800a5c8      0x6a8 ./Drivers/STM32G4xx_HAL_Driver/Src/stm32g4xx_hal_uart.o
                0x0800a5c8                HAL_UART_IRQHandler
 .text.HAL_UART_TxCpltCallback
                0x0800ac70       0x14 ./Drivers/STM32G4xx_HAL_Driver/Src/stm32g4xx_hal_uart.o
                0x0800ac70                HAL_UART_TxCpltCallback
 .text.HAL_UART_TxHalfCpltCallback
                0x0800ac84       0x14 ./Drivers/STM32G4xx_HAL_Driver/Src/stm32g4xx_hal_uart.o
                0x0800ac84                HAL_UART_TxHalfCpltCallback
 .text.HAL_UART_RxCpltCallback
                0x0800ac98       0x14 ./Drivers/STM32G4xx_HAL_Driver/Src/stm32g4xx_hal_uart.o
                0x0800ac98                HAL_UART_RxCpltCallback
 .text.HAL_UART_RxHalfCpltCallback
                0x0800acac       0x14 ./Drivers/STM32G4xx_HAL_Driver/Src/stm32g4xx_hal_uart.o
                0x0800acac                HAL_UART_RxHalfCpltCallback
 .text.HAL_UART_ErrorCallback
                0x0800acc0       0x14 ./Drivers/STM32G4xx_HAL_Driver/Src/stm32g4xx_hal_uart.o
                0x0800acc0                HAL_UART_ErrorCallback
 .text.HAL_UART_AbortCpltCallback
                0x0800acd4       0x14 ./Drivers/STM32G4xx_HAL_Driver/Src/stm32g4xx_hal_uart.o
                0x0800acd4                HAL_UART_AbortCpltCallback
 .text.HAL_UART_AbortTransmitCpltCallback
                0x0800ace8       0x14 ./Drivers/STM32G4xx_HAL_Driver/Src/stm32g4xx_hal_uart.o
                0x0800ace8                HAL_UART_AbortTransmitCpltCallback
 .text.HAL_UART_AbortReceiveCpltCallback
                0x0800acfc       0x14 ./Drivers/STM32G4xx_HAL_Driver/Src/stm32g4xx_hal_uart.o
                0x0800acfc                HAL_UART_AbortReceiveCpltCallback
 .text.HAL_UARTEx_RxEventCallback
                0x0800ad10       0x18 ./Drivers/STM32G4xx_HAL_Driver/Src/stm32g4xx_hal_uart.o
                0x0800ad10                HAL_UARTEx_RxEventCallback
 .text.HAL_UART_ReceiverTimeout_Config
                0x0800ad28       0x38 ./Drivers/STM32G4xx_HAL_Driver/Src/stm32g4xx_hal_uart.o
                0x0800ad28                HAL_UART_ReceiverTimeout_Config
 .text.HAL_UART_EnableReceiverTimeout
                0x0800ad60       0x74 ./Drivers/STM32G4xx_HAL_Driver/Src/stm32g4xx_hal_uart.o
                0x0800ad60                HAL_UART_EnableReceiverTimeout
 .text.HAL_UART_GetError
                0x0800add4       0x1a ./Drivers/STM32G4xx_HAL_Driver/Src/stm32g4xx_hal_uart.o
                0x0800add4                HAL_UART_GetError
 *fill*         0x0800adee        0x2 
 .text.UART_InitCallbacksToDefault
                0x0800adf0       0xa4 ./Drivers/STM32G4xx_HAL_Driver/Src/stm32g4xx_hal_uart.o
                0x0800adf0                UART_InitCallbacksToDefault
 .text.UART_SetConfig
                0x0800ae94      0x5f8 ./Drivers/STM32G4xx_HAL_Driver/Src/stm32g4xx_hal_uart.o
                0x0800ae94                UART_SetConfig
 .text.UART_AdvFeatureConfig
                0x0800b48c      0x144 ./Drivers/STM32G4xx_HAL_Driver/Src/stm32g4xx_hal_uart.o
                0x0800b48c                UART_AdvFeatureConfig
 .text.UART_CheckIdleState
                0x0800b5d0      0x154 ./Drivers/STM32G4xx_HAL_Driver/Src/stm32g4xx_hal_uart.o
                0x0800b5d0                UART_CheckIdleState
 .text.UART_WaitOnFlagUntilTimeout
                0x0800b724       0xda ./Drivers/STM32G4xx_HAL_Driver/Src/stm32g4xx_hal_uart.o
                0x0800b724                UART_WaitOnFlagUntilTimeout
 *fill*         0x0800b7fe        0x2 
 .text.UART_Start_Receive_DMA
                0x0800b800      0x14c ./Drivers/STM32G4xx_HAL_Driver/Src/stm32g4xx_hal_uart.o
                0x0800b800                UART_Start_Receive_DMA
 .text.UART_EndTxTransfer
                0x0800b94c       0x82 ./Drivers/STM32G4xx_HAL_Driver/Src/stm32g4xx_hal_uart.o
 .text.UART_EndRxTransfer
                0x0800b9ce       0xcc ./Drivers/STM32G4xx_HAL_Driver/Src/stm32g4xx_hal_uart.o
 .text.UART_DMATransmitCplt
                0x0800ba9a       0x9e ./Drivers/STM32G4xx_HAL_Driver/Src/stm32g4xx_hal_uart.o
 .text.UART_DMATxHalfCplt
                0x0800bb38       0x20 ./Drivers/STM32G4xx_HAL_Driver/Src/stm32g4xx_hal_uart.o
 .text.UART_DMAReceiveCplt
                0x0800bb58      0x134 ./Drivers/STM32G4xx_HAL_Driver/Src/stm32g4xx_hal_uart.o
 .text.UART_DMARxHalfCplt
                0x0800bc8c       0x46 ./Drivers/STM32G4xx_HAL_Driver/Src/stm32g4xx_hal_uart.o
 .text.UART_DMAError
                0x0800bcd2       0x84 ./Drivers/STM32G4xx_HAL_Driver/Src/stm32g4xx_hal_uart.o
 .text.UART_DMAAbortOnError
                0x0800bd56       0x28 ./Drivers/STM32G4xx_HAL_Driver/Src/stm32g4xx_hal_uart.o
 .text.UART_EndTransmit_IT
                0x0800bd7e       0x5a ./Drivers/STM32G4xx_HAL_Driver/Src/stm32g4xx_hal_uart.o
 .text.HAL_UARTEx_WakeupCallback
                0x0800bdd8       0x14 ./Drivers/STM32G4xx_HAL_Driver/Src/stm32g4xx_hal_uart_ex.o
                0x0800bdd8                HAL_UARTEx_WakeupCallback
 .text.HAL_UARTEx_RxFifoFullCallback
                0x0800bdec       0x14 ./Drivers/STM32G4xx_HAL_Driver/Src/stm32g4xx_hal_uart_ex.o
                0x0800bdec                HAL_UARTEx_RxFifoFullCallback
 .text.HAL_UARTEx_TxFifoEmptyCallback
                0x0800be00       0x14 ./Drivers/STM32G4xx_HAL_Driver/Src/stm32g4xx_hal_uart_ex.o
                0x0800be00                HAL_UARTEx_TxFifoEmptyCallback
 .text.HAL_UARTEx_DisableFifoMode
                0x0800be14       0x72 ./Drivers/STM32G4xx_HAL_Driver/Src/stm32g4xx_hal_uart_ex.o
                0x0800be14                HAL_UARTEx_DisableFifoMode
 .text.HAL_UARTEx_SetTxFifoThreshold
                0x0800be86       0x7c ./Drivers/STM32G4xx_HAL_Driver/Src/stm32g4xx_hal_uart_ex.o
                0x0800be86                HAL_UARTEx_SetTxFifoThreshold
 .text.HAL_UARTEx_SetRxFifoThreshold
                0x0800bf02       0x7c ./Drivers/STM32G4xx_HAL_Driver/Src/stm32g4xx_hal_uart_ex.o
                0x0800bf02                HAL_UARTEx_SetRxFifoThreshold
 *fill*         0x0800bf7e        0x2 
 .text.UARTEx_SetNbDataToProcess
                0x0800bf80       0x9c ./Drivers/STM32G4xx_HAL_Driver/Src/stm32g4xx_hal_uart_ex.o
 .text.arm_pid_init_f32
                0x0800c01c       0x6c ./Middlewares/Third_Party/ARM_CMSIS/Source/ControllerFunctions/ControllerFunctions.o
                0x0800c01c                arm_pid_init_f32
 .text.memset   0x0800c088       0x10 C:/STM32CubeIDE_1.16.1/STM32CubeIDE/plugins/com.st.stm32cube.ide.mcu.externaltools.gnu-tools-for-stm32.13.3.rel1.win32_1.0.0.202411081344/tools/bin/../lib/gcc/arm-none-eabi/13.3.1/../../../../arm-none-eabi/lib/thumb/v7e-m+fp/hard\libc_nano.a(libc_a-memset.o)
                0x0800c088                memset
 .text.__errno  0x0800c098        0xc C:/STM32CubeIDE_1.16.1/STM32CubeIDE/plugins/com.st.stm32cube.ide.mcu.externaltools.gnu-tools-for-stm32.13.3.rel1.win32_1.0.0.202411081344/tools/bin/../lib/gcc/arm-none-eabi/13.3.1/../../../../arm-none-eabi/lib/thumb/v7e-m+fp/hard\libc_nano.a(libc_a-errno.o)
                0x0800c098                __errno
 .text.__libc_init_array
                0x0800c0a4       0x48 C:/STM32CubeIDE_1.16.1/STM32CubeIDE/plugins/com.st.stm32cube.ide.mcu.externaltools.gnu-tools-for-stm32.13.3.rel1.win32_1.0.0.202411081344/tools/bin/../lib/gcc/arm-none-eabi/13.3.1/../../../../arm-none-eabi/lib/thumb/v7e-m+fp/hard\libc_nano.a(libc_a-init.o)
                0x0800c0a4                __libc_init_array
 .text.memcpy   0x0800c0ec       0x1c C:/STM32CubeIDE_1.16.1/STM32CubeIDE/plugins/com.st.stm32cube.ide.mcu.externaltools.gnu-tools-for-stm32.13.3.rel1.win32_1.0.0.202411081344/tools/bin/../lib/gcc/arm-none-eabi/13.3.1/../../../../arm-none-eabi/lib/thumb/v7e-m+fp/hard\libc_nano.a(libc_a-memcpy-stub.o)
                0x0800c0ec                memcpy
 .text.sqrtf    0x0800c108       0x3c C:/STM32CubeIDE_1.16.1/STM32CubeIDE/plugins/com.st.stm32cube.ide.mcu.externaltools.gnu-tools-for-stm32.13.3.rel1.win32_1.0.0.202411081344/tools/bin/../lib/gcc/arm-none-eabi/13.3.1/../../../../arm-none-eabi/lib/thumb/v7e-m+fp/hard\libm.a(libm_a-wf_sqrt.o)
                0x0800c108                sqrtf
 .text.__ieee754_sqrtf
                0x0800c144        0x6 C:/STM32CubeIDE_1.16.1/STM32CubeIDE/plugins/com.st.stm32cube.ide.mcu.externaltools.gnu-tools-for-stm32.13.3.rel1.win32_1.0.0.202411081344/tools/bin/../lib/gcc/arm-none-eabi/13.3.1/../../../../arm-none-eabi/lib/thumb/v7e-m+fp/hard\libm.a(libm_a-ef_sqrt.o)
                0x0800c144                __ieee754_sqrtf
 *(.glue_7)
 .glue_7        0x0800c14a        0x0 linker stubs
 *(.glue_7t)
 .glue_7t       0x0800c14a        0x0 linker stubs
 *(.eh_frame)
 *fill*         0x0800c14a        0x2 
 .eh_frame      0x0800c14c        0x0 C:/STM32CubeIDE_1.16.1/STM32CubeIDE/plugins/com.st.stm32cube.ide.mcu.externaltools.gnu-tools-for-stm32.13.3.rel1.win32_1.0.0.202411081344/tools/bin/../lib/gcc/arm-none-eabi/13.3.1/thumb/v7e-m+fp/hard/crtbegin.o
 *(.init)
 .init          0x0800c14c        0x4 C:/STM32CubeIDE_1.16.1/STM32CubeIDE/plugins/com.st.stm32cube.ide.mcu.externaltools.gnu-tools-for-stm32.13.3.rel1.win32_1.0.0.202411081344/tools/bin/../lib/gcc/arm-none-eabi/13.3.1/thumb/v7e-m+fp/hard/crti.o
                0x0800c14c                _init
 .init          0x0800c150        0x8 C:/STM32CubeIDE_1.16.1/STM32CubeIDE/plugins/com.st.stm32cube.ide.mcu.externaltools.gnu-tools-for-stm32.13.3.rel1.win32_1.0.0.202411081344/tools/bin/../lib/gcc/arm-none-eabi/13.3.1/thumb/v7e-m+fp/hard/crtn.o
 *(.fini)
 .fini          0x0800c158        0x4 C:/STM32CubeIDE_1.16.1/STM32CubeIDE/plugins/com.st.stm32cube.ide.mcu.externaltools.gnu-tools-for-stm32.13.3.rel1.win32_1.0.0.202411081344/tools/bin/../lib/gcc/arm-none-eabi/13.3.1/thumb/v7e-m+fp/hard/crti.o
                0x0800c158                _fini
 .fini          0x0800c15c        0x8 C:/STM32CubeIDE_1.16.1/STM32CubeIDE/plugins/com.st.stm32cube.ide.mcu.externaltools.gnu-tools-for-stm32.13.3.rel1.win32_1.0.0.202411081344/tools/bin/../lib/gcc/arm-none-eabi/13.3.1/thumb/v7e-m+fp/hard/crtn.o
                0x0800c164                        . = ALIGN (0x4)
                0x0800c164                        _etext = .

.vfp11_veneer   0x0800c164        0x0
 .vfp11_veneer  0x0800c164        0x0 linker stubs

.v4_bx          0x0800c164        0x0
 .v4_bx         0x0800c164        0x0 linker stubs

.iplt           0x0800c164        0x0
 .iplt          0x0800c164        0x0 C:/STM32CubeIDE_1.16.1/STM32CubeIDE/plugins/com.st.stm32cube.ide.mcu.externaltools.gnu-tools-for-stm32.13.3.rel1.win32_1.0.0.202411081344/tools/bin/../lib/gcc/arm-none-eabi/13.3.1/thumb/v7e-m+fp/hard/crtbegin.o

.rodata         0x0800c164       0x40
                0x0800c164                        . = ALIGN (0x4)
 *(.rodata)
 *(.rodata*)
 .rodata.AHBPrescTable
                0x0800c164       0x10 ./Core/Src/system_stm32g4xx.o
                0x0800c164                AHBPrescTable
 .rodata.APBPrescTable
                0x0800c174        0x8 ./Core/Src/system_stm32g4xx.o
                0x0800c174                APBPrescTable
 .rodata.UARTPrescTable
                0x0800c17c       0x18 ./Drivers/STM32G4xx_HAL_Driver/Src/stm32g4xx_hal_uart.o
                0x0800c17c                UARTPrescTable
 .rodata.numerator.1
                0x0800c194        0x8 ./Drivers/STM32G4xx_HAL_Driver/Src/stm32g4xx_hal_uart_ex.o
 .rodata.denominator.0
                0x0800c19c        0x8 ./Drivers/STM32G4xx_HAL_Driver/Src/stm32g4xx_hal_uart_ex.o
                0x0800c1a4                        . = ALIGN (0x4)

.ARM.extab      0x0800c1a4        0x0
                0x0800c1a4                        . = ALIGN (0x4)
 *(.ARM.extab* .gnu.linkonce.armextab.*)
                0x0800c1a4                        . = ALIGN (0x4)

.ARM            0x0800c1a4        0x8
                0x0800c1a4                        . = ALIGN (0x4)
                0x0800c1a4                        __exidx_start = .
 *(.ARM.exidx*)
 .ARM.exidx     0x0800c1a4        0x8 C:/STM32CubeIDE_1.16.1/STM32CubeIDE/plugins/com.st.stm32cube.ide.mcu.externaltools.gnu-tools-for-stm32.13.3.rel1.win32_1.0.0.202411081344/tools/bin/../lib/gcc/arm-none-eabi/13.3.1/thumb/v7e-m+fp/hard\libgcc.a(_udivmoddi4.o)
                0x0800c1ac                        __exidx_end = .
                0x0800c1ac                        . = ALIGN (0x4)

.preinit_array  0x0800c1ac        0x0
                0x0800c1ac                        . = ALIGN (0x4)
                0x0800c1ac                        PROVIDE (__preinit_array_start = .)
 *(.preinit_array*)
                0x0800c1ac                        PROVIDE (__preinit_array_end = .)
                0x0800c1ac                        . = ALIGN (0x4)

.init_array     0x0800c1ac        0x4
                0x0800c1ac                        . = ALIGN (0x4)
                0x0800c1ac                        PROVIDE (__init_array_start = .)
 *(SORT_BY_NAME(.init_array.*))
 *(.init_array*)
 .init_array    0x0800c1ac        0x4 C:/STM32CubeIDE_1.16.1/STM32CubeIDE/plugins/com.st.stm32cube.ide.mcu.externaltools.gnu-tools-for-stm32.13.3.rel1.win32_1.0.0.202411081344/tools/bin/../lib/gcc/arm-none-eabi/13.3.1/thumb/v7e-m+fp/hard/crtbegin.o
                0x0800c1b0                        PROVIDE (__init_array_end = .)
                0x0800c1b0                        . = ALIGN (0x4)

.fini_array     0x0800c1b0        0x4
                0x0800c1b0                        . = ALIGN (0x4)
                [!provide]                        PROVIDE (__fini_array_start = .)
 *(SORT_BY_NAME(.fini_array.*))
 *(.fini_array*)
 .fini_array    0x0800c1b0        0x4 C:/STM32CubeIDE_1.16.1/STM32CubeIDE/plugins/com.st.stm32cube.ide.mcu.externaltools.gnu-tools-for-stm32.13.3.rel1.win32_1.0.0.202411081344/tools/bin/../lib/gcc/arm-none-eabi/13.3.1/thumb/v7e-m+fp/hard/crtbegin.o
                [!provide]                        PROVIDE (__fini_array_end = .)
                0x0800c1b4                        . = ALIGN (0x4)
                0x0800c1b4                        _sidata = LOADADDR (.data)

.rel.dyn        0x0800c1b4        0x0
 .rel.iplt      0x0800c1b4        0x0 C:/STM32CubeIDE_1.16.1/STM32CubeIDE/plugins/com.st.stm32cube.ide.mcu.externaltools.gnu-tools-for-stm32.13.3.rel1.win32_1.0.0.202411081344/tools/bin/../lib/gcc/arm-none-eabi/13.3.1/thumb/v7e-m+fp/hard/crtbegin.o

.data           0x20000000      0x274 load address 0x0800c1b4
                0x20000000                        . = ALIGN (0x4)
                0x20000000                        _sdata = .
 *(.data)
 *(.data*)
 .data.auchCRCLo
                0x20000000      0x100 ./Core/Src/ModBusRTU.o
 .data.auchCRCHi
                0x20000100      0x100 ./Core/Src/ModBusRTU.o
 .data.Kp_velo_pris
                0x20000200        0x4 ./Core/Src/main.o
                0x20000200                Kp_velo_pris
 .data.Ki_velo_pris
                0x20000204        0x4 ./Core/Src/main.o
                0x20000204                Ki_velo_pris
 .data.Kp_pos_pris
                0x20000208        0x4 ./Core/Src/main.o
                0x20000208                Kp_pos_pris
 .data.Kp_pos_re
                0x2000020c        0x4 ./Core/Src/main.o
                0x2000020c                Kp_pos_re
 .data.Kp_velo_re
                0x20000210        0x4 ./Core/Src/main.o
                0x20000210                Kp_velo_re
 .data.Ki_velo_re
                0x20000214        0x4 ./Core/Src/main.o
                0x20000214                Ki_velo_re
 .data.SystemCoreClock
                0x20000218        0x4 ./Core/Src/system_stm32g4xx.o
                0x20000218                SystemCoreClock
 .data.uwTickPrio
                0x2000021c        0x4 ./Drivers/STM32G4xx_HAL_Driver/Src/stm32g4xx_hal.o
                0x2000021c                uwTickPrio
 .data.uwTickFreq
                0x20000220        0x4 ./Drivers/STM32G4xx_HAL_Driver/Src/stm32g4xx_hal.o
                0x20000220                uwTickFreq
 .data._impure_ptr
                0x20000224        0x4 C:/STM32CubeIDE_1.16.1/STM32CubeIDE/plugins/com.st.stm32cube.ide.mcu.externaltools.gnu-tools-for-stm32.13.3.rel1.win32_1.0.0.202411081344/tools/bin/../lib/gcc/arm-none-eabi/13.3.1/../../../../arm-none-eabi/lib/thumb/v7e-m+fp/hard\libc_nano.a(libc_a-impure.o)
                0x20000224                _impure_ptr
 .data._impure_data
                0x20000228       0x4c C:/STM32CubeIDE_1.16.1/STM32CubeIDE/plugins/com.st.stm32cube.ide.mcu.externaltools.gnu-tools-for-stm32.13.3.rel1.win32_1.0.0.202411081344/tools/bin/../lib/gcc/arm-none-eabi/13.3.1/../../../../arm-none-eabi/lib/thumb/v7e-m+fp/hard\libc_nano.a(libc_a-impure.o)
                0x20000228                _impure_data
 *(.RamFunc)
 *(.RamFunc*)
                0x20000274                        . = ALIGN (0x4)
                0x20000274                        _edata = .

.igot.plt       0x20000274        0x0 load address 0x0800c428
 .igot.plt      0x20000274        0x0 C:/STM32CubeIDE_1.16.1/STM32CubeIDE/plugins/com.st.stm32cube.ide.mcu.externaltools.gnu-tools-for-stm32.13.3.rel1.win32_1.0.0.202411081344/tools/bin/../lib/gcc/arm-none-eabi/13.3.1/thumb/v7e-m+fp/hard/crtbegin.o
                0x20000274                        . = ALIGN (0x4)

.bss            0x20000278     0x111c load address 0x0800c428
                0x20000278                        _sbss = .
                0x20000278                        __bss_start__ = _sbss
 *(.bss)
 .bss           0x20000278       0x1c C:/STM32CubeIDE_1.16.1/STM32CubeIDE/plugins/com.st.stm32cube.ide.mcu.externaltools.gnu-tools-for-stm32.13.3.rel1.win32_1.0.0.202411081344/tools/bin/../lib/gcc/arm-none-eabi/13.3.1/thumb/v7e-m+fp/hard/crtbegin.o
 *(.bss*)
 .bss.hModbus   0x20000294        0x4 ./Core/Src/ModBusRTU.o
                0x20000294                hModbus
 .bss.hadc1     0x20000298       0x6c ./Core/Src/main.o
                0x20000298                hadc1
 .bss.hadc2     0x20000304       0x6c ./Core/Src/main.o
                0x20000304                hadc2
 .bss.hdma_adc1
                0x20000370       0x60 ./Core/Src/main.o
                0x20000370                hdma_adc1
 .bss.hdma_adc2
                0x200003d0       0x60 ./Core/Src/main.o
                0x200003d0                hdma_adc2
 .bss.htim1     0x20000430       0xcc ./Core/Src/main.o
                0x20000430                htim1
 .bss.htim2     0x200004fc       0xcc ./Core/Src/main.o
                0x200004fc                htim2
 .bss.htim3     0x200005c8       0xcc ./Core/Src/main.o
                0x200005c8                htim3
 .bss.htim4     0x20000694       0xcc ./Core/Src/main.o
                0x20000694                htim4
 .bss.htim5     0x20000760       0xcc ./Core/Src/main.o
                0x20000760                htim5
 .bss.htim16    0x2000082c       0xcc ./Core/Src/main.o
                0x2000082c                htim16
 .bss.huart2    0x200008f8       0xcc ./Core/Src/main.o
                0x200008f8                huart2
 .bss.hdma_usart2_rx
                0x200009c4       0x60 ./Core/Src/main.o
                0x200009c4                hdma_usart2_rx
 .bss.hdma_usart2_tx
                0x20000a24       0x60 ./Core/Src/main.o
                0x20000a24                hdma_usart2_tx
 .bss.prisProfile
                0x20000a84       0x28 ./Core/Src/main.o
                0x20000a84                prisProfile
 .bss.revProfile
                0x20000aac       0x28 ./Core/Src/main.o
                0x20000aac                revProfile
 .bss.hmodbus   0x20000ad4      0x4d8 ./Core/Src/main.o
                0x20000ad4                hmodbus
 .bss.registerFrame
                0x20000fac       0x8c ./Core/Src/main.o
                0x20000fac                registerFrame
 .bss.current_state
                0x20001038        0x1 ./Core/Src/main.o
                0x20001038                current_state
 *fill*         0x20001039        0x3 
 .bss.joy_flag  0x2000103c        0x4 ./Core/Src/main.o
                0x2000103c                joy_flag
 .bss.prismatic_motor
                0x20001040       0x1c ./Core/Src/main.o
                0x20001040                prismatic_motor
 .bss.revolute_motor
                0x2000105c       0x1c ./Core/Src/main.o
                0x2000105c                revolute_motor
 .bss.target_position_prismatic
                0x20001078        0x4 ./Core/Src/main.o
                0x20001078                target_position_prismatic
 .bss.Kd_velo_pris
                0x2000107c        0x4 ./Core/Src/main.o
                0x2000107c                Kd_velo_pris
 .bss.output_velo_pris
                0x20001080        0x4 ./Core/Src/main.o
                0x20001080                output_velo_pris
 .bss.error_velo_pris
                0x20001084        0x4 ./Core/Src/main.o
                0x20001084                error_velo_pris
 .bss.Ki_pos_pris
                0x20001088        0x4 ./Core/Src/main.o
                0x20001088                Ki_pos_pris
 .bss.Kd_pos_pris
                0x2000108c        0x4 ./Core/Src/main.o
                0x2000108c                Kd_pos_pris
 .bss.output_pos_pris
                0x20001090        0x4 ./Core/Src/main.o
                0x20001090                output_pos_pris
 .bss.error_pos_pris
                0x20001094        0x4 ./Core/Src/main.o
                0x20001094                error_pos_pris
 .bss.PID_POS_pris
                0x20001098       0x24 ./Core/Src/main.o
                0x20001098                PID_POS_pris
 .bss.PID_POS_re
                0x200010bc       0x24 ./Core/Src/main.o
                0x200010bc                PID_POS_re
 .bss.output_prismatic
                0x200010e0        0x4 ./Core/Src/main.o
                0x200010e0                output_prismatic
 .bss.output_revolute
                0x200010e4        0x4 ./Core/Src/main.o
                0x200010e4                output_revolute
 .bss.prismatic_encoder
                0x200010e8       0x30 ./Core/Src/main.o
                0x200010e8                prismatic_encoder
 .bss.prismatic_vel_control
                0x20001118       0x20 ./Core/Src/main.o
                0x20001118                prismatic_vel_control
 .bss.prismatic_radps_lowpass_prev
                0x20001138        0x4 ./Core/Src/main.o
                0x20001138                prismatic_radps_lowpass_prev
 .bss.prismatic_radps_lowpass
                0x2000113c        0x4 ./Core/Src/main.o
                0x2000113c                prismatic_radps_lowpass
 .bss.prismatic_acceleration
                0x20001140        0x4 ./Core/Src/main.o
                0x20001140                prismatic_acceleration
 .bss.prismatic_acceleration_lowpass
                0x20001144        0x4 ./Core/Src/main.o
                0x20001144                prismatic_acceleration_lowpass
 .bss.prismatic_acceleration_lowpass_prev
                0x20001148        0x4 ./Core/Src/main.o
                0x20001148                prismatic_acceleration_lowpass_prev
 *fill*         0x2000114c        0x4 
 .bss.ball_screw_pos
                0x20001150        0x8 ./Core/Src/main.o
                0x20001150                ball_screw_pos
 .bss.ball_screw_vel
                0x20001158        0x8 ./Core/Src/main.o
                0x20001158                ball_screw_vel
 .bss.target_position_revolute
                0x20001160        0x4 ./Core/Src/main.o
                0x20001160                target_position_revolute
 .bss.revolute_encoder
                0x20001164       0x30 ./Core/Src/main.o
                0x20001164                revolute_encoder
 .bss.revolute_flag
                0x20001194        0x1 ./Core/Src/main.o
                0x20001194                revolute_flag
 *fill*         0x20001195        0x3 
 .bss.revolute_vel_control
                0x20001198       0x20 ./Core/Src/main.o
                0x20001198                revolute_vel_control
 .bss.limit_r   0x200011b8        0x1 ./Core/Src/main.o
                0x200011b8                limit_r
 .bss.limit_l   0x200011b9        0x1 ./Core/Src/main.o
                0x200011b9                limit_l
 .bss.limit_l_prev
                0x200011ba        0x1 ./Core/Src/main.o
                0x200011ba                limit_l_prev
 .bss.limit_plot
                0x200011bb        0x1 ./Core/Src/main.o
                0x200011bb                limit_plot
 .bss.Ki_pos_re
                0x200011bc        0x4 ./Core/Src/main.o
                0x200011bc                Ki_pos_re
 .bss.Kd_pos_re
                0x200011c0        0x4 ./Core/Src/main.o
                0x200011c0                Kd_pos_re
 .bss.output_pos_re
                0x200011c4        0x4 ./Core/Src/main.o
                0x200011c4                output_pos_re
 .bss.error_pos_re
                0x200011c8        0x4 ./Core/Src/main.o
                0x200011c8                error_pos_re
 .bss.Kd_velo_re
                0x200011cc        0x4 ./Core/Src/main.o
                0x200011cc                Kd_velo_re
 .bss.output_velo_re
                0x200011d0        0x4 ./Core/Src/main.o
                0x200011d0                output_velo_re
 .bss.error_velo_re
                0x200011d4        0x4 ./Core/Src/main.o
                0x200011d4                error_velo_re
 .bss.revolute_radps_lowpass_prev
                0x200011d8        0x4 ./Core/Src/main.o
                0x200011d8                revolute_radps_lowpass_prev
 .bss.revolute_radps_lowpass
                0x200011dc        0x4 ./Core/Src/main.o
                0x200011dc                revolute_radps_lowpass
 .bss.revolute_acceleration
                0x200011e0        0x4 ./Core/Src/main.o
                0x200011e0                revolute_acceleration
 .bss.revolute_acceleration_lowpass_prev
                0x200011e4        0x4 ./Core/Src/main.o
                0x200011e4                revolute_acceleration_lowpass_prev
 .bss.revolute_acceleration_lowpass
                0x200011e8        0x4 ./Core/Src/main.o
                0x200011e8                revolute_acceleration_lowpass
 *fill*         0x200011ec        0x4 
 .bss.heartbeat_counter
                0x200011f0        0x8 ./Core/Src/main.o
                0x200011f0                heartbeat_counter
 .bss.prev_revolute_vel
                0x200011f8        0x4 ./Core/Src/main.o
                0x200011f8                prev_revolute_vel
 .bss.JOY_RawRead
                0x200011fc       0x28 ./Core/Src/main.o
                0x200011fc                JOY_RawRead
 .bss.Joy_x     0x20001224        0x2 ./Core/Src/main.o
                0x20001224                Joy_x
 .bss.Joy_y     0x20001226        0x2 ./Core/Src/main.o
                0x20001226                Joy_y
 .bss.Joy_run   0x20001228        0x1 ./Core/Src/main.o
                0x20001228                Joy_run
 .bss.Joy_save  0x20001229        0x1 ./Core/Src/main.o
                0x20001229                Joy_save
 *fill*         0x2000122a        0x2 
 .bss.count     0x2000122c        0x4 ./Core/Src/main.o
                0x2000122c                count
 .bss.Prox_RawRead
                0x20001230       0x14 ./Core/Src/main.o
                0x20001230                Prox_RawRead
 .bss.revolute_homed
                0x20001244        0x1 ./Core/Src/main.o
                0x20001244                revolute_homed
 .bss.button_reset
                0x20001245        0x1 ./Core/Src/main.o
                0x20001245                button_reset
 .bss.button_reset_prev
                0x20001246        0x1 ./Core/Src/main.o
                0x20001246                button_reset_prev
 .bss.button_run
                0x20001247        0x1 ./Core/Src/main.o
                0x20001247                button_run
 .bss.button_emer
                0x20001248        0x1 ./Core/Src/main.o
                0x20001248                button_emer
 *fill*         0x20001249        0x3 
 .bss.theta     0x2000124c        0x4 ./Core/Src/main.o
                0x2000124c                theta
 .bss.pointMoveNeedsInit
                0x20001250        0x1 ./Core/Src/main.o
                0x20001250                pointMoveNeedsInit
 *fill*         0x20001251        0x3 
 .bss.HAL_RCC_ADC12_CLK_ENABLED
                0x20001254        0x4 ./Core/Src/stm32g4xx_hal_msp.o
 .bss.uwTick    0x20001258        0x4 ./Drivers/STM32G4xx_HAL_Driver/Src/stm32g4xx_hal.o
                0x20001258                uwTick
 .bss.__sf      0x2000125c      0x138 C:/STM32CubeIDE_1.16.1/STM32CubeIDE/plugins/com.st.stm32cube.ide.mcu.externaltools.gnu-tools-for-stm32.13.3.rel1.win32_1.0.0.202411081344/tools/bin/../lib/gcc/arm-none-eabi/13.3.1/../../../../arm-none-eabi/lib/thumb/v7e-m+fp/hard\libc_nano.a(libc_a-findfp.o)
                0x2000125c                __sf
 *(COMMON)
                0x20001394                        . = ALIGN (0x4)
                0x20001394                        _ebss = .
                0x20001394                        __bss_end__ = _ebss

._user_heap_stack
                0x20001394      0x604 load address 0x0800c428
                0x20001398                        . = ALIGN (0x8)
 *fill*         0x20001394        0x4 
                [!provide]                        PROVIDE (end = .)
                0x20001398                        PROVIDE (_end = .)
                0x20001598                        . = (. + _Min_Heap_Size)
 *fill*         0x20001398      0x200 
                0x20001998                        . = (. + _Min_Stack_Size)
 *fill*         0x20001598      0x400 
                0x20001998                        . = ALIGN (0x8)

/DISCARD/
 libc.a(*)
 libm.a(*)
 libgcc.a(*)

.ARM.attributes
                0x00000000       0x30
 *(.ARM.attributes)
 .ARM.attributes
                0x00000000       0x22 C:/STM32CubeIDE_1.16.1/STM32CubeIDE/plugins/com.st.stm32cube.ide.mcu.externaltools.gnu-tools-for-stm32.13.3.rel1.win32_1.0.0.202411081344/tools/bin/../lib/gcc/arm-none-eabi/13.3.1/thumb/v7e-m+fp/hard/crti.o
 .ARM.attributes
                0x00000022       0x34 C:/STM32CubeIDE_1.16.1/STM32CubeIDE/plugins/com.st.stm32cube.ide.mcu.externaltools.gnu-tools-for-stm32.13.3.rel1.win32_1.0.0.202411081344/tools/bin/../lib/gcc/arm-none-eabi/13.3.1/thumb/v7e-m+fp/hard/crtbegin.o
 .ARM.attributes
                0x00000056       0x34 ./Core/Src/ModBusRTU.o
 .ARM.attributes
                0x0000008a       0x34 ./Core/Src/PID.o
 .ARM.attributes
                0x000000be       0x34 ./Core/Src/QEI.o
 .ARM.attributes
                0x000000f2       0x34 ./Core/Src/Trapezoidal.o
 .ARM.attributes
                0x00000126       0x34 ./Core/Src/main.o
 .ARM.attributes
                0x0000015a       0x34 ./Core/Src/moter.o
 .ARM.attributes
                0x0000018e       0x34 ./Core/Src/stm32g4xx_hal_msp.o
 .ARM.attributes
                0x000001c2       0x34 ./Core/Src/stm32g4xx_it.o
 .ARM.attributes
                0x000001f6       0x34 ./Core/Src/system_stm32g4xx.o
 .ARM.attributes
                0x0000022a       0x21 ./Core/Startup/startup_stm32g474retx.o
 .ARM.attributes
                0x0000024b       0x34 ./Drivers/STM32G4xx_HAL_Driver/Src/stm32g4xx_hal.o
 .ARM.attributes
                0x0000027f       0x34 ./Drivers/STM32G4xx_HAL_Driver/Src/stm32g4xx_hal_adc.o
 .ARM.attributes
                0x000002b3       0x34 ./Drivers/STM32G4xx_HAL_Driver/Src/stm32g4xx_hal_adc_ex.o
 .ARM.attributes
                0x000002e7       0x34 ./Drivers/STM32G4xx_HAL_Driver/Src/stm32g4xx_hal_cortex.o
 .ARM.attributes
                0x0000031b       0x34 ./Drivers/STM32G4xx_HAL_Driver/Src/stm32g4xx_hal_dma.o
 .ARM.attributes
                0x0000034f       0x34 ./Drivers/STM32G4xx_HAL_Driver/Src/stm32g4xx_hal_gpio.o
 .ARM.attributes
                0x00000383       0x34 ./Drivers/STM32G4xx_HAL_Driver/Src/stm32g4xx_hal_pwr_ex.o
 .ARM.attributes
                0x000003b7       0x34 ./Drivers/STM32G4xx_HAL_Driver/Src/stm32g4xx_hal_rcc.o
 .ARM.attributes
                0x000003eb       0x34 ./Drivers/STM32G4xx_HAL_Driver/Src/stm32g4xx_hal_rcc_ex.o
 .ARM.attributes
                0x0000041f       0x34 ./Drivers/STM32G4xx_HAL_Driver/Src/stm32g4xx_hal_tim.o
 .ARM.attributes
                0x00000453       0x34 ./Drivers/STM32G4xx_HAL_Driver/Src/stm32g4xx_hal_tim_ex.o
 .ARM.attributes
                0x00000487       0x34 ./Drivers/STM32G4xx_HAL_Driver/Src/stm32g4xx_hal_uart.o
 .ARM.attributes
                0x000004bb       0x34 ./Drivers/STM32G4xx_HAL_Driver/Src/stm32g4xx_hal_uart_ex.o
 .ARM.attributes
                0x000004ef       0x34 ./Middlewares/Third_Party/ARM_CMSIS/Source/ControllerFunctions/ControllerFunctions.o
 .ARM.attributes
                0x00000523       0x34 C:/STM32CubeIDE_1.16.1/STM32CubeIDE/plugins/com.st.stm32cube.ide.mcu.externaltools.gnu-tools-for-stm32.13.3.rel1.win32_1.0.0.202411081344/tools/bin/../lib/gcc/arm-none-eabi/13.3.1/../../../../arm-none-eabi/lib/thumb/v7e-m+fp/hard\libc_nano.a(libc_a-findfp.o)
 .ARM.attributes
                0x00000557       0x34 C:/STM32CubeIDE_1.16.1/STM32CubeIDE/plugins/com.st.stm32cube.ide.mcu.externaltools.gnu-tools-for-stm32.13.3.rel1.win32_1.0.0.202411081344/tools/bin/../lib/gcc/arm-none-eabi/13.3.1/../../../../arm-none-eabi/lib/thumb/v7e-m+fp/hard\libc_nano.a(libc_a-memset.o)
 .ARM.attributes
                0x0000058b       0x34 C:/STM32CubeIDE_1.16.1/STM32CubeIDE/plugins/com.st.stm32cube.ide.mcu.externaltools.gnu-tools-for-stm32.13.3.rel1.win32_1.0.0.202411081344/tools/bin/../lib/gcc/arm-none-eabi/13.3.1/../../../../arm-none-eabi/lib/thumb/v7e-m+fp/hard\libc_nano.a(libc_a-impure.o)
 .ARM.attributes
                0x000005bf       0x34 C:/STM32CubeIDE_1.16.1/STM32CubeIDE/plugins/com.st.stm32cube.ide.mcu.externaltools.gnu-tools-for-stm32.13.3.rel1.win32_1.0.0.202411081344/tools/bin/../lib/gcc/arm-none-eabi/13.3.1/../../../../arm-none-eabi/lib/thumb/v7e-m+fp/hard\libc_nano.a(libc_a-errno.o)
 .ARM.attributes
                0x000005f3       0x34 C:/STM32CubeIDE_1.16.1/STM32CubeIDE/plugins/com.st.stm32cube.ide.mcu.externaltools.gnu-tools-for-stm32.13.3.rel1.win32_1.0.0.202411081344/tools/bin/../lib/gcc/arm-none-eabi/13.3.1/../../../../arm-none-eabi/lib/thumb/v7e-m+fp/hard\libc_nano.a(libc_a-init.o)
 .ARM.attributes
                0x00000627       0x34 C:/STM32CubeIDE_1.16.1/STM32CubeIDE/plugins/com.st.stm32cube.ide.mcu.externaltools.gnu-tools-for-stm32.13.3.rel1.win32_1.0.0.202411081344/tools/bin/../lib/gcc/arm-none-eabi/13.3.1/../../../../arm-none-eabi/lib/thumb/v7e-m+fp/hard\libc_nano.a(libc_a-memcpy-stub.o)
 .ARM.attributes
                0x0000065b       0x34 C:/STM32CubeIDE_1.16.1/STM32CubeIDE/plugins/com.st.stm32cube.ide.mcu.externaltools.gnu-tools-for-stm32.13.3.rel1.win32_1.0.0.202411081344/tools/bin/../lib/gcc/arm-none-eabi/13.3.1/../../../../arm-none-eabi/lib/thumb/v7e-m+fp/hard\libm.a(libm_a-wf_sqrt.o)
 .ARM.attributes
                0x0000068f       0x34 C:/STM32CubeIDE_1.16.1/STM32CubeIDE/plugins/com.st.stm32cube.ide.mcu.externaltools.gnu-tools-for-stm32.13.3.rel1.win32_1.0.0.202411081344/tools/bin/../lib/gcc/arm-none-eabi/13.3.1/../../../../arm-none-eabi/lib/thumb/v7e-m+fp/hard\libm.a(libm_a-ef_sqrt.o)
 .ARM.attributes
                0x000006c3       0x22 C:/STM32CubeIDE_1.16.1/STM32CubeIDE/plugins/com.st.stm32cube.ide.mcu.externaltools.gnu-tools-for-stm32.13.3.rel1.win32_1.0.0.202411081344/tools/bin/../lib/gcc/arm-none-eabi/13.3.1/thumb/v7e-m+fp/hard\libgcc.a(_arm_addsubdf3.o)
 .ARM.attributes
                0x000006e5       0x22 C:/STM32CubeIDE_1.16.1/STM32CubeIDE/plugins/com.st.stm32cube.ide.mcu.externaltools.gnu-tools-for-stm32.13.3.rel1.win32_1.0.0.202411081344/tools/bin/../lib/gcc/arm-none-eabi/13.3.1/thumb/v7e-m+fp/hard\libgcc.a(_arm_muldivdf3.o)
 .ARM.attributes
                0x00000707       0x22 C:/STM32CubeIDE_1.16.1/STM32CubeIDE/plugins/com.st.stm32cube.ide.mcu.externaltools.gnu-tools-for-stm32.13.3.rel1.win32_1.0.0.202411081344/tools/bin/../lib/gcc/arm-none-eabi/13.3.1/thumb/v7e-m+fp/hard\libgcc.a(_arm_cmpdf2.o)
 .ARM.attributes
                0x00000729       0x22 C:/STM32CubeIDE_1.16.1/STM32CubeIDE/plugins/com.st.stm32cube.ide.mcu.externaltools.gnu-tools-for-stm32.13.3.rel1.win32_1.0.0.202411081344/tools/bin/../lib/gcc/arm-none-eabi/13.3.1/thumb/v7e-m+fp/hard\libgcc.a(_arm_fixdfsi.o)
 .ARM.attributes
                0x0000074b       0x22 C:/STM32CubeIDE_1.16.1/STM32CubeIDE/plugins/com.st.stm32cube.ide.mcu.externaltools.gnu-tools-for-stm32.13.3.rel1.win32_1.0.0.202411081344/tools/bin/../lib/gcc/arm-none-eabi/13.3.1/thumb/v7e-m+fp/hard\libgcc.a(_arm_fixunsdfsi.o)
 .ARM.attributes
                0x0000076d       0x22 C:/STM32CubeIDE_1.16.1/STM32CubeIDE/plugins/com.st.stm32cube.ide.mcu.externaltools.gnu-tools-for-stm32.13.3.rel1.win32_1.0.0.202411081344/tools/bin/../lib/gcc/arm-none-eabi/13.3.1/thumb/v7e-m+fp/hard\libgcc.a(_arm_truncdfsf2.o)
 .ARM.attributes
                0x0000078f       0x22 C:/STM32CubeIDE_1.16.1/STM32CubeIDE/plugins/com.st.stm32cube.ide.mcu.externaltools.gnu-tools-for-stm32.13.3.rel1.win32_1.0.0.202411081344/tools/bin/../lib/gcc/arm-none-eabi/13.3.1/thumb/v7e-m+fp/hard\libgcc.a(_aeabi_uldivmod.o)
 .ARM.attributes
                0x000007b1       0x34 C:/STM32CubeIDE_1.16.1/STM32CubeIDE/plugins/com.st.stm32cube.ide.mcu.externaltools.gnu-tools-for-stm32.13.3.rel1.win32_1.0.0.202411081344/tools/bin/../lib/gcc/arm-none-eabi/13.3.1/thumb/v7e-m+fp/hard\libgcc.a(_udivmoddi4.o)
 .ARM.attributes
                0x000007e5       0x22 C:/STM32CubeIDE_1.16.1/STM32CubeIDE/plugins/com.st.stm32cube.ide.mcu.externaltools.gnu-tools-for-stm32.13.3.rel1.win32_1.0.0.202411081344/tools/bin/../lib/gcc/arm-none-eabi/13.3.1/thumb/v7e-m+fp/hard\libgcc.a(_dvmd_tls.o)
 .ARM.attributes
                0x00000807       0x22 C:/STM32CubeIDE_1.16.1/STM32CubeIDE/plugins/com.st.stm32cube.ide.mcu.externaltools.gnu-tools-for-stm32.13.3.rel1.win32_1.0.0.202411081344/tools/bin/../lib/gcc/arm-none-eabi/13.3.1/thumb/v7e-m+fp/hard/crtn.o
OUTPUT(Studio.elf elf32-littlearm)
LOAD linker stubs
LOAD C:/STM32CubeIDE_1.16.1/STM32CubeIDE/plugins/com.st.stm32cube.ide.mcu.externaltools.gnu-tools-for-stm32.13.3.rel1.win32_1.0.0.202411081344/tools/bin/../lib/gcc/arm-none-eabi/13.3.1/../../../../arm-none-eabi/lib/thumb/v7e-m+fp/hard\libc.a
LOAD C:/STM32CubeIDE_1.16.1/STM32CubeIDE/plugins/com.st.stm32cube.ide.mcu.externaltools.gnu-tools-for-stm32.13.3.rel1.win32_1.0.0.202411081344/tools/bin/../lib/gcc/arm-none-eabi/13.3.1/../../../../arm-none-eabi/lib/thumb/v7e-m+fp/hard\libm.a
LOAD C:/STM32CubeIDE_1.16.1/STM32CubeIDE/plugins/com.st.stm32cube.ide.mcu.externaltools.gnu-tools-for-stm32.13.3.rel1.win32_1.0.0.202411081344/tools/bin/../lib/gcc/arm-none-eabi/13.3.1/thumb/v7e-m+fp/hard\libgcc.a

.debug_info     0x00000000    0x1d979
 .debug_info    0x00000000     0x1598 ./Core/Src/ModBusRTU.o
 .debug_info    0x00001598      0x1ad ./Core/Src/PID.o
 .debug_info    0x00001745      0xb64 ./Core/Src/QEI.o
 .debug_info    0x000022a9      0x1ee ./Core/Src/Trapezoidal.o
 .debug_info    0x00002497     0x343f ./Core/Src/main.o
 .debug_info    0x000058d6      0xc34 ./Core/Src/moter.o
 .debug_info    0x0000650a     0x1e5c ./Core/Src/stm32g4xx_hal_msp.o
 .debug_info    0x00008366     0x14bf ./Core/Src/stm32g4xx_it.o
 .debug_info    0x00009825      0x58e ./Core/Src/system_stm32g4xx.o
 .debug_info    0x00009db3       0x30 ./Core/Startup/startup_stm32g474retx.o
 .debug_info    0x00009de3      0xb95 ./Drivers/STM32G4xx_HAL_Driver/Src/stm32g4xx_hal.o
 .debug_info    0x0000a978     0x2063 ./Drivers/STM32G4xx_HAL_Driver/Src/stm32g4xx_hal_adc.o
 .debug_info    0x0000c9db     0x1d80 ./Drivers/STM32G4xx_HAL_Driver/Src/stm32g4xx_hal_adc_ex.o
 .debug_info    0x0000e75b      0xdf9 ./Drivers/STM32G4xx_HAL_Driver/Src/stm32g4xx_hal_cortex.o
 .debug_info    0x0000f554      0x85f ./Drivers/STM32G4xx_HAL_Driver/Src/stm32g4xx_hal_dma.o
 .debug_info    0x0000fdb3      0x763 ./Drivers/STM32G4xx_HAL_Driver/Src/stm32g4xx_hal_gpio.o
 .debug_info    0x00010516      0x93f ./Drivers/STM32G4xx_HAL_Driver/Src/stm32g4xx_hal_pwr_ex.o
 .debug_info    0x00010e55      0xbe0 ./Drivers/STM32G4xx_HAL_Driver/Src/stm32g4xx_hal_rcc.o
 .debug_info    0x00011a35      0xc45 ./Drivers/STM32G4xx_HAL_Driver/Src/stm32g4xx_hal_rcc_ex.o
 .debug_info    0x0001267a     0x301a ./Drivers/STM32G4xx_HAL_Driver/Src/stm32g4xx_hal_tim.o
 .debug_info    0x00015694     0x1f5e ./Drivers/STM32G4xx_HAL_Driver/Src/stm32g4xx_hal_tim_ex.o
 .debug_info    0x000175f2     0x4ad2 ./Drivers/STM32G4xx_HAL_Driver/Src/stm32g4xx_hal_uart.o
 .debug_info    0x0001c0c4     0x10c8 ./Drivers/STM32G4xx_HAL_Driver/Src/stm32g4xx_hal_uart_ex.o
 .debug_info    0x0001d18c      0x7ed ./Middlewares/Third_Party/ARM_CMSIS/Source/ControllerFunctions/ControllerFunctions.o

.debug_abbrev   0x00000000     0x3740
 .debug_abbrev  0x00000000      0x365 ./Core/Src/ModBusRTU.o
 .debug_abbrev  0x00000365       0xee ./Core/Src/PID.o
 .debug_abbrev  0x00000453      0x1f8 ./Core/Src/QEI.o
 .debug_abbrev  0x0000064b       0xec ./Core/Src/Trapezoidal.o
 .debug_abbrev  0x00000737      0x46b ./Core/Src/main.o
 .debug_abbrev  0x00000ba2      0x1f8 ./Core/Src/moter.o
 .debug_abbrev  0x00000d9a      0x299 ./Core/Src/stm32g4xx_hal_msp.o
 .debug_abbrev  0x00001033      0x209 ./Core/Src/stm32g4xx_it.o
 .debug_abbrev  0x0000123c      0x11a ./Core/Src/system_stm32g4xx.o
 .debug_abbrev  0x00001356       0x24 ./Core/Startup/startup_stm32g474retx.o
 .debug_abbrev  0x0000137a      0x271 ./Drivers/STM32G4xx_HAL_Driver/Src/stm32g4xx_hal.o
 .debug_abbrev  0x000015eb      0x2d3 ./Drivers/STM32G4xx_HAL_Driver/Src/stm32g4xx_hal_adc.o
 .debug_abbrev  0x000018be      0x2ee ./Drivers/STM32G4xx_HAL_Driver/Src/stm32g4xx_hal_adc_ex.o
 .debug_abbrev  0x00001bac      0x31c ./Drivers/STM32G4xx_HAL_Driver/Src/stm32g4xx_hal_cortex.o
 .debug_abbrev  0x00001ec8      0x1e2 ./Drivers/STM32G4xx_HAL_Driver/Src/stm32g4xx_hal_dma.o
 .debug_abbrev  0x000020aa      0x1cb ./Drivers/STM32G4xx_HAL_Driver/Src/stm32g4xx_hal_gpio.o
 .debug_abbrev  0x00002275      0x22c ./Drivers/STM32G4xx_HAL_Driver/Src/stm32g4xx_hal_pwr_ex.o
 .debug_abbrev  0x000024a1      0x2c9 ./Drivers/STM32G4xx_HAL_Driver/Src/stm32g4xx_hal_rcc.o
 .debug_abbrev  0x0000276a      0x258 ./Drivers/STM32G4xx_HAL_Driver/Src/stm32g4xx_hal_rcc_ex.o
 .debug_abbrev  0x000029c2      0x2b8 ./Drivers/STM32G4xx_HAL_Driver/Src/stm32g4xx_hal_tim.o
 .debug_abbrev  0x00002c7a      0x2d6 ./Drivers/STM32G4xx_HAL_Driver/Src/stm32g4xx_hal_tim_ex.o
 .debug_abbrev  0x00002f50      0x317 ./Drivers/STM32G4xx_HAL_Driver/Src/stm32g4xx_hal_uart.o
 .debug_abbrev  0x00003267      0x2d2 ./Drivers/STM32G4xx_HAL_Driver/Src/stm32g4xx_hal_uart_ex.o
 .debug_abbrev  0x00003539      0x207 ./Middlewares/Third_Party/ARM_CMSIS/Source/ControllerFunctions/ControllerFunctions.o

.debug_aranges  0x00000000     0x16e8
 .debug_aranges
                0x00000000       0x70 ./Core/Src/ModBusRTU.o
 .debug_aranges
                0x00000070       0x28 ./Core/Src/PID.o
 .debug_aranges
                0x00000098       0x30 ./Core/Src/QEI.o
 .debug_aranges
                0x000000c8       0x28 ./Core/Src/Trapezoidal.o
 .debug_aranges
                0x000000f0       0xc0 ./Core/Src/main.o
 .debug_aranges
                0x000001b0       0x28 ./Core/Src/moter.o
 .debug_aranges
                0x000001d8       0x68 ./Core/Src/stm32g4xx_hal_msp.o
 .debug_aranges
                0x00000240       0xc8 ./Core/Src/stm32g4xx_it.o
 .debug_aranges