14:57:06 **** Incremental Build of configuration Debug for project Studio ****
make -j20 all 
arm-none-eabi-gcc "../Core/Src/main.c" -mcpu=cortex-m4 -std=gnu11 -g3 -DDEBUG -DARM_MATH_MATRIX_CHECK -DUSE_HAL_DRIVER -DSTM32G474xx -c -I../Core/Inc -I../Drivers/STM32G4xx_HAL_Driver/Inc -I../Drivers/STM32G4xx_HAL_Driver/Inc/Legacy -I../Drivers/CMSIS/Device/ST/STM32G4xx/Include -I../Drivers/CMSIS/Include -I../Middlewares/Third_Party/ARM_CMSIS/CMSIS/Core/Include/ -I../Middlewares/Third_Party/ARM_CMSIS/PrivateInclude/ -I../Middlewares/Third_Party/ARM_CMSIS/Include/ -I../Middlewares/Third_Party/ARM_CMSIS/Include -I"C:/Users/spwkp/STM32CubeIDE/Full_Studio_2_2/Studio/Source/BasicMathFunctions" -I"C:/Users/spwkp/STM32CubeIDE/Full_Studio_2_2/Studio/Source/BayesFunctions" -I"C:/Users/spwkp/STM32CubeIDE/Full_Studio_2_2/Studio/Source/CommonTables" -I"C:/Users/spwkp/STM32CubeIDE/Full_Studio_2_2/Studio/Source/ComplexMathFunctions" -I"C:/Users/spwkp/STM32CubeIDE/Full_Studio_2_2/Studio/Source/ControllerFunctions" -I"C:/Users/spwkp/STM32CubeIDE/Full_Studio_2_2/Studio/Source/DistanceFunctions" -I"C:/Users/spwkp/STM32CubeIDE/Full_Studio_2_2/Studio/Source/FastMathFunctions" -I"C:/Users/spwkp/STM32CubeIDE/Full_Studio_2_2/Studio/Source/FilteringFunctions" -I"C:/Users/spwkp/STM32CubeIDE/Full_Studio_2_2/Studio/Source/InterpolationFunctions" -I"C:/Users/spwkp/STM32CubeIDE/Full_Studio_2_2/Studio/Source/MatrixFunctions" -I"C:/Users/spwkp/STM32CubeIDE/Full_Studio_2_2/Studio/Source/QuaternionMathFunctions" -I"C:/Users/spwkp/STM32CubeIDE/Full_Studio_2_2/Studio/Source/StatisticsFunctions" -I"C:/Users/spwkp/STM32CubeIDE/Full_Studio_2_2/Studio/Source/SupportFunctions" -I"C:/Users/spwkp/STM32CubeIDE/Full_Studio_2_2/Studio/Source/SVMFunctions" -I"C:/Users/spwkp/STM32CubeIDE/Full_Studio_2_2/Studio/Source/TransformFunctions" -I"C:/Users/spwkp/STM32CubeIDE/Full_Studio_2_2/Studio/Source/WindowFunctions" -O0 -ffunction-sections -fdata-sections -Wall -fstack-usage -fcyclomatic-complexity -MMD -MP -MF"Core/Src/main.d" -MT"Core/Src/main.o" --specs=nano.specs -mfpu=fpv4-sp-d16 -mfloat-abi=hard -mthumb -o "Core/Src/main.o"
arm-none-eabi-gcc -o "Studio.elf" @"objects.list"   -mcpu=cortex-m4 -T"C:\Users\spwkp\STM32CubeIDE\Full_Studio_2_2\Studio\STM32G474RETX_FLASH.ld" --specs=nosys.specs -Wl,-Map="Studio.map" -Wl,--gc-sections -static --specs=nano.specs -mfpu=fpv4-sp-d16 -mfloat-abi=hard -mthumb -Wl,--start-group -lc -lm -Wl,--end-group
Finished building target: Studio.elf
 
arm-none-eabi-size  Studio.elf 
arm-none-eabi-objdump -h -S Studio.elf  > "Studio.list"
   text	   data	    bss	    dec	    hex	filename
  43796	    712	   6480	  50988	   c72c	Studio.elf
Finished building: default.size.stdout
 
Finished building: Studio.list
 
14:57:11 **** Incremental Build of configuration Debug for project Studio ****
make -j20 all 
arm-none-eabi-size  Studio.elf 
   text	   data	    bss	    dec	    hex	filename
  43796	    712	   6480	  50988	   c72c	Studio.elf
Finished building: default.size.stdout
 
15:14:52 **** Incremental Build of configuration Debug for project Studio ****
make -j20 all 
arm-none-eabi-size  Studio.elf 
   text	   data	    bss	    dec	    hex	filename
  43796	    712	   6480	  50988	   c72c	Studio.elf
Finished building: default.size.stdout
 
18:17:21 **** Incremental Build of configuration Debug for project Studio ****
make -j20 all 
arm-none-eabi-gcc "../Core/Src/main.c" -mcpu=cortex-m4 -std=gnu11 -g3 -DDEBUG -DARM_MATH_MATRIX_CHECK -DUSE_HAL_DRIVER -DSTM32G474xx -c -I../Core/Inc -I../Drivers/STM32G4xx_HAL_Driver/Inc -I../Drivers/STM32G4xx_HAL_Driver/Inc/Legacy -I../Drivers/CMSIS/Device/ST/STM32G4xx/Include -I../Drivers/CMSIS/Include -I../Middlewares/Third_Party/ARM_CMSIS/CMSIS/Core/Include/ -I../Middlewares/Third_Party/ARM_CMSIS/PrivateInclude/ -I../Middlewares/Third_Party/ARM_CMSIS/Include/ -I../Middlewares/Third_Party/ARM_CMSIS/Include -I"C:/Users/spwkp/STM32CubeIDE/Full_Studio_2_2/Studio/Source/BasicMathFunctions" -I"C:/Users/spwkp/STM32CubeIDE/Full_Studio_2_2/Studio/Source/BayesFunctions" -I"C:/Users/spwkp/STM32CubeIDE/Full_Studio_2_2/Studio/Source/CommonTables" -I"C:/Users/spwkp/STM32CubeIDE/Full_Studio_2_2/Studio/Source/ComplexMathFunctions" -I"C:/Users/spwkp/STM32CubeIDE/Full_Studio_2_2/Studio/Source/ControllerFunctions" -I"C:/Users/spwkp/STM32CubeIDE/Full_Studio_2_2/Studio/Source/DistanceFunctions" -I"C:/Users/spwkp/STM32CubeIDE/Full_Studio_2_2/Studio/Source/FastMathFunctions" -I"C:/Users/spwkp/STM32CubeIDE/Full_Studio_2_2/Studio/Source/FilteringFunctions" -I"C:/Users/spwkp/STM32CubeIDE/Full_Studio_2_2/Studio/Source/InterpolationFunctions" -I"C:/Users/spwkp/STM32CubeIDE/Full_Studio_2_2/Studio/Source/MatrixFunctions" -I"C:/Users/spwkp/STM32CubeIDE/Full_Studio_2_2/Studio/Source/QuaternionMathFunctions" -I"C:/Users/spwkp/STM32CubeIDE/Full_Studio_2_2/Studio/Source/StatisticsFunctions" -I"C:/Users/spwkp/STM32CubeIDE/Full_Studio_2_2/Studio/Source/SupportFunctions" -I"C:/Users/spwkp/STM32CubeIDE/Full_Studio_2_2/Studio/Source/SVMFunctions" -I"C:/Users/spwkp/STM32CubeIDE/Full_Studio_2_2/Studio/Source/TransformFunctions" -I"C:/Users/spwkp/STM32CubeIDE/Full_Studio_2_2/Studio/Source/WindowFunctions" -O0 -ffunction-sections -fdata-sections -Wall -fstack-usage -fcyclomatic-complexity -MMD -MP -MF"Core/Src/main.d" -MT"Core/Src/main.o" --specs=nano.specs -mfpu=fpv4-sp-d16 -mfloat-abi=hard -mthumb -o "Core/Src/main.o"
arm-none-eabi-gcc -o "Studio.elf" @"objects.list"   -mcpu=cortex-m4 -T"C:\Users\spwkp\STM32CubeIDE\Full_Studio_2_2\Studio\STM32G474RETX_FLASH.ld" --specs=nosys.specs -Wl,-Map="Studio.map" -Wl,--gc-sections -static --specs=nano.specs -mfpu=fpv4-sp-d16 -mfloat-abi=hard -mthumb -Wl,--start-group -lc -lm -Wl,--end-group
Finished building target: Studio.elf
 
arm-none-eabi-size  Studio.elf 
arm-none-eabi-objdump -h -S Studio.elf  > "Studio.list"
   text	   data	    bss	    dec	    hex	filename
  43860	    712	   6480	  51052	   c76c	Studio.elf
Finished building: default.size.stdout
 
Finished building: Studio.list
 
18:19:13 **** Incremental Build of configuration Debug for project Studio ****
make -j20 all 
arm-none-eabi-gcc "../Core/Src/main.c" -mcpu=cortex-m4 -std=gnu11 -g3 -DDEBUG -DARM_MATH_MATRIX_CHECK -DUSE_HAL_DRIVER -DSTM32G474xx -c -I../Core/Inc -I../Drivers/STM32G4xx_HAL_Driver/Inc -I../Drivers/STM32G4xx_HAL_Driver/Inc/Legacy -I../Drivers/CMSIS/Device/ST/STM32G4xx/Include -I../Drivers/CMSIS/Include -I../Middlewares/Third_Party/ARM_CMSIS/CMSIS/Core/Include/ -I../Middlewares/Third_Party/ARM_CMSIS/PrivateInclude/ -I../Middlewares/Third_Party/ARM_CMSIS/Include/ -I../Middlewares/Third_Party/ARM_CMSIS/Include -I"C:/Users/spwkp/STM32CubeIDE/Full_Studio_2_2/Studio/Source/BasicMathFunctions" -I"C:/Users/spwkp/STM32CubeIDE/Full_Studio_2_2/Studio/Source/BayesFunctions" -I"C:/Users/spwkp/STM32CubeIDE/Full_Studio_2_2/Studio/Source/CommonTables" -I"C:/Users/spwkp/STM32CubeIDE/Full_Studio_2_2/Studio/Source/ComplexMathFunctions" -I"C:/Users/spwkp/STM32CubeIDE/Full_Studio_2_2/Studio/Source/ControllerFunctions" -I"C:/Users/spwkp/STM32CubeIDE/Full_Studio_2_2/Studio/Source/DistanceFunctions" -I"C:/Users/spwkp/STM32CubeIDE/Full_Studio_2_2/Studio/Source/FastMathFunctions" -I"C:/Users/spwkp/STM32CubeIDE/Full_Studio_2_2/Studio/Source/FilteringFunctions" -I"C:/Users/spwkp/STM32CubeIDE/Full_Studio_2_2/Studio/Source/InterpolationFunctions" -I"C:/Users/spwkp/STM32CubeIDE/Full_Studio_2_2/Studio/Source/MatrixFunctions" -I"C:/Users/spwkp/STM32CubeIDE/Full_Studio_2_2/Studio/Source/QuaternionMathFunctions" -I"C:/Users/spwkp/STM32CubeIDE/Full_Studio_2_2/Studio/Source/StatisticsFunctions" -I"C:/Users/spwkp/STM32CubeIDE/Full_Studio_2_2/Studio/Source/SupportFunctions" -I"C:/Users/spwkp/STM32CubeIDE/Full_Studio_2_2/Studio/Source/SVMFunctions" -I"C:/Users/spwkp/STM32CubeIDE/Full_Studio_2_2/Studio/Source/TransformFunctions" -I"C:/Users/spwkp/STM32CubeIDE/Full_Studio_2_2/Studio/Source/WindowFunctions" -O0 -ffunction-sections -fdata-sections -Wall -fstack-usage -fcyclomatic-complexity -MMD -MP -MF"Core/Src/main.d" -MT"Core/Src/main.o" --specs=nano.specs -mfpu=fpv4-sp-d16 -mfloat-abi=hard -mthumb -o "Core/Src/main.o"
arm-none-eabi-gcc -o "Studio.elf" @"objects.list"   -mcpu=cortex-m4 -T"C:\Users\spwkp\STM32CubeIDE\Full_Studio_2_2\Studio\STM32G474RETX_FLASH.ld" --specs=nosys.specs -Wl,-Map="Studio.map" -Wl,--gc-sections -static --specs=nano.specs -mfpu=fpv4-sp-d16 -mfloat-abi=hard -mthumb -Wl,--start-group -lc -lm -Wl,--end-group
Finished building target: Studio.elf
 
arm-none-eabi-size  Studio.elf 
arm-none-eabi-objdump -h -S Studio.elf  > "Studio.list"
   text	   data	    bss	    dec	    hex	filename
  43796	    712	   6480	  50988	   c72c	Studio.elf
Finished building: default.size.stdout
 
Finished building: Studio.list
 
18:20:35 **** Incremental Build of configuration Debug for project Studio ****
make -j20 all 
arm-none-eabi-gcc "../Core/Src/main.c" -mcpu=cortex-m4 -std=gnu11 -g3 -DDEBUG -DARM_MATH_MATRIX_CHECK -DUSE_HAL_DRIVER -DSTM32G474xx -c -I../Core/Inc -I../Drivers/STM32G4xx_HAL_Driver/Inc -I../Drivers/STM32G4xx_HAL_Driver/Inc/Legacy -I../Drivers/CMSIS/Device/ST/STM32G4xx/Include -I../Drivers/CMSIS/Include -I../Middlewares/Third_Party/ARM_CMSIS/CMSIS/Core/Include/ -I../Middlewares/Third_Party/ARM_CMSIS/PrivateInclude/ -I../Middlewares/Third_Party/ARM_CMSIS/Include/ -I../Middlewares/Third_Party/ARM_CMSIS/Include -I"C:/Users/spwkp/STM32CubeIDE/Full_Studio_2_2/Studio/Source/BasicMathFunctions" -I"C:/Users/spwkp/STM32CubeIDE/Full_Studio_2_2/Studio/Source/BayesFunctions" -I"C:/Users/spwkp/STM32CubeIDE/Full_Studio_2_2/Studio/Source/CommonTables" -I"C:/Users/spwkp/STM32CubeIDE/Full_Studio_2_2/Studio/Source/ComplexMathFunctions" -I"C:/Users/spwkp/STM32CubeIDE/Full_Studio_2_2/Studio/Source/ControllerFunctions" -I"C:/Users/spwkp/STM32CubeIDE/Full_Studio_2_2/Studio/Source/DistanceFunctions" -I"C:/Users/spwkp/STM32CubeIDE/Full_Studio_2_2/Studio/Source/FastMathFunctions" -I"C:/Users/spwkp/STM32CubeIDE/Full_Studio_2_2/Studio/Source/FilteringFunctions" -I"C:/Users/spwkp/STM32CubeIDE/Full_Studio_2_2/Studio/Source/InterpolationFunctions" -I"C:/Users/spwkp/STM32CubeIDE/Full_Studio_2_2/Studio/Source/MatrixFunctions" -I"C:/Users/spwkp/STM32CubeIDE/Full_Studio_2_2/Studio/Source/QuaternionMathFunctions" -I"C:/Users/spwkp/STM32CubeIDE/Full_Studio_2_2/Studio/Source/StatisticsFunctions" -I"C:/Users/spwkp/STM32CubeIDE/Full_Studio_2_2/Studio/Source/SupportFunctions" -I"C:/Users/spwkp/STM32CubeIDE/Full_Studio_2_2/Studio/Source/SVMFunctions" -I"C:/Users/spwkp/STM32CubeIDE/Full_Studio_2_2/Studio/Source/TransformFunctions" -I"C:/Users/spwkp/STM32CubeIDE/Full_Studio_2_2/Studio/Source/WindowFunctions" -O0 -ffunction-sections -fdata-sections -Wall -fstack-usage -fcyclomatic-complexity -MMD -MP -MF"Core/Src/main.d" -MT"Core/Src/main.o" --specs=nano.specs -mfpu=fpv4-sp-d16 -mfloat-abi=hard -mthumb -o "Core/Src/main.o"
arm-none-eabi-gcc -o "Studio.elf" @"objects.list"   -mcpu=cortex-m4 -T"C:\Users\spwkp\STM32CubeIDE\Full_Studio_2_2\Studio\STM32G474RETX_FLASH.ld" --specs=nosys.specs -Wl,-Map="Studio.map" -Wl,--gc-sections -static --specs=nano.specs -mfpu=fpv4-sp-d16 -mfloat-abi=hard -mthumb -Wl,--start-group -lc -lm -Wl,--end-group
Finished building target: Studio.elf
 
arm-none-eabi-size  Studio.elf 
arm-none-eabi-objdump -h -S Studio.elf  > "Studio.list"
   text	   data	    bss	    dec	    hex	filename
  43860	    712	   6480	  51052	   c76c	Studio.elf
Finished building: default.size.stdout
 
Finished building: Studio.list
 
18:25:19 **** Incremental Build of configuration Debug for project Studio ****
make -j20 all 
arm-none-eabi-gcc "../Core/Src/main.c" -mcpu=cortex-m4 -std=gnu11 -g3 -DDEBUG -DARM_MATH_MATRIX_CHECK -DUSE_HAL_DRIVER -DSTM32G474xx -c -I../Core/Inc -I../Drivers/STM32G4xx_HAL_Driver/Inc -I../Drivers/STM32G4xx_HAL_Driver/Inc/Legacy -I../Drivers/CMSIS/Device/ST/STM32G4xx/Include -I../Drivers/CMSIS/Include -I../Middlewares/Third_Party/ARM_CMSIS/CMSIS/Core/Include/ -I../Middlewares/Third_Party/ARM_CMSIS/PrivateInclude/ -I../Middlewares/Third_Party/ARM_CMSIS/Include/ -I../Middlewares/Third_Party/ARM_CMSIS/Include -I"C:/Users/spwkp/STM32CubeIDE/Full_Studio_2_2/Studio/Source/BasicMathFunctions" -I"C:/Users/spwkp/STM32CubeIDE/Full_Studio_2_2/Studio/Source/BayesFunctions" -I"C:/Users/spwkp/STM32CubeIDE/Full_Studio_2_2/Studio/Source/CommonTables" -I"C:/Users/spwkp/STM32CubeIDE/Full_Studio_2_2/Studio/Source/ComplexMathFunctions" -I"C:/Users/spwkp/STM32CubeIDE/Full_Studio_2_2/Studio/Source/ControllerFunctions" -I"C:/Users/spwkp/STM32CubeIDE/Full_Studio_2_2/Studio/Source/DistanceFunctions" -I"C:/Users/spwkp/STM32CubeIDE/Full_Studio_2_2/Studio/Source/FastMathFunctions" -I"C:/Users/spwkp/STM32CubeIDE/Full_Studio_2_2/Studio/Source/FilteringFunctions" -I"C:/Users/spwkp/STM32CubeIDE/Full_Studio_2_2/Studio/Source/InterpolationFunctions" -I"C:/Users/spwkp/STM32CubeIDE/Full_Studio_2_2/Studio/Source/MatrixFunctions" -I"C:/Users/spwkp/STM32CubeIDE/Full_Studio_2_2/Studio/Source/QuaternionMathFunctions" -I"C:/Users/spwkp/STM32CubeIDE/Full_Studio_2_2/Studio/Source/StatisticsFunctions" -I"C:/Users/spwkp/STM32CubeIDE/Full_Studio_2_2/Studio/Source/SupportFunctions" -I"C:/Users/spwkp/STM32CubeIDE/Full_Studio_2_2/Studio/Source/SVMFunctions" -I"C:/Users/spwkp/STM32CubeIDE/Full_Studio_2_2/Studio/Source/TransformFunctions" -I"C:/Users/spwkp/STM32CubeIDE/Full_Studio_2_2/Studio/Source/WindowFunctions" -O0 -ffunction-sections -fdata-sections -Wall -fstack-usage -fcyclomatic-complexity -MMD -MP -MF"Core/Src/main.d" -MT"Core/Src/main.o" --specs=nano.specs -mfpu=fpv4-sp-d16 -mfloat-abi=hard -mthumb -o "Core/Src/main.o"
arm-none-eabi-gcc -o "Studio.elf" @"objects.list"   -mcpu=cortex-m4 -T"C:\Users\spwkp\STM32CubeIDE\Full_Studio_2_2\Studio\STM32G474RETX_FLASH.ld" --specs=nosys.specs -Wl,-Map="Studio.map" -Wl,--gc-sections -static --specs=nano.specs -mfpu=fpv4-sp-d16 -mfloat-abi=hard -mthumb -Wl,--start-group -lc -lm -Wl,--end-group
Finished building target: Studio.elf
 
arm-none-eabi-size  Studio.elf 
arm-none-eabi-objdump -h -S Studio.elf  > "Studio.list"
   text	   data	    bss	    dec	    hex	filename
  43940	    712	   6488	  51140	   c7c4	Studio.elf
Finished building: default.size.stdout
 
Finished building: Studio.list
 
18:28:09 **** Incremental Build of configuration Debug for project Studio ****
make -j20 all 
arm-none-eabi-gcc "../Core/Src/main.c" -mcpu=cortex-m4 -std=gnu11 -g3 -DDEBUG -DARM_MATH_MATRIX_CHECK -DUSE_HAL_DRIVER -DSTM32G474xx -c -I../Core/Inc -I../Drivers/STM32G4xx_HAL_Driver/Inc -I../Drivers/STM32G4xx_HAL_Driver/Inc/Legacy -I../Drivers/CMSIS/Device/ST/STM32G4xx/Include -I../Drivers/CMSIS/Include -I../Middlewares/Third_Party/ARM_CMSIS/CMSIS/Core/Include/ -I../Middlewares/Third_Party/ARM_CMSIS/PrivateInclude/ -I../Middlewares/Third_Party/ARM_CMSIS/Include/ -I../Middlewares/Third_Party/ARM_CMSIS/Include -I"C:/Users/spwkp/STM32CubeIDE/Full_Studio_2_2/Studio/Source/BasicMathFunctions" -I"C:/Users/spwkp/STM32CubeIDE/Full_Studio_2_2/Studio/Source/BayesFunctions" -I"C:/Users/spwkp/STM32CubeIDE/Full_Studio_2_2/Studio/Source/CommonTables" -I"C:/Users/spwkp/STM32CubeIDE/Full_Studio_2_2/Studio/Source/ComplexMathFunctions" -I"C:/Users/spwkp/STM32CubeIDE/Full_Studio_2_2/Studio/Source/ControllerFunctions" -I"C:/Users/spwkp/STM32CubeIDE/Full_Studio_2_2/Studio/Source/DistanceFunctions" -I"C:/Users/spwkp/STM32CubeIDE/Full_Studio_2_2/Studio/Source/FastMathFunctions" -I"C:/Users/spwkp/STM32CubeIDE/Full_Studio_2_2/Studio/Source/FilteringFunctions" -I"C:/Users/spwkp/STM32CubeIDE/Full_Studio_2_2/Studio/Source/InterpolationFunctions" -I"C:/Users/spwkp/STM32CubeIDE/Full_Studio_2_2/Studio/Source/MatrixFunctions" -I"C:/Users/spwkp/STM32CubeIDE/Full_Studio_2_2/Studio/Source/QuaternionMathFunctions" -I"C:/Users/spwkp/STM32CubeIDE/Full_Studio_2_2/Studio/Source/StatisticsFunctions" -I"C:/Users/spwkp/STM32CubeIDE/Full_Studio_2_2/Studio/Source/SupportFunctions" -I"C:/Users/spwkp/STM32CubeIDE/Full_Studio_2_2/Studio/Source/SVMFunctions" -I"C:/Users/spwkp/STM32CubeIDE/Full_Studio_2_2/Studio/Source/TransformFunctions" -I"C:/Users/spwkp/STM32CubeIDE/Full_Studio_2_2/Studio/Source/WindowFunctions" -O0 -ffunction-sections -fdata-sections -Wall -fstack-usage -fcyclomatic-complexity -MMD -MP -MF"Core/Src/main.d" -MT"Core/Src/main.o" --specs=nano.specs -mfpu=fpv4-sp-d16 -mfloat-abi=hard -mthumb -o "Core/Src/main.o"
arm-none-eabi-gcc "../Core/Src/stm32g4xx_it.c" -mcpu=cortex-m4 -std=gnu11 -g3 -DDEBUG -DARM_MATH_MATRIX_CHECK -DUSE_HAL_DRIVER -DSTM32G474xx -c -I../Core/Inc -I../Drivers/STM32G4xx_HAL_Driver/Inc -I../Drivers/STM32G4xx_HAL_Driver/Inc/Legacy -I../Drivers/CMSIS/Device/ST/STM32G4xx/Include -I../Drivers/CMSIS/Include -I../Middlewares/Third_Party/ARM_CMSIS/CMSIS/Core/Include/ -I../Middlewares/Third_Party/ARM_CMSIS/PrivateInclude/ -I../Middlewares/Third_Party/ARM_CMSIS/Include/ -I../Middlewares/Third_Party/ARM_CMSIS/Include -I"C:/Users/spwkp/STM32CubeIDE/Full_Studio_2_2/Studio/Source/BasicMathFunctions" -I"C:/Users/spwkp/STM32CubeIDE/Full_Studio_2_2/Studio/Source/BayesFunctions" -I"C:/Users/spwkp/STM32CubeIDE/Full_Studio_2_2/Studio/Source/CommonTables" -I"C:/Users/spwkp/STM32CubeIDE/Full_Studio_2_2/Studio/Source/ComplexMathFunctions" -I"C:/Users/spwkp/STM32CubeIDE/Full_Studio_2_2/Studio/Source/ControllerFunctions" -I"C:/Users/spwkp/STM32CubeIDE/Full_Studio_2_2/Studio/Source/DistanceFunctions" -I"C:/Users/spwkp/STM32CubeIDE/Full_Studio_2_2/Studio/Source/FastMathFunctions" -I"C:/Users/spwkp/STM32CubeIDE/Full_Studio_2_2/Studio/Source/FilteringFunctions" -I"C:/Users/spwkp/STM32CubeIDE/Full_Studio_2_2/Studio/Source/InterpolationFunctions" -I"C:/Users/spwkp/STM32CubeIDE/Full_Studio_2_2/Studio/Source/MatrixFunctions" -I"C:/Users/spwkp/STM32CubeIDE/Full_Studio_2_2/Studio/Source/QuaternionMathFunctions" -I"C:/Users/spwkp/STM32CubeIDE/Full_Studio_2_2/Studio/Source/StatisticsFunctions" -I"C:/Users/spwkp/STM32CubeIDE/Full_Studio_2_2/Studio/Source/SupportFunctions" -I"C:/Users/spwkp/STM32CubeIDE/Full_Studio_2_2/Studio/Source/SVMFunctions" -I"C:/Users/spwkp/STM32CubeIDE/Full_Studio_2_2/Studio/Source/TransformFunctions" -I"C:/Users/spwkp/STM32CubeIDE/Full_Studio_2_2/Studio/Source/WindowFunctions" -O0 -ffunction-sections -fdata-sections -Wall -fstack-usage -fcyclomatic-complexity -MMD -MP -MF"Core/Src/stm32g4xx_it.d" -MT"Core/Src/stm32g4xx_it.o" --specs=nano.specs -mfpu=fpv4-sp-d16 -mfloat-abi=hard -mthumb -o "Core/Src/stm32g4xx_it.o"
arm-none-eabi-gcc -o "Studio.elf" @"objects.list"   -mcpu=cortex-m4 -T"C:\Users\spwkp\STM32CubeIDE\Full_Studio_2_2\Studio\STM32G474RETX_FLASH.ld" --specs=nosys.specs -Wl,-Map="Studio.map" -Wl,--gc-sections -static --specs=nano.specs -mfpu=fpv4-sp-d16 -mfloat-abi=hard -mthumb -Wl,--start-group -lc -lm -Wl,--end-group
Finished building target: Studio.elf
 
arm-none-eabi-size  Studio.elf 
arm-none-eabi-objdump -h -S Studio.elf  > "Studio.list"
   text	   data	    bss	    dec	    hex	filename
  43924	    712	   6488	  51124	   c7b4	Studio.elf
Finished building: default.size.stdout
 
Finished building: Studio.list
 
18:31:23 **** Incremental Build of configuration Debug for project Studio ****
make -j20 all 
arm-none-eabi-gcc "../Core/Src/main.c" -mcpu=cortex-m4 -std=gnu11 -g3 -DDEBUG -DARM_MATH_MATRIX_CHECK -DUSE_HAL_DRIVER -DSTM32G474xx -c -I../Core/Inc -I../Drivers/STM32G4xx_HAL_Driver/Inc -I../Drivers/STM32G4xx_HAL_Driver/Inc/Legacy -I../Drivers/CMSIS/Device/ST/STM32G4xx/Include -I../Drivers/CMSIS/Include -I../Middlewares/Third_Party/ARM_CMSIS/CMSIS/Core/Include/ -I../Middlewares/Third_Party/ARM_CMSIS/PrivateInclude/ -I../Middlewares/Third_Party/ARM_CMSIS/Include/ -I../Middlewares/Third_Party/ARM_CMSIS/Include -I"C:/Users/spwkp/STM32CubeIDE/Full_Studio_2_2/Studio/Source/BasicMathFunctions" -I"C:/Users/spwkp/STM32CubeIDE/Full_Studio_2_2/Studio/Source/BayesFunctions" -I"C:/Users/spwkp/STM32CubeIDE/Full_Studio_2_2/Studio/Source/CommonTables" -I"C:/Users/spwkp/STM32CubeIDE/Full_Studio_2_2/Studio/Source/ComplexMathFunctions" -I"C:/Users/spwkp/STM32CubeIDE/Full_Studio_2_2/Studio/Source/ControllerFunctions" -I"C:/Users/spwkp/STM32CubeIDE/Full_Studio_2_2/Studio/Source/DistanceFunctions" -I"C:/Users/spwkp/STM32CubeIDE/Full_Studio_2_2/Studio/Source/FastMathFunctions" -I"C:/Users/spwkp/STM32CubeIDE/Full_Studio_2_2/Studio/Source/FilteringFunctions" -I"C:/Users/spwkp/STM32CubeIDE/Full_Studio_2_2/Studio/Source/InterpolationFunctions" -I"C:/Users/spwkp/STM32CubeIDE/Full_Studio_2_2/Studio/Source/MatrixFunctions" -I"C:/Users/spwkp/STM32CubeIDE/Full_Studio_2_2/Studio/Source/QuaternionMathFunctions" -I"C:/Users/spwkp/STM32CubeIDE/Full_Studio_2_2/Studio/Source/StatisticsFunctions" -I"C:/Users/spwkp/STM32CubeIDE/Full_Studio_2_2/Studio/Source/SupportFunctions" -I"C:/Users/spwkp/STM32CubeIDE/Full_Studio_2_2/Studio/Source/SVMFunctions" -I"C:/Users/spwkp/STM32CubeIDE/Full_Studio_2_2/Studio/Source/TransformFunctions" -I"C:/Users/spwkp/STM32CubeIDE/Full_Studio_2_2/Studio/Source/WindowFunctions" -O0 -ffunction-sections -fdata-sections -Wall -fstack-usage -fcyclomatic-complexity -MMD -MP -MF"Core/Src/main.d" -MT"Core/Src/main.o" --specs=nano.specs -mfpu=fpv4-sp-d16 -mfloat-abi=hard -mthumb -o "Core/Src/main.o"
arm-none-eabi-gcc -o "Studio.elf" @"objects.list"   -mcpu=cortex-m4 -T"C:\Users\spwkp\STM32CubeIDE\Full_Studio_2_2\Studio\STM32G474RETX_FLASH.ld" --specs=nosys.specs -Wl,-Map="Studio.map" -Wl,--gc-sections -static --specs=nano.specs -mfpu=fpv4-sp-d16 -mfloat-abi=hard -mthumb -Wl,--start-group -lc -lm -Wl,--end-group
Finished building target: Studio.elf
 
arm-none-eabi-size  Studio.elf 
arm-none-eabi-objdump -h -S Studio.elf  > "Studio.list"
   text	   data	    bss	    dec	    hex	filename
  43956	    712	   6488	  51156	   c7d4	Studio.elf
Finished building: default.size.stdout
 
Finished building: Studio.list
 
22:47:05 **** Incremental Build of configuration Debug for project Studio ****
make -j20 all 
arm-none-eabi-size  Studio.elf 
   text	   data	    bss	    dec	    hex	filename
  43956	    712	   6488	  51156	   c7d4	Studio.elf
Finished building: default.size.stdout
 
22:47:32 **** Incremental Build of configuration Debug for project Studio ****
make -j20 all 
arm-none-eabi-size  Studio.elf 
   text	   data	    bss	    dec	    hex	filename
  43956	    712	   6488	  51156	   c7d4	Studio.elf
Finished building: default.size.stdout
 
22:50:08 **** Incremental Build of configuration Debug for project Studio ****
make -j20 all 
arm-none-eabi-size  Studio.elf 
   text	   data	    bss	    dec	    hex	filename
  43956	    712	   6488	  51156	   c7d4	Studio.elf
Finished building: default.size.stdout
 
23:13:46 **** Incremental Build of configuration Debug for project Studio ****
make -j20 all 
arm-none-eabi-gcc "../Core/Src/main.c" -mcpu=cortex-m4 -std=gnu11 -g3 -DDEBUG -DARM_MATH_MATRIX_CHECK -DUSE_HAL_DRIVER -DSTM32G474xx -c -I../Core/Inc -I../Drivers/STM32G4xx_HAL_Driver/Inc -I../Drivers/STM32G4xx_HAL_Driver/Inc/Legacy -I../Drivers/CMSIS/Device/ST/STM32G4xx/Include -I../Drivers/CMSIS/Include -I../Middlewares/Third_Party/ARM_CMSIS/CMSIS/Core/Include/ -I../Middlewares/Third_Party/ARM_CMSIS/PrivateInclude/ -I../Middlewares/Third_Party/ARM_CMSIS/Include/ -I../Middlewares/Third_Party/ARM_CMSIS/Include -I"C:/Users/spwkp/STM32CubeIDE/Full_Studio_2_2/Studio/Source/BasicMathFunctions" -I"C:/Users/spwkp/STM32CubeIDE/Full_Studio_2_2/Studio/Source/BayesFunctions" -I"C:/Users/spwkp/STM32CubeIDE/Full_Studio_2_2/Studio/Source/CommonTables" -I"C:/Users/spwkp/STM32CubeIDE/Full_Studio_2_2/Studio/Source/ComplexMathFunctions" -I"C:/Users/spwkp/STM32CubeIDE/Full_Studio_2_2/Studio/Source/ControllerFunctions" -I"C:/Users/spwkp/STM32CubeIDE/Full_Studio_2_2/Studio/Source/DistanceFunctions" -I"C:/Users/spwkp/STM32CubeIDE/Full_Studio_2_2/Studio/Source/FastMathFunctions" -I"C:/Users/spwkp/STM32CubeIDE/Full_Studio_2_2/Studio/Source/FilteringFunctions" -I"C:/Users/spwkp/STM32CubeIDE/Full_Studio_2_2/Studio/Source/InterpolationFunctions" -I"C:/Users/spwkp/STM32CubeIDE/Full_Studio_2_2/Studio/Source/MatrixFunctions" -I"C:/Users/spwkp/STM32CubeIDE/Full_Studio_2_2/Studio/Source/QuaternionMathFunctions" -I"C:/Users/spwkp/STM32CubeIDE/Full_Studio_2_2/Studio/Source/StatisticsFunctions" -I"C:/Users/spwkp/STM32CubeIDE/Full_Studio_2_2/Studio/Source/SupportFunctions" -I"C:/Users/spwkp/STM32CubeIDE/Full_Studio_2_2/Studio/Source/SVMFunctions" -I"C:/Users/spwkp/STM32CubeIDE/Full_Studio_2_2/Studio/Source/TransformFunctions" -I"C:/Users/spwkp/STM32CubeIDE/Full_Studio_2_2/Studio/Source/WindowFunctions" -O0 -ffunction-sections -fdata-sections -Wall -fstack-usage -fcyclomatic-complexity -MMD -MP -MF"Core/Src/main.d" -MT"Core/Src/main.o" --specs=nano.specs -mfpu=fpv4-sp-d16 -mfloat-abi=hard -mthumb -o "Core/Src/main.o"
arm-none-eabi-gcc -o "Studio.elf" @"objects.list"   -mcpu=cortex-m4 -T"C:\Users\spwkp\STM32CubeIDE\Full_Studio_2_2\Studio\STM32G474RETX_FLASH.ld" --specs=nosys.specs -Wl,-Map="Studio.map" -Wl,--gc-sections -static --specs=nano.specs -mfpu=fpv4-sp-d16 -mfloat-abi=hard -mthumb -Wl,--start-group -lc -lm -Wl,--end-group
Finished building target: Studio.elf
 
arm-none-eabi-size  Studio.elf 
arm-none-eabi-objdump -h -S Studio.elf  > "Studio.list"
   text	   data	    bss	    dec	    hex	filename
  43956	    712	   6488	  51156	   c7d4	Studio.elf
Finished building: default.size.stdout
 
Finished building: Studio.list
 
23:24:03 **** Incremental Build of configuration Debug for project Studio ****
make -j20 all 
arm-none-eabi-size  Studio.elf 
   text	   data	    bss	    dec	    hex	filename
  43956	    712	   6488	  51156	   c7d4	Studio.elf
Finished building: default.size.stdout
 
23:24:44 **** Incremental Build of configuration Debug for project Studio ****
make -j20 all 
arm-none-eabi-size  Studio.elf 
   text	   data	    bss	    dec	    hex	filename
  43956	    712	   6488	  51156	   c7d4	Studio.elf
Finished building: default.size.stdout
 
23:24:50 **** Incremental Build of configuration Debug for project Studio ****
make -j20 all 
arm-none-eabi-size  Studio.elf 
   text	   data	    bss	    dec	    hex	filename
  43956	    712	   6488	  51156	   c7d4	Studio.elf
Finished building: default.size.stdout
 
23:28:42 **** Incremental Build of configuration Debug for project Studio ****
make -j20 all 
arm-none-eabi-gcc "../Core/Src/PID.c" -mcpu=cortex-m4 -std=gnu11 -g3 -DDEBUG -DARM_MATH_MATRIX_CHECK -DUSE_HAL_DRIVER -DSTM32G474xx -c -I../Core/Inc -I../Drivers/STM32G4xx_HAL_Driver/Inc -I../Drivers/STM32G4xx_HAL_Driver/Inc/Legacy -I../Drivers/CMSIS/Device/ST/STM32G4xx/Include -I../Drivers/CMSIS/Include -I../Middlewares/Third_Party/ARM_CMSIS/CMSIS/Core/Include/ -I../Middlewares/Third_Party/ARM_CMSIS/PrivateInclude/ -I../Middlewares/Third_Party/ARM_CMSIS/Include/ -I../Middlewares/Third_Party/ARM_CMSIS/Include -I"C:/Users/spwkp/STM32CubeIDE/Full_Studio_2_2/Studio/Source/BasicMathFunctions" -I"C:/Users/spwkp/STM32CubeIDE/Full_Studio_2_2/Studio/Source/BayesFunctions" -I"C:/Users/spwkp/STM32CubeIDE/Full_Studio_2_2/Studio/Source/CommonTables" -I"C:/Users/spwkp/STM32CubeIDE/Full_Studio_2_2/Studio/Source/ComplexMathFunctions" -I"C:/Users/spwkp/STM32CubeIDE/Full_Studio_2_2/Studio/Source/ControllerFunctions" -I"C:/Users/spwkp/STM32CubeIDE/Full_Studio_2_2/Studio/Source/DistanceFunctions" -I"C:/Users/spwkp/STM32CubeIDE/Full_Studio_2_2/Studio/Source/FastMathFunctions" -I"C:/Users/spwkp/STM32CubeIDE/Full_Studio_2_2/Studio/Source/FilteringFunctions" -I"C:/Users/spwkp/STM32CubeIDE/Full_Studio_2_2/Studio/Source/InterpolationFunctions" -I"C:/Users/spwkp/STM32CubeIDE/Full_Studio_2_2/Studio/Source/MatrixFunctions" -I"C:/Users/spwkp/STM32CubeIDE/Full_Studio_2_2/Studio/Source/QuaternionMathFunctions" -I"C:/Users/spwkp/STM32CubeIDE/Full_Studio_2_2/Studio/Source/StatisticsFunctions" -I"C:/Users/spwkp/STM32CubeIDE/Full_Studio_2_2/Studio/Source/SupportFunctions" -I"C:/Users/spwkp/STM32CubeIDE/Full_Studio_2_2/Studio/Source/SVMFunctions" -I"C:/Users/spwkp/STM32CubeIDE/Full_Studio_2_2/Studio/Source/TransformFunctions" -I"C:/Users/spwkp/STM32CubeIDE/Full_Studio_2_2/Studio/Source/WindowFunctions" -O0 -ffunction-sections -fdata-sections -Wall -fstack-usage -fcyclomatic-complexity -MMD -MP -MF"Core/Src/PID.d" -MT"Core/Src/PID.o" --specs=nano.specs -mfpu=fpv4-sp-d16 -mfloat-abi=hard -mthumb -o "Core/Src/PID.o"
arm-none-eabi-gcc "../Core/Src/QEI.c" -mcpu=cortex-m4 -std=gnu11 -g3 -DDEBUG -DARM_MATH_MATRIX_CHECK -DUSE_HAL_DRIVER -DSTM32G474xx -c -I../Core/Inc -I../Drivers/STM32G4xx_HAL_Driver/Inc -I../Drivers/STM32G4xx_HAL_Driver/Inc/Legacy -I../Drivers/CMSIS/Device/ST/STM32G4xx/Include -I../Drivers/CMSIS/Include -I../Middlewares/Third_Party/ARM_CMSIS/CMSIS/Core/Include/ -I../Middlewares/Third_Party/ARM_CMSIS/PrivateInclude/ -I../Middlewares/Third_Party/ARM_CMSIS/Include/ -I../Middlewares/Third_Party/ARM_CMSIS/Include -I"C:/Users/spwkp/STM32CubeIDE/Full_Studio_2_2/Studio/Source/BasicMathFunctions" -I"C:/Users/spwkp/STM32CubeIDE/Full_Studio_2_2/Studio/Source/BayesFunctions" -I"C:/Users/spwkp/STM32CubeIDE/Full_Studio_2_2/Studio/Source/CommonTables" -I"C:/Users/spwkp/STM32CubeIDE/Full_Studio_2_2/Studio/Source/ComplexMathFunctions" -I"C:/Users/spwkp/STM32CubeIDE/Full_Studio_2_2/Studio/Source/ControllerFunctions" -I"C:/Users/spwkp/STM32CubeIDE/Full_Studio_2_2/Studio/Source/DistanceFunctions" -I"C:/Users/spwkp/STM32CubeIDE/Full_Studio_2_2/Studio/Source/FastMathFunctions" -I"C:/Users/spwkp/STM32CubeIDE/Full_Studio_2_2/Studio/Source/FilteringFunctions" -I"C:/Users/spwkp/STM32CubeIDE/Full_Studio_2_2/Studio/Source/InterpolationFunctions" -I"C:/Users/spwkp/STM32CubeIDE/Full_Studio_2_2/Studio/Source/MatrixFunctions" -I"C:/Users/spwkp/STM32CubeIDE/Full_Studio_2_2/Studio/Source/QuaternionMathFunctions" -I"C:/Users/spwkp/STM32CubeIDE/Full_Studio_2_2/Studio/Source/StatisticsFunctions" -I"C:/Users/spwkp/STM32CubeIDE/Full_Studio_2_2/Studio/Source/SupportFunctions" -I"C:/Users/spwkp/STM32CubeIDE/Full_Studio_2_2/Studio/Source/SVMFunctions" -I"C:/Users/spwkp/STM32CubeIDE/Full_Studio_2_2/Studio/Source/TransformFunctions" -I"C:/Users/spwkp/STM32CubeIDE/Full_Studio_2_2/Studio/Source/WindowFunctions" -O0 -ffunction-sections -fdata-sections -Wall -fstack-usage -fcyclomatic-complexity -MMD -MP -MF"Core/Src/QEI.d" -MT"Core/Src/QEI.o" --specs=nano.specs -mfpu=fpv4-sp-d16 -mfloat-abi=hard -mthumb -o "Core/Src/QEI.o"
arm-none-eabi-gcc "../Core/Src/main.c" -mcpu=cortex-m4 -std=gnu11 -g3 -DDEBUG -DARM_MATH_MATRIX_CHECK -DUSE_HAL_DRIVER -DSTM32G474xx -c -I../Core/Inc -I../Drivers/STM32G4xx_HAL_Driver/Inc -I../Drivers/STM32G4xx_HAL_Driver/Inc/Legacy -I../Drivers/CMSIS/Device/ST/STM32G4xx/Include -I../Drivers/CMSIS/Include -I../Middlewares/Third_Party/ARM_CMSIS/CMSIS/Core/Include/ -I../Middlewares/Third_Party/ARM_CMSIS/PrivateInclude/ -I../Middlewares/Third_Party/ARM_CMSIS/Include/ -I../Middlewares/Third_Party/ARM_CMSIS/Include -I"C:/Users/spwkp/STM32CubeIDE/Full_Studio_2_2/Studio/Source/BasicMathFunctions" -I"C:/Users/spwkp/STM32CubeIDE/Full_Studio_2_2/Studio/Source/BayesFunctions" -I"C:/Users/spwkp/STM32CubeIDE/Full_Studio_2_2/Studio/Source/CommonTables" -I"C:/Users/spwkp/STM32CubeIDE/Full_Studio_2_2/Studio/Source/ComplexMathFunctions" -I"C:/Users/spwkp/STM32CubeIDE/Full_Studio_2_2/Studio/Source/ControllerFunctions" -I"C:/Users/spwkp/STM32CubeIDE/Full_Studio_2_2/Studio/Source/DistanceFunctions" -I"C:/Users/spwkp/STM32CubeIDE/Full_Studio_2_2/Studio/Source/FastMathFunctions" -I"C:/Users/spwkp/STM32CubeIDE/Full_Studio_2_2/Studio/Source/FilteringFunctions" -I"C:/Users/spwkp/STM32CubeIDE/Full_Studio_2_2/Studio/Source/InterpolationFunctions" -I"C:/Users/spwkp/STM32CubeIDE/Full_Studio_2_2/Studio/Source/MatrixFunctions" -I"C:/Users/spwkp/STM32CubeIDE/Full_Studio_2_2/Studio/Source/QuaternionMathFunctions" -I"C:/Users/spwkp/STM32CubeIDE/Full_Studio_2_2/Studio/Source/StatisticsFunctions" -I"C:/Users/spwkp/STM32CubeIDE/Full_Studio_2_2/Studio/Source/SupportFunctions" -I"C:/Users/spwkp/STM32CubeIDE/Full_Studio_2_2/Studio/Source/SVMFunctions" -I"C:/Users/spwkp/STM32CubeIDE/Full_Studio_2_2/Studio/Source/TransformFunctions" -I"C:/Users/spwkp/STM32CubeIDE/Full_Studio_2_2/Studio/Source/WindowFunctions" -O0 -ffunction-sections -fdata-sections -Wall -fstack-usage -fcyclomatic-complexity -MMD -MP -MF"Core/Src/main.d" -MT"Core/Src/main.o" --specs=nano.specs -mfpu=fpv4-sp-d16 -mfloat-abi=hard -mthumb -o "Core/Src/main.o"
arm-none-eabi-gcc "../Core/Src/moter.c" -mcpu=cortex-m4 -std=gnu11 -g3 -DDEBUG -DARM_MATH_MATRIX_CHECK -DUSE_HAL_DRIVER -DSTM32G474xx -c -I../Core/Inc -I../Drivers/STM32G4xx_HAL_Driver/Inc -I../Drivers/STM32G4xx_HAL_Driver/Inc/Legacy -I../Drivers/CMSIS/Device/ST/STM32G4xx/Include -I../Drivers/CMSIS/Include -I../Middlewares/Third_Party/ARM_CMSIS/CMSIS/Core/Include/ -I../Middlewares/Third_Party/ARM_CMSIS/PrivateInclude/ -I../Middlewares/Third_Party/ARM_CMSIS/Include/ -I../Middlewares/Third_Party/ARM_CMSIS/Include -I"C:/Users/spwkp/STM32CubeIDE/Full_Studio_2_2/Studio/Source/BasicMathFunctions" -I"C:/Users/spwkp/STM32CubeIDE/Full_Studio_2_2/Studio/Source/BayesFunctions" -I"C:/Users/spwkp/STM32CubeIDE/Full_Studio_2_2/Studio/Source/CommonTables" -I"C:/Users/spwkp/STM32CubeIDE/Full_Studio_2_2/Studio/Source/ComplexMathFunctions" -I"C:/Users/spwkp/STM32CubeIDE/Full_Studio_2_2/Studio/Source/ControllerFunctions" -I"C:/Users/spwkp/STM32CubeIDE/Full_Studio_2_2/Studio/Source/DistanceFunctions" -I"C:/Users/spwkp/STM32CubeIDE/Full_Studio_2_2/Studio/Source/FastMathFunctions" -I"C:/Users/spwkp/STM32CubeIDE/Full_Studio_2_2/Studio/Source/FilteringFunctions" -I"C:/Users/spwkp/STM32CubeIDE/Full_Studio_2_2/Studio/Source/InterpolationFunctions" -I"C:/Users/spwkp/STM32CubeIDE/Full_Studio_2_2/Studio/Source/MatrixFunctions" -I"C:/Users/spwkp/STM32CubeIDE/Full_Studio_2_2/Studio/Source/QuaternionMathFunctions" -I"C:/Users/spwkp/STM32CubeIDE/Full_Studio_2_2/Studio/Source/StatisticsFunctions" -I"C:/Users/spwkp/STM32CubeIDE/Full_Studio_2_2/Studio/Source/SupportFunctions" -I"C:/Users/spwkp/STM32CubeIDE/Full_Studio_2_2/Studio/Source/SVMFunctions" -I"C:/Users/spwkp/STM32CubeIDE/Full_Studio_2_2/Studio/Source/TransformFunctions" -I"C:/Users/spwkp/STM32CubeIDE/Full_Studio_2_2/Studio/Source/WindowFunctions" -O0 -ffunction-sections -fdata-sections -Wall -fstack-usage -fcyclomatic-complexity -MMD -MP -MF"Core/Src/moter.d" -MT"Core/Src/moter.o" --specs=nano.specs -mfpu=fpv4-sp-d16 -mfloat-abi=hard -mthumb -o "Core/Src/moter.o"
arm-none-eabi-gcc "../Core/Src/stm32g4xx_hal_msp.c" -mcpu=cortex-m4 -std=gnu11 -g3 -DDEBUG -DARM_MATH_MATRIX_CHECK -DUSE_HAL_DRIVER -DSTM32G474xx -c -I../Core/Inc -I../Drivers/STM32G4xx_HAL_Driver/Inc -I../Drivers/STM32G4xx_HAL_Driver/Inc/Legacy -I../Drivers/CMSIS/Device/ST/STM32G4xx/Include -I../Drivers/CMSIS/Include -I../Middlewares/Third_Party/ARM_CMSIS/CMSIS/Core/Include/ -I../Middlewares/Third_Party/ARM_CMSIS/PrivateInclude/ -I../Middlewares/Third_Party/ARM_CMSIS/Include/ -I../Middlewares/Third_Party/ARM_CMSIS/Include -I"C:/Users/spwkp/STM32CubeIDE/Full_Studio_2_2/Studio/Source/BasicMathFunctions" -I"C:/Users/spwkp/STM32CubeIDE/Full_Studio_2_2/Studio/Source/BayesFunctions" -I"C:/Users/spwkp/STM32CubeIDE/Full_Studio_2_2/Studio/Source/CommonTables" -I"C:/Users/spwkp/STM32CubeIDE/Full_Studio_2_2/Studio/Source/ComplexMathFunctions" -I"C:/Users/spwkp/STM32CubeIDE/Full_Studio_2_2/Studio/Source/ControllerFunctions" -I"C:/Users/spwkp/STM32CubeIDE/Full_Studio_2_2/Studio/Source/DistanceFunctions" -I"C:/Users/spwkp/STM32CubeIDE/Full_Studio_2_2/Studio/Source/FastMathFunctions" -I"C:/Users/spwkp/STM32CubeIDE/Full_Studio_2_2/Studio/Source/FilteringFunctions" -I"C:/Users/spwkp/STM32CubeIDE/Full_Studio_2_2/Studio/Source/InterpolationFunctions" -I"C:/Users/spwkp/STM32CubeIDE/Full_Studio_2_2/Studio/Source/MatrixFunctions" -I"C:/Users/spwkp/STM32CubeIDE/Full_Studio_2_2/Studio/Source/QuaternionMathFunctions" -I"C:/Users/spwkp/STM32CubeIDE/Full_Studio_2_2/Studio/Source/StatisticsFunctions" -I"C:/Users/spwkp/STM32CubeIDE/Full_Studio_2_2/Studio/Source/SupportFunctions" -I"C:/Users/spwkp/STM32CubeIDE/Full_Studio_2_2/Studio/Source/SVMFunctions" -I"C:/Users/spwkp/STM32CubeIDE/Full_Studio_2_2/Studio/Source/TransformFunctions" -I"C:/Users/spwkp/STM32CubeIDE/Full_Studio_2_2/Studio/Source/WindowFunctions" -O0 -ffunction-sections -fdata-sections -Wall -fstack-usage -fcyclomatic-complexity -MMD -MP -MF"Core/Src/stm32g4xx_hal_msp.d" -MT"Core/Src/stm32g4xx_hal_msp.o" --specs=nano.specs -mfpu=fpv4-sp-d16 -mfloat-abi=hard -mthumb -o "Core/Src/stm32g4xx_hal_msp.o"
arm-none-eabi-gcc "../Core/Src/stm32g4xx_it.c" -mcpu=cortex-m4 -std=gnu11 -g3 -DDEBUG -DARM_MATH_MATRIX_CHECK -DUSE_HAL_DRIVER -DSTM32G474xx -c -I../Core/Inc -I../Drivers/STM32G4xx_HAL_Driver/Inc -I../Drivers/STM32G4xx_HAL_Driver/Inc/Legacy -I../Drivers/CMSIS/Device/ST/STM32G4xx/Include -I../Drivers/CMSIS/Include -I../Middlewares/Third_Party/ARM_CMSIS/CMSIS/Core/Include/ -I../Middlewares/Third_Party/ARM_CMSIS/PrivateInclude/ -I../Middlewares/Third_Party/ARM_CMSIS/Include/ -I../Middlewares/Third_Party/ARM_CMSIS/Include -I"C:/Users/spwkp/STM32CubeIDE/Full_Studio_2_2/Studio/Source/BasicMathFunctions" -I"C:/Users/spwkp/STM32CubeIDE/Full_Studio_2_2/Studio/Source/BayesFunctions" -I"C:/Users/spwkp/STM32CubeIDE/Full_Studio_2_2/Studio/Source/CommonTables" -I"C:/Users/spwkp/STM32CubeIDE/Full_Studio_2_2/Studio/Source/ComplexMathFunctions" -I"C:/Users/spwkp/STM32CubeIDE/Full_Studio_2_2/Studio/Source/ControllerFunctions" -I"C:/Users/spwkp/STM32CubeIDE/Full_Studio_2_2/Studio/Source/DistanceFunctions" -I"C:/Users/spwkp/STM32CubeIDE/Full_Studio_2_2/Studio/Source/FastMathFunctions" -I"C:/Users/spwkp/STM32CubeIDE/Full_Studio_2_2/Studio/Source/FilteringFunctions" -I"C:/Users/spwkp/STM32CubeIDE/Full_Studio_2_2/Studio/Source/InterpolationFunctions" -I"C:/Users/spwkp/STM32CubeIDE/Full_Studio_2_2/Studio/Source/MatrixFunctions" -I"C:/Users/spwkp/STM32CubeIDE/Full_Studio_2_2/Studio/Source/QuaternionMathFunctions" -I"C:/Users/spwkp/STM32CubeIDE/Full_Studio_2_2/Studio/Source/StatisticsFunctions" -I"C:/Users/spwkp/STM32CubeIDE/Full_Studio_2_2/Studio/Source/SupportFunctions" -I"C:/Users/spwkp/STM32CubeIDE/Full_Studio_2_2/Studio/Source/SVMFunctions" -I"C:/Users/spwkp/STM32CubeIDE/Full_Studio_2_2/Studio/Source/TransformFunctions" -I"C:/Users/spwkp/STM32CubeIDE/Full_Studio_2_2/Studio/Source/WindowFunctions" -O0 -ffunction-sections -fdata-sections -Wall -fstack-usage -fcyclomatic-complexity -MMD -MP -MF"Core/Src/stm32g4xx_it.d" -MT"Core/Src/stm32g4xx_it.o" --specs=nano.specs -mfpu=fpv4-sp-d16 -mfloat-abi=hard -mthumb -o "Core/Src/stm32g4xx_it.o"
arm-none-eabi-gcc -o "Studio.elf" @"objects.list"   -mcpu=cortex-m4 -T"C:\Users\spwkp\STM32CubeIDE\Full_Studio_2_2\Studio\STM32G474RETX_FLASH.ld" --specs=nosys.specs -Wl,-Map="Studio.map" -Wl,--gc-sections -static --specs=nano.specs -mfpu=fpv4-sp-d16 -mfloat-abi=hard -mthumb -Wl,--start-group -lc -lm -Wl,--end-group
Finished building target: Studio.elf
 
arm-none-eabi-size  Studio.elf 
arm-none-eabi-objdump -h -S Studio.elf  > "Studio.list"
   text	   data	    bss	    dec	    hex	filename
  43924	    712	   6488	  51124	   c7b4	Studio.elf
Finished building: default.size.stdout
 
Finished building: Studio.list
 
23:29:43 **** Incremental Build of configuration Debug for project Studio ****
make -j20 all 
arm-none-eabi-gcc "../Core/Src/main.c" -mcpu=cortex-m4 -std=gnu11 -g3 -DDEBUG -DARM_MATH_MATRIX_CHECK -DUSE_HAL_DRIVER -DSTM32G474xx -c -I../Core/Inc -I../Drivers/STM32G4xx_HAL_Driver/Inc -I../Drivers/STM32G4xx_HAL_Driver/Inc/Legacy -I../Drivers/CMSIS/Device/ST/STM32G4xx/Include -I../Drivers/CMSIS/Include -I../Middlewares/Third_Party/ARM_CMSIS/CMSIS/Core/Include/ -I../Middlewares/Third_Party/ARM_CMSIS/PrivateInclude/ -I../Middlewares/Third_Party/ARM_CMSIS/Include/ -I../Middlewares/Third_Party/ARM_CMSIS/Include -I"C:/Users/spwkp/STM32CubeIDE/Full_Studio_2_2/Studio/Source/BasicMathFunctions" -I"C:/Users/spwkp/STM32CubeIDE/Full_Studio_2_2/Studio/Source/BayesFunctions" -I"C:/Users/spwkp/STM32CubeIDE/Full_Studio_2_2/Studio/Source/CommonTables" -I"C:/Users/spwkp/STM32CubeIDE/Full_Studio_2_2/Studio/Source/ComplexMathFunctions" -I"C:/Users/spwkp/STM32CubeIDE/Full_Studio_2_2/Studio/Source/ControllerFunctions" -I"C:/Users/spwkp/STM32CubeIDE/Full_Studio_2_2/Studio/Source/DistanceFunctions" -I"C:/Users/spwkp/STM32CubeIDE/Full_Studio_2_2/Studio/Source/FastMathFunctions" -I"C:/Users/spwkp/STM32CubeIDE/Full_Studio_2_2/Studio/Source/FilteringFunctions" -I"C:/Users/spwkp/STM32CubeIDE/Full_Studio_2_2/Studio/Source/InterpolationFunctions" -I"C:/Users/spwkp/STM32CubeIDE/Full_Studio_2_2/Studio/Source/MatrixFunctions" -I"C:/Users/spwkp/STM32CubeIDE/Full_Studio_2_2/Studio/Source/QuaternionMathFunctions" -I"C:/Users/spwkp/STM32CubeIDE/Full_Studio_2_2/Studio/Source/StatisticsFunctions" -I"C:/Users/spwkp/STM32CubeIDE/Full_Studio_2_2/Studio/Source/SupportFunctions" -I"C:/Users/spwkp/STM32CubeIDE/Full_Studio_2_2/Studio/Source/SVMFunctions" -I"C:/Users/spwkp/STM32CubeIDE/Full_Studio_2_2/Studio/Source/TransformFunctions" -I"C:/Users/spwkp/STM32CubeIDE/Full_Studio_2_2/Studio/Source/WindowFunctions" -O0 -ffunction-sections -fdata-sections -Wall -fstack-usage -fcyclomatic-complexity -MMD -MP -MF"Core/Src/main.d" -MT"Core/Src/main.o" --specs=nano.specs -mfpu=fpv4-sp-d16 -mfloat-abi=hard -mthumb -o "Core/Src/main.o"
arm-none-eabi-gcc -o "Studio.elf" @"objects.list"   -mcpu=cortex-m4 -T"C:\Users\spwkp\STM32CubeIDE\Full_Studio_2_2\Studio\STM32G474RETX_FLASH.ld" --specs=nosys.specs -Wl,-Map="Studio.map" -Wl,--gc-sections -static --specs=nano.specs -mfpu=fpv4-sp-d16 -mfloat-abi=hard -mthumb -Wl,--start-group -lc -lm -Wl,--end-group
Finished building target: Studio.elf
 
arm-none-eabi-size  Studio.elf 
arm-none-eabi-objdump -h -S Studio.elf  > "Studio.list"
   text	   data	    bss	    dec	    hex	filename
  43900	    712	   6488	  51100	   c79c	Studio.elf
Finished building: default.size.stdout
 
Finished building: Studio.list
 
23:32:19 **** Incremental Build of configuration Debug for project Studio ****
make -j20 all 
arm-none-eabi-gcc "../Core/Src/stm32g4xx_hal_msp.c" -mcpu=cortex-m4 -std=gnu11 -g3 -DDEBUG -DARM_MATH_MATRIX_CHECK -DUSE_HAL_DRIVER -DSTM32G474xx -c -I../Core/Inc -I../Drivers/STM32G4xx_HAL_Driver/Inc -I../Drivers/STM32G4xx_HAL_Driver/Inc/Legacy -I../Drivers/CMSIS/Device/ST/STM32G4xx/Include -I../Drivers/CMSIS/Include -I../Middlewares/Third_Party/ARM_CMSIS/CMSIS/Core/Include/ -I../Middlewares/Third_Party/ARM_CMSIS/PrivateInclude/ -I../Middlewares/Third_Party/ARM_CMSIS/Include/ -I../Middlewares/Third_Party/ARM_CMSIS/Include -I"C:/Users/spwkp/STM32CubeIDE/Full_Studio_2_2/Studio/Source/BasicMathFunctions" -I"C:/Users/spwkp/STM32CubeIDE/Full_Studio_2_2/Studio/Source/BayesFunctions" -I"C:/Users/spwkp/STM32CubeIDE/Full_Studio_2_2/Studio/Source/CommonTables" -I"C:/Users/spwkp/STM32CubeIDE/Full_Studio_2_2/Studio/Source/ComplexMathFunctions" -I"C:/Users/spwkp/STM32CubeIDE/Full_Studio_2_2/Studio/Source/ControllerFunctions" -I"C:/Users/spwkp/STM32CubeIDE/Full_Studio_2_2/Studio/Source/DistanceFunctions" -I"C:/Users/spwkp/STM32CubeIDE/Full_Studio_2_2/Studio/Source/FastMathFunctions" -I"C:/Users/spwkp/STM32CubeIDE/Full_Studio_2_2/Studio/Source/FilteringFunctions" -I"C:/Users/spwkp/STM32CubeIDE/Full_Studio_2_2/Studio/Source/InterpolationFunctions" -I"C:/Users/spwkp/STM32CubeIDE/Full_Studio_2_2/Studio/Source/MatrixFunctions" -I"C:/Users/spwkp/STM32CubeIDE/Full_Studio_2_2/Studio/Source/QuaternionMathFunctions" -I"C:/Users/spwkp/STM32CubeIDE/Full_Studio_2_2/Studio/Source/StatisticsFunctions" -I"C:/Users/spwkp/STM32CubeIDE/Full_Studio_2_2/Studio/Source/SupportFunctions" -I"C:/Users/spwkp/STM32CubeIDE/Full_Studio_2_2/Studio/Source/SVMFunctions" -I"C:/Users/spwkp/STM32CubeIDE/Full_Studio_2_2/Studio/Source/TransformFunctions" -I"C:/Users/spwkp/STM32CubeIDE/Full_Studio_2_2/Studio/Source/WindowFunctions" -O0 -ffunction-sections -fdata-sections -Wall -fstack-usage -fcyclomatic-complexity -MMD -MP -MF"Core/Src/stm32g4xx_hal_msp.d" -MT"Core/Src/stm32g4xx_hal_msp.o" --specs=nano.specs -mfpu=fpv4-sp-d16 -mfloat-abi=hard -mthumb -o "Core/Src/stm32g4xx_hal_msp.o"
arm-none-eabi-gcc "../Core/Src/stm32g4xx_it.c" -mcpu=cortex-m4 -std=gnu11 -g3 -DDEBUG -DARM_MATH_MATRIX_CHECK -DUSE_HAL_DRIVER -DSTM32G474xx -c -I../Core/Inc -I../Drivers/STM32G4xx_HAL_Driver/Inc -I../Drivers/STM32G4xx_HAL_Driver/Inc/Legacy -I../Drivers/CMSIS/Device/ST/STM32G4xx/Include -I../Drivers/CMSIS/Include -I../Middlewares/Third_Party/ARM_CMSIS/CMSIS/Core/Include/ -I../Middlewares/Third_Party/ARM_CMSIS/PrivateInclude/ -I../Middlewares/Third_Party/ARM_CMSIS/Include/ -I../Middlewares/Third_Party/ARM_CMSIS/Include -I"C:/Users/spwkp/STM32CubeIDE/Full_Studio_2_2/Studio/Source/BasicMathFunctions" -I"C:/Users/spwkp/STM32CubeIDE/Full_Studio_2_2/Studio/Source/BayesFunctions" -I"C:/Users/spwkp/STM32CubeIDE/Full_Studio_2_2/Studio/Source/CommonTables" -I"C:/Users/spwkp/STM32CubeIDE/Full_Studio_2_2/Studio/Source/ComplexMathFunctions" -I"C:/Users/spwkp/STM32CubeIDE/Full_Studio_2_2/Studio/Source/ControllerFunctions" -I"C:/Users/spwkp/STM32CubeIDE/Full_Studio_2_2/Studio/Source/DistanceFunctions" -I"C:/Users/spwkp/STM32CubeIDE/Full_Studio_2_2/Studio/Source/FastMathFunctions" -I"C:/Users/spwkp/STM32CubeIDE/Full_Studio_2_2/Studio/Source/FilteringFunctions" -I"C:/Users/spwkp/STM32CubeIDE/Full_Studio_2_2/Studio/Source/InterpolationFunctions" -I"C:/Users/spwkp/STM32CubeIDE/Full_Studio_2_2/Studio/Source/MatrixFunctions" -I"C:/Users/spwkp/STM32CubeIDE/Full_Studio_2_2/Studio/Source/QuaternionMathFunctions" -I"C:/Users/spwkp/STM32CubeIDE/Full_Studio_2_2/Studio/Source/StatisticsFunctions" -I"C:/Users/spwkp/STM32CubeIDE/Full_Studio_2_2/Studio/Source/SupportFunctions" -I"C:/Users/spwkp/STM32CubeIDE/Full_Studio_2_2/Studio/Source/SVMFunctions" -I"C:/Users/spwkp/STM32CubeIDE/Full_Studio_2_2/Studio/Source/TransformFunctions" -I"C:/Users/spwkp/STM32CubeIDE/Full_Studio_2_2/Studio/Source/WindowFunctions" -O0 -ffunction-sections -fdata-sections -Wall -fstack-usage -fcyclomatic-complexity -MMD -MP -MF"Core/Src/stm32g4xx_it.d" -MT"Core/Src/stm32g4xx_it.o" --specs=nano.specs -mfpu=fpv4-sp-d16 -mfloat-abi=hard -mthumb -o "Core/Src/stm32g4xx_it.o"
arm-none-eabi-gcc -o "Studio.elf" @"objects.list"   -mcpu=cortex-m4 -T"C:\Users\spwkp\STM32CubeIDE\Full_Studio_2_2\Studio\STM32G474RETX_FLASH.ld" --specs=nosys.specs -Wl,-Map="Studio.map" -Wl,--gc-sections -static --specs=nano.specs -mfpu=fpv4-sp-d16 -mfloat-abi=hard -mthumb -Wl,--start-group -lc -lm -Wl,--end-group
Finished building target: Studio.elf
 
arm-none-eabi-size  Studio.elf 
arm-none-eabi-objdump -h -S Studio.elf  > "Studio.list"
   text	   data	    bss	    dec	    hex	filename
  43936	    712	   6488	  51136	   c7c0	Studio.elf
Finished building: default.size.stdout
 
Finished building: Studio.list
 
23:33:55 **** Incremental Build of configuration Debug for project Studio ****
make -j20 all 
arm-none-eabi-gcc "../Core/Src/main.c" -mcpu=cortex-m4 -std=gnu11 -g3 -DDEBUG -DARM_MATH_MATRIX_CHECK -DUSE_HAL_DRIVER -DSTM32G474xx -c -I../Core/Inc -I../Drivers/STM32G4xx_HAL_Driver/Inc -I../Drivers/STM32G4xx_HAL_Driver/Inc/Legacy -I../Drivers/CMSIS/Device/ST/STM32G4xx/Include -I../Drivers/CMSIS/Include -I../Middlewares/Third_Party/ARM_CMSIS/CMSIS/Core/Include/ -I../Middlewares/Third_Party/ARM_CMSIS/PrivateInclude/ -I../Middlewares/Third_Party/ARM_CMSIS/Include/ -I../Middlewares/Third_Party/ARM_CMSIS/Include -I"C:/Users/spwkp/STM32CubeIDE/Full_Studio_2_2/Studio/Source/BasicMathFunctions" -I"C:/Users/spwkp/STM32CubeIDE/Full_Studio_2_2/Studio/Source/BayesFunctions" -I"C:/Users/spwkp/STM32CubeIDE/Full_Studio_2_2/Studio/Source/CommonTables" -I"C:/Users/spwkp/STM32CubeIDE/Full_Studio_2_2/Studio/Source/ComplexMathFunctions" -I"C:/Users/spwkp/STM32CubeIDE/Full_Studio_2_2/Studio/Source/ControllerFunctions" -I"C:/Users/spwkp/STM32CubeIDE/Full_Studio_2_2/Studio/Source/DistanceFunctions" -I"C:/Users/spwkp/STM32CubeIDE/Full_Studio_2_2/Studio/Source/FastMathFunctions" -I"C:/Users/spwkp/STM32CubeIDE/Full_Studio_2_2/Studio/Source/FilteringFunctions" -I"C:/Users/spwkp/STM32CubeIDE/Full_Studio_2_2/Studio/Source/InterpolationFunctions" -I"C:/Users/spwkp/STM32CubeIDE/Full_Studio_2_2/Studio/Source/MatrixFunctions" -I"C:/Users/spwkp/STM32CubeIDE/Full_Studio_2_2/Studio/Source/QuaternionMathFunctions" -I"C:/Users/spwkp/STM32CubeIDE/Full_Studio_2_2/Studio/Source/StatisticsFunctions" -I"C:/Users/spwkp/STM32CubeIDE/Full_Studio_2_2/Studio/Source/SupportFunctions" -I"C:/Users/spwkp/STM32CubeIDE/Full_Studio_2_2/Studio/Source/SVMFunctions" -I"C:/Users/spwkp/STM32CubeIDE/Full_Studio_2_2/Studio/Source/TransformFunctions" -I"C:/Users/spwkp/STM32CubeIDE/Full_Studio_2_2/Studio/Source/WindowFunctions" -O0 -ffunction-sections -fdata-sections -Wall -fstack-usage -fcyclomatic-complexity -MMD -MP -MF"Core/Src/main.d" -MT"Core/Src/main.o" --specs=nano.specs -mfpu=fpv4-sp-d16 -mfloat-abi=hard -mthumb -o "Core/Src/main.o"
arm-none-eabi-gcc -o "Studio.elf" @"objects.list"   -mcpu=cortex-m4 -T"C:\Users\spwkp\STM32CubeIDE\Full_Studio_2_2\Studio\STM32G474RETX_FLASH.ld" --specs=nosys.specs -Wl,-Map="Studio.map" -Wl,--gc-sections -static --specs=nano.specs -mfpu=fpv4-sp-d16 -mfloat-abi=hard -mthumb -Wl,--start-group -lc -lm -Wl,--end-group
Finished building target: Studio.elf
 
arm-none-eabi-size  Studio.elf 
arm-none-eabi-objdump -h -S Studio.elf  > "Studio.list"
   text	   data	    bss	    dec	    hex	filename
  43832	    712	   6488	  51032	   c758	Studio.elf
Finished building: default.size.stdout
 
Finished building: Studio.list
 
23:35:04 **** Incremental Build of configuration Debug for project Studio ****
make -j20 all 
arm-none-eabi-gcc "../Core/Src/main.c" -mcpu=cortex-m4 -std=gnu11 -g3 -DDEBUG -DARM_MATH_MATRIX_CHECK -DUSE_HAL_DRIVER -DSTM32G474xx -c -I../Core/Inc -I../Drivers/STM32G4xx_HAL_Driver/Inc -I../Drivers/STM32G4xx_HAL_Driver/Inc/Legacy -I../Drivers/CMSIS/Device/ST/STM32G4xx/Include -I../Drivers/CMSIS/Include -I../Middlewares/Third_Party/ARM_CMSIS/CMSIS/Core/Include/ -I../Middlewares/Third_Party/ARM_CMSIS/PrivateInclude/ -I../Middlewares/Third_Party/ARM_CMSIS/Include/ -I../Middlewares/Third_Party/ARM_CMSIS/Include -I"C:/Users/spwkp/STM32CubeIDE/Full_Studio_2_2/Studio/Source/BasicMathFunctions" -I"C:/Users/spwkp/STM32CubeIDE/Full_Studio_2_2/Studio/Source/BayesFunctions" -I"C:/Users/spwkp/STM32CubeIDE/Full_Studio_2_2/Studio/Source/CommonTables" -I"C:/Users/spwkp/STM32CubeIDE/Full_Studio_2_2/Studio/Source/ComplexMathFunctions" -I"C:/Users/spwkp/STM32CubeIDE/Full_Studio_2_2/Studio/Source/ControllerFunctions" -I"C:/Users/spwkp/STM32CubeIDE/Full_Studio_2_2/Studio/Source/DistanceFunctions" -I"C:/Users/spwkp/STM32CubeIDE/Full_Studio_2_2/Studio/Source/FastMathFunctions" -I"C:/Users/spwkp/STM32CubeIDE/Full_Studio_2_2/Studio/Source/FilteringFunctions" -I"C:/Users/spwkp/STM32CubeIDE/Full_Studio_2_2/Studio/Source/InterpolationFunctions" -I"C:/Users/spwkp/STM32CubeIDE/Full_Studio_2_2/Studio/Source/MatrixFunctions" -I"C:/Users/spwkp/STM32CubeIDE/Full_Studio_2_2/Studio/Source/QuaternionMathFunctions" -I"C:/Users/spwkp/STM32CubeIDE/Full_Studio_2_2/Studio/Source/StatisticsFunctions" -I"C:/Users/spwkp/STM32CubeIDE/Full_Studio_2_2/Studio/Source/SupportFunctions" -I"C:/Users/spwkp/STM32CubeIDE/Full_Studio_2_2/Studio/Source/SVMFunctions" -I"C:/Users/spwkp/STM32CubeIDE/Full_Studio_2_2/Studio/Source/TransformFunctions" -I"C:/Users/spwkp/STM32CubeIDE/Full_Studio_2_2/Studio/Source/WindowFunctions" -O0 -ffunction-sections -fdata-sections -Wall -fstack-usage -fcyclomatic-complexity -MMD -MP -MF"Core/Src/main.d" -MT"Core/Src/main.o" --specs=nano.specs -mfpu=fpv4-sp-d16 -mfloat-abi=hard -mthumb -o "Core/Src/main.o"
arm-none-eabi-gcc -o "Studio.elf" @"objects.list"   -mcpu=cortex-m4 -T"C:\Users\spwkp\STM32CubeIDE\Full_Studio_2_2\Studio\STM32G474RETX_FLASH.ld" --specs=nosys.specs -Wl,-Map="Studio.map" -Wl,--gc-sections -static --specs=nano.specs -mfpu=fpv4-sp-d16 -mfloat-abi=hard -mthumb -Wl,--start-group -lc -lm -Wl,--end-group
Finished building target: Studio.elf
 
arm-none-eabi-size  Studio.elf 
arm-none-eabi-objdump -h -S Studio.elf  > "Studio.list"
   text	   data	    bss	    dec	    hex	filename
  43832	    712	   6488	  51032	   c758	Studio.elf
Finished building: default.size.stdout
 
Finished building: Studio.list
 
23:39:42 **** Incremental Build of configuration Debug for project Studio ****
make -j20 all 
arm-none-eabi-gcc "../Core/Src/main.c" -mcpu=cortex-m4 -std=gnu11 -g3 -DDEBUG -DARM_MATH_MATRIX_CHECK -DUSE_HAL_DRIVER -DSTM32G474xx -c -I../Core/Inc -I../Drivers/STM32G4xx_HAL_Driver/Inc -I../Drivers/STM32G4xx_HAL_Driver/Inc/Legacy -I../Drivers/CMSIS/Device/ST/STM32G4xx/Include -I../Drivers/CMSIS/Include -I../Middlewares/Third_Party/ARM_CMSIS/CMSIS/Core/Include/ -I../Middlewares/Third_Party/ARM_CMSIS/PrivateInclude/ -I../Middlewares/Third_Party/ARM_CMSIS/Include/ -I../Middlewares/Third_Party/ARM_CMSIS/Include -I"C:/Users/spwkp/STM32CubeIDE/Full_Studio_2_2/Studio/Source/BasicMathFunctions" -I"C:/Users/spwkp/STM32CubeIDE/Full_Studio_2_2/Studio/Source/BayesFunctions" -I"C:/Users/spwkp/STM32CubeIDE/Full_Studio_2_2/Studio/Source/CommonTables" -I"C:/Users/spwkp/STM32CubeIDE/Full_Studio_2_2/Studio/Source/ComplexMathFunctions" -I"C:/Users/spwkp/STM32CubeIDE/Full_Studio_2_2/Studio/Source/ControllerFunctions" -I"C:/Users/spwkp/STM32CubeIDE/Full_Studio_2_2/Studio/Source/DistanceFunctions" -I"C:/Users/spwkp/STM32CubeIDE/Full_Studio_2_2/Studio/Source/FastMathFunctions" -I"C:/Users/spwkp/STM32CubeIDE/Full_Studio_2_2/Studio/Source/FilteringFunctions" -I"C:/Users/spwkp/STM32CubeIDE/Full_Studio_2_2/Studio/Source/InterpolationFunctions" -I"C:/Users/spwkp/STM32CubeIDE/Full_Studio_2_2/Studio/Source/MatrixFunctions" -I"C:/Users/spwkp/STM32CubeIDE/Full_Studio_2_2/Studio/Source/QuaternionMathFunctions" -I"C:/Users/spwkp/STM32CubeIDE/Full_Studio_2_2/Studio/Source/StatisticsFunctions" -I"C:/Users/spwkp/STM32CubeIDE/Full_Studio_2_2/Studio/Source/SupportFunctions" -I"C:/Users/spwkp/STM32CubeIDE/Full_Studio_2_2/Studio/Source/SVMFunctions" -I"C:/Users/spwkp/STM32CubeIDE/Full_Studio_2_2/Studio/Source/TransformFunctions" -I"C:/Users/spwkp/STM32CubeIDE/Full_Studio_2_2/Studio/Source/WindowFunctions" -O0 -ffunction-sections -fdata-sections -Wall -fstack-usage -fcyclomatic-complexity -MMD -MP -MF"Core/Src/main.d" -MT"Core/Src/main.o" --specs=nano.specs -mfpu=fpv4-sp-d16 -mfloat-abi=hard -mthumb -o "Core/Src/main.o"
arm-none-eabi-gcc -o "Studio.elf" @"objects.list"   -mcpu=cortex-m4 -T"C:\Users\spwkp\STM32CubeIDE\Full_Studio_2_2\Studio\STM32G474RETX_FLASH.ld" --specs=nosys.specs -Wl,-Map="Studio.map" -Wl,--gc-sections -static --specs=nano.specs -mfpu=fpv4-sp-d16 -mfloat-abi=hard -mthumb -Wl,--start-group -lc -lm -Wl,--end-group
Finished building target: Studio.elf
 
arm-none-eabi-size  Studio.elf 
arm-none-eabi-objdump -h -S Studio.elf  > "Studio.list"
   text	   data	    bss	    dec	    hex	filename
  43896	    712	   6480	  51088	   c790	Studio.elf
Finished building: default.size.stdout
 
Finished building: Studio.list
 
23:44:59 **** Incremental Build of configuration Debug for project Studio ****
make -j20 all 
arm-none-eabi-gcc "../Core/Src/main.c" -mcpu=cortex-m4 -std=gnu11 -g3 -DDEBUG -DARM_MATH_MATRIX_CHECK -DUSE_HAL_DRIVER -DSTM32G474xx -c -I../Core/Inc -I../Drivers/STM32G4xx_HAL_Driver/Inc -I../Drivers/STM32G4xx_HAL_Driver/Inc/Legacy -I../Drivers/CMSIS/Device/ST/STM32G4xx/Include -I../Drivers/CMSIS/Include -I../Middlewares/Third_Party/ARM_CMSIS/CMSIS/Core/Include/ -I../Middlewares/Third_Party/ARM_CMSIS/PrivateInclude/ -I../Middlewares/Third_Party/ARM_CMSIS/Include/ -I../Middlewares/Third_Party/ARM_CMSIS/Include -I"C:/Users/spwkp/STM32CubeIDE/Full_Studio_2_2/Studio/Source/BasicMathFunctions" -I"C:/Users/spwkp/STM32CubeIDE/Full_Studio_2_2/Studio/Source/BayesFunctions" -I"C:/Users/spwkp/STM32CubeIDE/Full_Studio_2_2/Studio/Source/CommonTables" -I"C:/Users/spwkp/STM32CubeIDE/Full_Studio_2_2/Studio/Source/ComplexMathFunctions" -I"C:/Users/spwkp/STM32CubeIDE/Full_Studio_2_2/Studio/Source/ControllerFunctions" -I"C:/Users/spwkp/STM32CubeIDE/Full_Studio_2_2/Studio/Source/DistanceFunctions" -I"C:/Users/spwkp/STM32CubeIDE/Full_Studio_2_2/Studio/Source/FastMathFunctions" -I"C:/Users/spwkp/STM32CubeIDE/Full_Studio_2_2/Studio/Source/FilteringFunctions" -I"C:/Users/spwkp/STM32CubeIDE/Full_Studio_2_2/Studio/Source/InterpolationFunctions" -I"C:/Users/spwkp/STM32CubeIDE/Full_Studio_2_2/Studio/Source/MatrixFunctions" -I"C:/Users/spwkp/STM32CubeIDE/Full_Studio_2_2/Studio/Source/QuaternionMathFunctions" -I"C:/Users/spwkp/STM32CubeIDE/Full_Studio_2_2/Studio/Source/StatisticsFunctions" -I"C:/Users/spwkp/STM32CubeIDE/Full_Studio_2_2/Studio/Source/SupportFunctions" -I"C:/Users/spwkp/STM32CubeIDE/Full_Studio_2_2/Studio/Source/SVMFunctions" -I"C:/Users/spwkp/STM32CubeIDE/Full_Studio_2_2/Studio/Source/TransformFunctions" -I"C:/Users/spwkp/STM32CubeIDE/Full_Studio_2_2/Studio/Source/WindowFunctions" -O0 -ffunction-sections -fdata-sections -Wall -fstack-usage -fcyclomatic-complexity -MMD -MP -MF"Core/Src/main.d" -MT"Core/Src/main.o" --specs=nano.specs -mfpu=fpv4-sp-d16 -mfloat-abi=hard -mthumb -o "Core/Src/main.o"
arm-none-eabi-gcc -o "Studio.elf" @"objects.list"   -mcpu=cortex-m4 -T"C:\Users\spwkp\STM32CubeIDE\Full_Studio_2_2\Studio\STM32G474RETX_FLASH.ld" --specs=nosys.specs -Wl,-Map="Studio.map" -Wl,--gc-sections -static --specs=nano.specs -mfpu=fpv4-sp-d16 -mfloat-abi=hard -mthumb -Wl,--start-group -lc -lm -Wl,--end-group
Finished building target: Studio.elf
 
arm-none-eabi-size  Studio.elf 
arm-none-eabi-objdump -h -S Studio.elf  > "Studio.list"
   text	   data	    bss	    dec	    hex	filename
  43920	    712	   6488	  51120	   c7b0	Studio.elf
Finished building: default.size.stdout
 
Finished building: Studio.list
 
23:47:08 **** Incremental Build of configuration Debug for project Studio ****
make -j20 all 
arm-none-eabi-gcc "../Core/Src/main.c" -mcpu=cortex-m4 -std=gnu11 -g3 -DDEBUG -DARM_MATH_MATRIX_CHECK -DUSE_HAL_DRIVER -DSTM32G474xx -c -I../Core/Inc -I../Drivers/STM32G4xx_HAL_Driver/Inc -I../Drivers/STM32G4xx_HAL_Driver/Inc/Legacy -I../Drivers/CMSIS/Device/ST/STM32G4xx/Include -I../Drivers/CMSIS/Include -I../Middlewares/Third_Party/ARM_CMSIS/CMSIS/Core/Include/ -I../Middlewares/Third_Party/ARM_CMSIS/PrivateInclude/ -I../Middlewares/Third_Party/ARM_CMSIS/Include/ -I../Middlewares/Third_Party/ARM_CMSIS/Include -I"C:/Users/spwkp/STM32CubeIDE/Full_Studio_2_2/Studio/Source/BasicMathFunctions" -I"C:/Users/spwkp/STM32CubeIDE/Full_Studio_2_2/Studio/Source/BayesFunctions" -I"C:/Users/spwkp/STM32CubeIDE/Full_Studio_2_2/Studio/Source/CommonTables" -I"C:/Users/spwkp/STM32CubeIDE/Full_Studio_2_2/Studio/Source/ComplexMathFunctions" -I"C:/Users/spwkp/STM32CubeIDE/Full_Studio_2_2/Studio/Source/ControllerFunctions" -I"C:/Users/spwkp/STM32CubeIDE/Full_Studio_2_2/Studio/Source/DistanceFunctions" -I"C:/Users/spwkp/STM32CubeIDE/Full_Studio_2_2/Studio/Source/FastMathFunctions" -I"C:/Users/spwkp/STM32CubeIDE/Full_Studio_2_2/Studio/Source/FilteringFunctions" -I"C:/Users/spwkp/STM32CubeIDE/Full_Studio_2_2/Studio/Source/InterpolationFunctions" -I"C:/Users/spwkp/STM32CubeIDE/Full_Studio_2_2/Studio/Source/MatrixFunctions" -I"C:/Users/spwkp/STM32CubeIDE/Full_Studio_2_2/Studio/Source/QuaternionMathFunctions" -I"C:/Users/spwkp/STM32CubeIDE/Full_Studio_2_2/Studio/Source/StatisticsFunctions" -I"C:/Users/spwkp/STM32CubeIDE/Full_Studio_2_2/Studio/Source/SupportFunctions" -I"C:/Users/spwkp/STM32CubeIDE/Full_Studio_2_2/Studio/Source/SVMFunctions" -I"C:/Users/spwkp/STM32CubeIDE/Full_Studio_2_2/Studio/Source/TransformFunctions" -I"C:/Users/spwkp/STM32CubeIDE/Full_Studio_2_2/Studio/Source/WindowFunctions" -O0 -ffunction-sections -fdata-sections -Wall -fstack-usage -fcyclomatic-complexity -MMD -MP -MF"Core/Src/main.d" -MT"Core/Src/main.o" --specs=nano.specs -mfpu=fpv4-sp-d16 -mfloat-abi=hard -mthumb -o "Core/Src/main.o"
arm-none-eabi-gcc -o "Studio.elf" @"objects.list"   -mcpu=cortex-m4 -T"C:\Users\spwkp\STM32CubeIDE\Full_Studio_2_2\Studio\STM32G474RETX_FLASH.ld" --specs=nosys.specs -Wl,-Map="Studio.map" -Wl,--gc-sections -static --specs=nano.specs -mfpu=fpv4-sp-d16 -mfloat-abi=hard -mthumb -Wl,--start-group -lc -lm -Wl,--end-group
Finished building target: Studio.elf
 
arm-none-eabi-size  Studio.elf 
arm-none-eabi-objdump -h -S Studio.elf  > "Studio.list"
   text	   data	    bss	    dec	    hex	filename
  43912	    712	   6488	  51112	   c7a8	Studio.elf
Finished building: default.size.stdout
 
Finished building: Studio.list
 
23:48:53 **** Incremental Build of configuration Debug for project Studio ****
make -j20 all 
arm-none-eabi-gcc "../Core/Src/main.c" -mcpu=cortex-m4 -std=gnu11 -g3 -DDEBUG -DARM_MATH_MATRIX_CHECK -DUSE_HAL_DRIVER -DSTM32G474xx -c -I../Core/Inc -I../Drivers/STM32G4xx_HAL_Driver/Inc -I../Drivers/STM32G4xx_HAL_Driver/Inc/Legacy -I../Drivers/CMSIS/Device/ST/STM32G4xx/Include -I../Drivers/CMSIS/Include -I../Middlewares/Third_Party/ARM_CMSIS/CMSIS/Core/Include/ -I../Middlewares/Third_Party/ARM_CMSIS/PrivateInclude/ -I../Middlewares/Third_Party/ARM_CMSIS/Include/ -I../Middlewares/Third_Party/ARM_CMSIS/Include -I"C:/Users/spwkp/STM32CubeIDE/Full_Studio_2_2/Studio/Source/BasicMathFunctions" -I"C:/Users/spwkp/STM32CubeIDE/Full_Studio_2_2/Studio/Source/BayesFunctions" -I"C:/Users/spwkp/STM32CubeIDE/Full_Studio_2_2/Studio/Source/CommonTables" -I"C:/Users/spwkp/STM32CubeIDE/Full_Studio_2_2/Studio/Source/ComplexMathFunctions" -I"C:/Users/spwkp/STM32CubeIDE/Full_Studio_2_2/Studio/Source/ControllerFunctions" -I"C:/Users/spwkp/STM32CubeIDE/Full_Studio_2_2/Studio/Source/DistanceFunctions" -I"C:/Users/spwkp/STM32CubeIDE/Full_Studio_2_2/Studio/Source/FastMathFunctions" -I"C:/Users/spwkp/STM32CubeIDE/Full_Studio_2_2/Studio/Source/FilteringFunctions" -I"C:/Users/spwkp/STM32CubeIDE/Full_Studio_2_2/Studio/Source/InterpolationFunctions" -I"C:/Users/spwkp/STM32CubeIDE/Full_Studio_2_2/Studio/Source/MatrixFunctions" -I"C:/Users/spwkp/STM32CubeIDE/Full_Studio_2_2/Studio/Source/QuaternionMathFunctions" -I"C:/Users/spwkp/STM32CubeIDE/Full_Studio_2_2/Studio/Source/StatisticsFunctions" -I"C:/Users/spwkp/STM32CubeIDE/Full_Studio_2_2/Studio/Source/SupportFunctions" -I"C:/Users/spwkp/STM32CubeIDE/Full_Studio_2_2/Studio/Source/SVMFunctions" -I"C:/Users/spwkp/STM32CubeIDE/Full_Studio_2_2/Studio/Source/TransformFunctions" -I"C:/Users/spwkp/STM32CubeIDE/Full_Studio_2_2/Studio/Source/WindowFunctions" -O0 -ffunction-sections -fdata-sections -Wall -fstack-usage -fcyclomatic-complexity -MMD -MP -MF"Core/Src/main.d" -MT"Core/Src/main.o" --specs=nano.specs -mfpu=fpv4-sp-d16 -mfloat-abi=hard -mthumb -o "Core/Src/main.o"
arm-none-eabi-gcc -o "Studio.elf" @"objects.list"   -mcpu=cortex-m4 -T"C:\Users\spwkp\STM32CubeIDE\Full_Studio_2_2\Studio\STM32G474RETX_FLASH.ld" --specs=nosys.specs -Wl,-Map="Studio.map" -Wl,--gc-sections -static --specs=nano.specs -mfpu=fpv4-sp-d16 -mfloat-abi=hard -mthumb -Wl,--start-group -lc -lm -Wl,--end-group
Finished building target: Studio.elf
 
arm-none-eabi-size  Studio.elf 
arm-none-eabi-objdump -h -S Studio.elf  > "Studio.list"
   text	   data	    bss	    dec	    hex	filename
  43952	    712	   6488	  51152	   c7d0	Studio.elf
Finished building: default.size.stdout
 
Finished building: Studio.list
 
23:50:42 **** Incremental Build of configuration Debug for project Studio ****
make -j20 all 
arm-none-eabi-gcc "../Core/Src/main.c" -mcpu=cortex-m4 -std=gnu11 -g3 -DDEBUG -DARM_MATH_MATRIX_CHECK -DUSE_HAL_DRIVER -DSTM32G474xx -c -I../Core/Inc -I../Drivers/STM32G4xx_HAL_Driver/Inc -I../Drivers/STM32G4xx_HAL_Driver/Inc/Legacy -I../Drivers/CMSIS/Device/ST/STM32G4xx/Include -I../Drivers/CMSIS/Include -I../Middlewares/Third_Party/ARM_CMSIS/CMSIS/Core/Include/ -I../Middlewares/Third_Party/ARM_CMSIS/PrivateInclude/ -I../Middlewares/Third_Party/ARM_CMSIS/Include/ -I../Middlewares/Third_Party/ARM_CMSIS/Include -I"C:/Users/spwkp/STM32CubeIDE/Full_Studio_2_2/Studio/Source/BasicMathFunctions" -I"C:/Users/spwkp/STM32CubeIDE/Full_Studio_2_2/Studio/Source/BayesFunctions" -I"C:/Users/spwkp/STM32CubeIDE/Full_Studio_2_2/Studio/Source/CommonTables" -I"C:/Users/spwkp/STM32CubeIDE/Full_Studio_2_2/Studio/Source/ComplexMathFunctions" -I"C:/Users/spwkp/STM32CubeIDE/Full_Studio_2_2/Studio/Source/ControllerFunctions" -I"C:/Users/spwkp/STM32CubeIDE/Full_Studio_2_2/Studio/Source/DistanceFunctions" -I"C:/Users/spwkp/STM32CubeIDE/Full_Studio_2_2/Studio/Source/FastMathFunctions" -I"C:/Users/spwkp/STM32CubeIDE/Full_Studio_2_2/Studio/Source/FilteringFunctions" -I"C:/Users/spwkp/STM32CubeIDE/Full_Studio_2_2/Studio/Source/InterpolationFunctions" -I"C:/Users/spwkp/STM32CubeIDE/Full_Studio_2_2/Studio/Source/MatrixFunctions" -I"C:/Users/spwkp/STM32CubeIDE/Full_Studio_2_2/Studio/Source/QuaternionMathFunctions" -I"C:/Users/spwkp/STM32CubeIDE/Full_Studio_2_2/Studio/Source/StatisticsFunctions" -I"C:/Users/spwkp/STM32CubeIDE/Full_Studio_2_2/Studio/Source/SupportFunctions" -I"C:/Users/spwkp/STM32CubeIDE/Full_Studio_2_2/Studio/Source/SVMFunctions" -I"C:/Users/spwkp/STM32CubeIDE/Full_Studio_2_2/Studio/Source/TransformFunctions" -I"C:/Users/spwkp/STM32CubeIDE/Full_Studio_2_2/Studio/Source/WindowFunctions" -O0 -ffunction-sections -fdata-sections -Wall -fstack-usage -fcyclomatic-complexity -MMD -MP -MF"Core/Src/main.d" -MT"Core/Src/main.o" --specs=nano.specs -mfpu=fpv4-sp-d16 -mfloat-abi=hard -mthumb -o "Core/Src/main.o"
arm-none-eabi-gcc -o "Studio.elf" @"objects.list"   -mcpu=cortex-m4 -T"C:\Users\spwkp\STM32CubeIDE\Full_Studio_2_2\Studio\STM32G474RETX_FLASH.ld" --specs=nosys.specs -Wl,-Map="Studio.map" -Wl,--gc-sections -static --specs=nano.specs -mfpu=fpv4-sp-d16 -mfloat-abi=hard -mthumb -Wl,--start-group -lc -lm -Wl,--end-group
Finished building target: Studio.elf
 
arm-none-eabi-size  Studio.elf 
arm-none-eabi-objdump -h -S Studio.elf  > "Studio.list"
   text	   data	    bss	    dec	    hex	filename
  43928	    712	   6480	  51120	   c7b0	Studio.elf
Finished building: default.size.stdout
 
Finished building: Studio.list
 
23:50:55 **** Incremental Build of configuration Debug for project Studio ****
make -j20 all 
arm-none-eabi-size  Studio.elf 
   text	   data	    bss	    dec	    hex	filename
  43928	    712	   6480	  51120	   c7b0	Studio.elf
Finished building: default.size.stdout
 
23:54:21 **** Incremental Build of configuration Debug for project Studio ****
make -j20 all 
arm-none-eabi-gcc "../Core/Src/QEI.c" -mcpu=cortex-m4 -std=gnu11 -g3 -DDEBUG -DARM_MATH_MATRIX_CHECK -DUSE_HAL_DRIVER -DSTM32G474xx -c -I../Core/Inc -I../Drivers/STM32G4xx_HAL_Driver/Inc -I../Drivers/STM32G4xx_HAL_Driver/Inc/Legacy -I../Drivers/CMSIS/Device/ST/STM32G4xx/Include -I../Drivers/CMSIS/Include -I../Middlewares/Third_Party/ARM_CMSIS/CMSIS/Core/Include/ -I../Middlewares/Third_Party/ARM_CMSIS/PrivateInclude/ -I../Middlewares/Third_Party/ARM_CMSIS/Include/ -I../Middlewares/Third_Party/ARM_CMSIS/Include -I"C:/Users/spwkp/STM32CubeIDE/Full_Studio_2_2/Studio/Source/BasicMathFunctions" -I"C:/Users/spwkp/STM32CubeIDE/Full_Studio_2_2/Studio/Source/BayesFunctions" -I"C:/Users/spwkp/STM32CubeIDE/Full_Studio_2_2/Studio/Source/CommonTables" -I"C:/Users/spwkp/STM32CubeIDE/Full_Studio_2_2/Studio/Source/ComplexMathFunctions" -I"C:/Users/spwkp/STM32CubeIDE/Full_Studio_2_2/Studio/Source/ControllerFunctions" -I"C:/Users/spwkp/STM32CubeIDE/Full_Studio_2_2/Studio/Source/DistanceFunctions" -I"C:/Users/spwkp/STM32CubeIDE/Full_Studio_2_2/Studio/Source/FastMathFunctions" -I"C:/Users/spwkp/STM32CubeIDE/Full_Studio_2_2/Studio/Source/FilteringFunctions" -I"C:/Users/spwkp/STM32CubeIDE/Full_Studio_2_2/Studio/Source/InterpolationFunctions" -I"C:/Users/spwkp/STM32CubeIDE/Full_Studio_2_2/Studio/Source/MatrixFunctions" -I"C:/Users/spwkp/STM32CubeIDE/Full_Studio_2_2/Studio/Source/QuaternionMathFunctions" -I"C:/Users/spwkp/STM32CubeIDE/Full_Studio_2_2/Studio/Source/StatisticsFunctions" -I"C:/Users/spwkp/STM32CubeIDE/Full_Studio_2_2/Studio/Source/SupportFunctions" -I"C:/Users/spwkp/STM32CubeIDE/Full_Studio_2_2/Studio/Source/SVMFunctions" -I"C:/Users/spwkp/STM32CubeIDE/Full_Studio_2_2/Studio/Source/TransformFunctions" -I"C:/Users/spwkp/STM32CubeIDE/Full_Studio_2_2/Studio/Source/WindowFunctions" -O0 -ffunction-sections -fdata-sections -Wall -fstack-usage -fcyclomatic-complexity -MMD -MP -MF"Core/Src/QEI.d" -MT"Core/Src/QEI.o" --specs=nano.specs -mfpu=fpv4-sp-d16 -mfloat-abi=hard -mthumb -o "Core/Src/QEI.o"
arm-none-eabi-gcc "../Core/Src/main.c" -mcpu=cortex-m4 -std=gnu11 -g3 -DDEBUG -DARM_MATH_MATRIX_CHECK -DUSE_HAL_DRIVER -DSTM32G474xx -c -I../Core/Inc -I../Drivers/STM32G4xx_HAL_Driver/Inc -I../Drivers/STM32G4xx_HAL_Driver/Inc/Legacy -I../Drivers/CMSIS/Device/ST/STM32G4xx/Include -I../Drivers/CMSIS/Include -I../Middlewares/Third_Party/ARM_CMSIS/CMSIS/Core/Include/ -I../Middlewares/Third_Party/ARM_CMSIS/PrivateInclude/ -I../Middlewares/Third_Party/ARM_CMSIS/Include/ -I../Middlewares/Third_Party/ARM_CMSIS/Include -I"C:/Users/spwkp/STM32CubeIDE/Full_Studio_2_2/Studio/Source/BasicMathFunctions" -I"C:/Users/spwkp/STM32CubeIDE/Full_Studio_2_2/Studio/Source/BayesFunctions" -I"C:/Users/spwkp/STM32CubeIDE/Full_Studio_2_2/Studio/Source/CommonTables" -I"C:/Users/spwkp/STM32CubeIDE/Full_Studio_2_2/Studio/Source/ComplexMathFunctions" -I"C:/Users/spwkp/STM32CubeIDE/Full_Studio_2_2/Studio/Source/ControllerFunctions" -I"C:/Users/spwkp/STM32CubeIDE/Full_Studio_2_2/Studio/Source/DistanceFunctions" -I"C:/Users/spwkp/STM32CubeIDE/Full_Studio_2_2/Studio/Source/FastMathFunctions" -I"C:/Users/spwkp/STM32CubeIDE/Full_Studio_2_2/Studio/Source/FilteringFunctions" -I"C:/Users/spwkp/STM32CubeIDE/Full_Studio_2_2/Studio/Source/InterpolationFunctions" -I"C:/Users/spwkp/STM32CubeIDE/Full_Studio_2_2/Studio/Source/MatrixFunctions" -I"C:/Users/spwkp/STM32CubeIDE/Full_Studio_2_2/Studio/Source/QuaternionMathFunctions" -I"C:/Users/spwkp/STM32CubeIDE/Full_Studio_2_2/Studio/Source/StatisticsFunctions" -I"C:/Users/spwkp/STM32CubeIDE/Full_Studio_2_2/Studio/Source/SupportFunctions" -I"C:/Users/spwkp/STM32CubeIDE/Full_Studio_2_2/Studio/Source/SVMFunctions" -I"C:/Users/spwkp/STM32CubeIDE/Full_Studio_2_2/Studio/Source/TransformFunctions" -I"C:/Users/spwkp/STM32CubeIDE/Full_Studio_2_2/Studio/Source/WindowFunctions" -O0 -ffunction-sections -fdata-sections -Wall -fstack-usage -fcyclomatic-complexity -MMD -MP -MF"Core/Src/main.d" -MT"Core/Src/main.o" --specs=nano.specs -mfpu=fpv4-sp-d16 -mfloat-abi=hard -mthumb -o "Core/Src/main.o"
arm-none-eabi-gcc -o "Studio.elf" @"objects.list"   -mcpu=cortex-m4 -T"C:\Users\spwkp\STM32CubeIDE\Full_Studio_2_2\Studio\STM32G474RETX_FLASH.ld" --specs=nosys.specs -Wl,-Map="Studio.map" -Wl,--gc-sections -static --specs=nano.specs -mfpu=fpv4-sp-d16 -mfloat-abi=hard -mthumb -Wl,--start-group -lc -lm -Wl,--end-group
Finished building target: Studio.elf
 
arm-none-eabi-size  Studio.elf 
arm-none-eabi-objdump -h -S Studio.elf  > "Studio.list"
   text	   data	    bss	    dec	    hex	filename
  44284	    712	   6480	  51476	   c914	Studio.elf
Finished building: default.size.stdout
 
Finished building: Studio.list
 
23:55:33 **** Incremental Build of configuration Debug for project Studio ****
make -j20 all 
arm-none-eabi-gcc "../Core/Src/main.c" -mcpu=cortex-m4 -std=gnu11 -g3 -DDEBUG -DARM_MATH_MATRIX_CHECK -DUSE_HAL_DRIVER -DSTM32G474xx -c -I../Core/Inc -I../Drivers/STM32G4xx_HAL_Driver/Inc -I../Drivers/STM32G4xx_HAL_Driver/Inc/Legacy -I../Drivers/CMSIS/Device/ST/STM32G4xx/Include -I../Drivers/CMSIS/Include -I../Middlewares/Third_Party/ARM_CMSIS/CMSIS/Core/Include/ -I../Middlewares/Third_Party/ARM_CMSIS/PrivateInclude/ -I../Middlewares/Third_Party/ARM_CMSIS/Include/ -I../Middlewares/Third_Party/ARM_CMSIS/Include -I"C:/Users/spwkp/STM32CubeIDE/Full_Studio_2_2/Studio/Source/BasicMathFunctions" -I"C:/Users/spwkp/STM32CubeIDE/Full_Studio_2_2/Studio/Source/BayesFunctions" -I"C:/Users/spwkp/STM32CubeIDE/Full_Studio_2_2/Studio/Source/CommonTables" -I"C:/Users/spwkp/STM32CubeIDE/Full_Studio_2_2/Studio/Source/ComplexMathFunctions" -I"C:/Users/spwkp/STM32CubeIDE/Full_Studio_2_2/Studio/Source/ControllerFunctions" -I"C:/Users/spwkp/STM32CubeIDE/Full_Studio_2_2/Studio/Source/DistanceFunctions" -I"C:/Users/spwkp/STM32CubeIDE/Full_Studio_2_2/Studio/Source/FastMathFunctions" -I"C:/Users/spwkp/STM32CubeIDE/Full_Studio_2_2/Studio/Source/FilteringFunctions" -I"C:/Users/spwkp/STM32CubeIDE/Full_Studio_2_2/Studio/Source/InterpolationFunctions" -I"C:/Users/spwkp/STM32CubeIDE/Full_Studio_2_2/Studio/Source/MatrixFunctions" -I"C:/Users/spwkp/STM32CubeIDE/Full_Studio_2_2/Studio/Source/QuaternionMathFunctions" -I"C:/Users/spwkp/STM32CubeIDE/Full_Studio_2_2/Studio/Source/StatisticsFunctions" -I"C:/Users/spwkp/STM32CubeIDE/Full_Studio_2_2/Studio/Source/SupportFunctions" -I"C:/Users/spwkp/STM32CubeIDE/Full_Studio_2_2/Studio/Source/SVMFunctions" -I"C:/Users/spwkp/STM32CubeIDE/Full_Studio_2_2/Studio/Source/TransformFunctions" -I"C:/Users/spwkp/STM32CubeIDE/Full_Studio_2_2/Studio/Source/WindowFunctions" -O0 -ffunction-sections -fdata-sections -Wall -fstack-usage -fcyclomatic-complexity -MMD -MP -MF"Core/Src/main.d" -MT"Core/Src/main.o" --specs=nano.specs -mfpu=fpv4-sp-d16 -mfloat-abi=hard -mthumb -o "Core/Src/main.o"
arm-none-eabi-gcc -o "Studio.elf" @"objects.list"   -mcpu=cortex-m4 -T"C:\Users\spwkp\STM32CubeIDE\Full_Studio_2_2\Studio\STM32G474RETX_FLASH.ld" --specs=nosys.specs -Wl,-Map="Studio.map" -Wl,--gc-sections -static --specs=nano.specs -mfpu=fpv4-sp-d16 -mfloat-abi=hard -mthumb -Wl,--start-group -lc -lm -Wl,--end-group
Finished building target: Studio.elf
 
arm-none-eabi-size  Studio.elf 
arm-none-eabi-objdump -h -S Studio.elf  > "Studio.list"
   text	   data	    bss	    dec	    hex	filename
  44284	    712	   6480	  51476	   c914	Studio.elf
Finished building: default.size.stdout
 
Finished building: Studio.list
 
23:58:22 **** Incremental Build of configuration Debug for project Studio ****
make -j20 all 
arm-none-eabi-gcc "../Core/Src/main.c" -mcpu=cortex-m4 -std=gnu11 -g3 -DDEBUG -DARM_MATH_MATRIX_CHECK -DUSE_HAL_DRIVER -DSTM32G474xx -c -I../Core/Inc -I../Drivers/STM32G4xx_HAL_Driver/Inc -I../Drivers/STM32G4xx_HAL_Driver/Inc/Legacy -I../Drivers/CMSIS/Device/ST/STM32G4xx/Include -I../Drivers/CMSIS/Include -I../Middlewares/Third_Party/ARM_CMSIS/CMSIS/Core/Include/ -I../Middlewares/Third_Party/ARM_CMSIS/PrivateInclude/ -I../Middlewares/Third_Party/ARM_CMSIS/Include/ -I../Middlewares/Third_Party/ARM_CMSIS/Include -I"C:/Users/spwkp/STM32CubeIDE/Full_Studio_2_2/Studio/Source/BasicMathFunctions" -I"C:/Users/spwkp/STM32CubeIDE/Full_Studio_2_2/Studio/Source/BayesFunctions" -I"C:/Users/spwkp/STM32CubeIDE/Full_Studio_2_2/Studio/Source/CommonTables" -I"C:/Users/spwkp/STM32CubeIDE/Full_Studio_2_2/Studio/Source/ComplexMathFunctions" -I"C:/Users/spwkp/STM32CubeIDE/Full_Studio_2_2/Studio/Source/ControllerFunctions" -I"C:/Users/spwkp/STM32CubeIDE/Full_Studio_2_2/Studio/Source/DistanceFunctions" -I"C:/Users/spwkp/STM32CubeIDE/Full_Studio_2_2/Studio/Source/FastMathFunctions" -I"C:/Users/spwkp/STM32CubeIDE/Full_Studio_2_2/Studio/Source/FilteringFunctions" -I"C:/Users/spwkp/STM32CubeIDE/Full_Studio_2_2/Studio/Source/InterpolationFunctions" -I"C:/Users/spwkp/STM32CubeIDE/Full_Studio_2_2/Studio/Source/MatrixFunctions" -I"C:/Users/spwkp/STM32CubeIDE/Full_Studio_2_2/Studio/Source/QuaternionMathFunctions" -I"C:/Users/spwkp/STM32CubeIDE/Full_Studio_2_2/Studio/Source/StatisticsFunctions" -I"C:/Users/spwkp/STM32CubeIDE/Full_Studio_2_2/Studio/Source/SupportFunctions" -I"C:/Users/spwkp/STM32CubeIDE/Full_Studio_2_2/Studio/Source/SVMFunctions" -I"C:/Users/spwkp/STM32CubeIDE/Full_Studio_2_2/Studio/Source/TransformFunctions" -I"C:/Users/spwkp/STM32CubeIDE/Full_Studio_2_2/Studio/Source/WindowFunctions" -O0 -ffunction-sections -fdata-sections -Wall -fstack-usage -fcyclomatic-complexity -MMD -MP -MF"Core/Src/main.d" -MT"Core/Src/main.o" --specs=nano.specs -mfpu=fpv4-sp-d16 -mfloat-abi=hard -mthumb -o "Core/Src/main.o"
arm-none-eabi-gcc -o "Studio.elf" @"objects.list"   -mcpu=cortex-m4 -T"C:\Users\spwkp\STM32CubeIDE\Full_Studio_2_2\Studio\STM32G474RETX_FLASH.ld" --specs=nosys.specs -Wl,-Map="Studio.map" -Wl,--gc-sections -static --specs=nano.specs -mfpu=fpv4-sp-d16 -mfloat-abi=hard -mthumb -Wl,--start-group -lc -lm -Wl,--end-group
Finished building target: Studio.elf
 
arm-none-eabi-size  Studio.elf 
arm-none-eabi-objdump -h -S Studio.elf  > "Studio.list"
   text	   data	    bss	    dec	    hex	filename
  44132	    712	   6480	  51324	   c87c	Studio.elf
Finished building: default.size.stdout
 
Finished building: Studio.list
 
00:16:27 **** Incremental Build of configuration Debug for project Studio ****
make -j20 all 
arm-none-eabi-gcc "../Core/Src/QEI.c" -mcpu=cortex-m4 -std=gnu11 -g3 -DDEBUG -DARM_MATH_MATRIX_CHECK -DUSE_HAL_DRIVER -DSTM32G474xx -c -I../Core/Inc -I../Drivers/STM32G4xx_HAL_Driver/Inc -I../Drivers/STM32G4xx_HAL_Driver/Inc/Legacy -I../Drivers/CMSIS/Device/ST/STM32G4xx/Include -I../Drivers/CMSIS/Include -I../Middlewares/Third_Party/ARM_CMSIS/CMSIS/Core/Include/ -I../Middlewares/Third_Party/ARM_CMSIS/PrivateInclude/ -I../Middlewares/Third_Party/ARM_CMSIS/Include/ -I../Middlewares/Third_Party/ARM_CMSIS/Include -I"C:/Users/spwkp/STM32CubeIDE/Full_Studio_2_2/Studio/Source/BasicMathFunctions" -I"C:/Users/spwkp/STM32CubeIDE/Full_Studio_2_2/Studio/Source/BayesFunctions" -I"C:/Users/spwkp/STM32CubeIDE/Full_Studio_2_2/Studio/Source/CommonTables" -I"C:/Users/spwkp/STM32CubeIDE/Full_Studio_2_2/Studio/Source/ComplexMathFunctions" -I"C:/Users/spwkp/STM32CubeIDE/Full_Studio_2_2/Studio/Source/ControllerFunctions" -I"C:/Users/spwkp/STM32CubeIDE/Full_Studio_2_2/Studio/Source/DistanceFunctions" -I"C:/Users/spwkp/STM32CubeIDE/Full_Studio_2_2/Studio/Source/FastMathFunctions" -I"C:/Users/spwkp/STM32CubeIDE/Full_Studio_2_2/Studio/Source/FilteringFunctions" -I"C:/Users/spwkp/STM32CubeIDE/Full_Studio_2_2/Studio/Source/InterpolationFunctions" -I"C:/Users/spwkp/STM32CubeIDE/Full_Studio_2_2/Studio/Source/MatrixFunctions" -I"C:/Users/spwkp/STM32CubeIDE/Full_Studio_2_2/Studio/Source/QuaternionMathFunctions" -I"C:/Users/spwkp/STM32CubeIDE/Full_Studio_2_2/Studio/Source/StatisticsFunctions" -I"C:/Users/spwkp/STM32CubeIDE/Full_Studio_2_2/Studio/Source/SupportFunctions" -I"C:/Users/spwkp/STM32CubeIDE/Full_Studio_2_2/Studio/Source/SVMFunctions" -I"C:/Users/spwkp/STM32CubeIDE/Full_Studio_2_2/Studio/Source/TransformFunctions" -I"C:/Users/spwkp/STM32CubeIDE/Full_Studio_2_2/Studio/Source/WindowFunctions" -O0 -ffunction-sections -fdata-sections -Wall -fstack-usage -fcyclomatic-complexity -MMD -MP -MF"Core/Src/QEI.d" -MT"Core/Src/QEI.o" --specs=nano.specs -mfpu=fpv4-sp-d16 -mfloat-abi=hard -mthumb -o "Core/Src/QEI.o"
[...]
 
Finished building: Studio.list
 
14:58:09 **** Incremental Build of configuration Debug for project Studio ****
make -j20 all 
arm-none-eabi-gcc "../Core/Src/main.c" -mcpu=cortex-m4 -std=gnu11 -g3 -DDEBUG -DARM_MATH_MATRIX_CHECK -DUSE_HAL_DRIVER -DSTM32G474xx -c -I../Core/Inc -I../Drivers/STM32G4xx_HAL_Driver/Inc -I../Drivers/STM32G4xx_HAL_Driver/Inc/Legacy -I../Drivers/CMSIS/Device/ST/STM32G4xx/Include -I../Drivers/CMSIS/Include -I../Middlewares/Third_Party/ARM_CMSIS/CMSIS/Core/Include/ -I../Middlewares/Third_Party/ARM_CMSIS/PrivateInclude/ -I../Middlewares/Third_Party/ARM_CMSIS/Include/ -I../Middlewares/Third_Party/ARM_CMSIS/Include -I"C:/Users/spwkp/STM32CubeIDE/Full_Studio_2_2/Studio/Source/BasicMathFunctions" -I"C:/Users/spwkp/STM32CubeIDE/Full_Studio_2_2/Studio/Source/BayesFunctions" -I"C:/Users/spwkp/STM32CubeIDE/Full_Studio_2_2/Studio/Source/CommonTables" -I"C:/Users/spwkp/STM32CubeIDE/Full_Studio_2_2/Studio/Source/ComplexMathFunctions" -I"C:/Users/spwkp/STM32CubeIDE/Full_Studio_2_2/Studio/Source/ControllerFunctions" -I"C:/Users/spwkp/STM32CubeIDE/Full_Studio_2_2/Studio/Source/DistanceFunctions" -I"C:/Users/spwkp/STM32CubeIDE/Full_Studio_2_2/Studio/Source/FastMathFunctions" -I"C:/Users/spwkp/STM32CubeIDE/Full_Studio_2_2/Studio/Source/FilteringFunctions" -I"C:/Users/spwkp/STM32CubeIDE/Full_Studio_2_2/Studio/Source/InterpolationFunctions" -I"C:/Users/spwkp/STM32CubeIDE/Full_Studio_2_2/Studio/Source/MatrixFunctions" -I"C:/Users/spwkp/STM32CubeIDE/Full_Studio_2_2/Studio/Source/QuaternionMathFunctions" -I"C:/Users/spwkp/STM32CubeIDE/Full_Studio_2_2/Studio/Source/StatisticsFunctions" -I"C:/Users/spwkp/STM32CubeIDE/Full_Studio_2_2/Studio/Source/SupportFunctions" -I"C:/Users/spwkp/STM32CubeIDE/Full_Studio_2_2/Studio/Source/SVMFunctions" -I"C:/Users/spwkp/STM32CubeIDE/Full_Studio_2_2/Studio/Source/TransformFunctions" -I"C:/Users/spwkp/STM32CubeIDE/Full_Studio_2_2/Studio/Source/WindowFunctions" -O0 -ffunction-sections -fdata-sections -Wall -fstack-usage -fcyclomatic-complexity -MMD -MP -MF"Core/Src/main.d" -MT"Core/Src/main.o" --specs=nano.specs -mfpu=fpv4-sp-d16 -mfloat-abi=hard -mthumb -o "Core/Src/main.o"
../Core/Src/main.c: In function 'main':
../Core/Src/main.c:255:31: warning: passing argument 2 of 'Modbus_init' discards 'volatile' qualifier from pointer target type [-Wdiscarded-qualifiers]
  255 |         Modbus_init(&hmodbus, registerFrame);
      |                               ^~~~~~~~~~~~~
In file included from ../Core/Src/main.c:29:
../Core/Inc/ModBusRTU.h:99:40: note: expected 'u16u8_t *' but argument is of type 'volatile u16u8_t *'
   99 | void Modbus_init(ModbusHandleTypedef* ,u16u8_t*);
      |                                        ^~~~~~~~
../Core/Src/main.c: In function 'HAL_GPIO_EXTI_Callback':
../Core/Src/main.c:883:17: error: 'revlolute_flag' undeclared (first use in this function); did you mean 'revolute_flag'?
  883 |                 revlolute_flag = (revlolute_flag == 0) ? 1 : 0;
      |                 ^~~~~~~~~~~~~~
      |                 revolute_flag
../Core/Src/main.c:883:17: note: each undeclared identifier is reported only once for each function it appears in
make: *** [Core/Src/subdir.mk:49: Core/Src/main.o] Error 1
"make -j20 all" terminated with exit code 2. Build might be incomplete.
14:58:40 **** Incremental Build of configuration Debug for project Studio ****
make -j20 all 
arm-none-eabi-gcc "../Core/Src/main.c" -mcpu=cortex-m4 -std=gnu11 -g3 -DDEBUG -DARM_MATH_MATRIX_CHECK -DUSE_HAL_DRIVER -DSTM32G474xx -c -I../Core/Inc -I../Drivers/STM32G4xx_HAL_Driver/Inc -I../Drivers/STM32G4xx_HAL_Driver/Inc/Legacy -I../Drivers/CMSIS/Device/ST/STM32G4xx/Include -I../Drivers/CMSIS/Include -I../Middlewares/Third_Party/ARM_CMSIS/CMSIS/Core/Include/ -I../Middlewares/Third_Party/ARM_CMSIS/PrivateInclude/ -I../Middlewares/Third_Party/ARM_CMSIS/Include/ -I../Middlewares/Third_Party/ARM_CMSIS/Include -I"C:/Users/spwkp/STM32CubeIDE/Full_Studio_2_2/Studio/Source/BasicMathFunctions" -I"C:/Users/spwkp/STM32CubeIDE/Full_Studio_2_2/Studio/Source/BayesFunctions" -I"C:/Users/spwkp/STM32CubeIDE/Full_Studio_2_2/Studio/Source/CommonTables" -I"C:/Users/spwkp/STM32CubeIDE/Full_Studio_2_2/Studio/Source/ComplexMathFunctions" -I"C:/Users/spwkp/STM32CubeIDE/Full_Studio_2_2/Studio/Source/ControllerFunctions" -I"C:/Users/spwkp/STM32CubeIDE/Full_Studio_2_2/Studio/Source/DistanceFunctions" -I"C:/Users/spwkp/STM32CubeIDE/Full_Studio_2_2/Studio/Source/FastMathFunctions" -I"C:/Users/spwkp/STM32CubeIDE/Full_Studio_2_2/Studio/Source/FilteringFunctions" -I"C:/Users/spwkp/STM32CubeIDE/Full_Studio_2_2/Studio/Source/InterpolationFunctions" -I"C:/Users/spwkp/STM32CubeIDE/Full_Studio_2_2/Studio/Source/MatrixFunctions" -I"C:/Users/spwkp/STM32CubeIDE/Full_Studio_2_2/Studio/Source/QuaternionMathFunctions" -I"C:/Users/spwkp/STM32CubeIDE/Full_Studio_2_2/Studio/Source/StatisticsFunctions" -I"C:/Users/spwkp/STM32CubeIDE/Full_Studio_2_2/Studio/Source/SupportFunctions" -I"C:/Users/spwkp/STM32CubeIDE/Full_Studio_2_2/Studio/Source/SVMFunctions" -I"C:/Users/spwkp/STM32CubeIDE/Full_Studio_2_2/Studio/Source/TransformFunctions" -I"C:/Users/spwkp/STM32CubeIDE/Full_Studio_2_2/Studio/Source/WindowFunctions" -O0 -ffunction-sections -fdata-sections -Wall -fstack-usage -fcyclomatic-complexity -MMD -MP -MF"Core/Src/main.d" -MT"Core/Src/main.o" --specs=nano.specs -mfpu=fpv4-sp-d16 -mfloat-abi=hard -mthumb -o "Core/Src/main.o"
../Core/Src/main.c: In function 'main':
../Core/Src/main.c:255:31: warning: passing argument 2 of 'Modbus_init' discards 'volatile' qualifier from pointer target type [-Wdiscarded-qualifiers]
  255 |         Modbus_init(&hmodbus, registerFrame);
      |                               ^~~~~~~~~~~~~
In file included from ../Core/Src/main.c:29:
../Core/Inc/ModBusRTU.h:99:40: note: expected 'u16u8_t *' but argument is of type 'volatile u16u8_t *'
   99 | void Modbus_init(ModbusHandleTypedef* ,u16u8_t*);
      |                                        ^~~~~~~~
../Core/Src/main.c: In function 'HAL_GPIO_EXTI_Callback':
../Core/Src/main.c:883:34: error: 'revlolute_flag' undeclared (first use in this function); did you mean 'revolute_flag'?
  883 |                 revolute_flag = (revlolute_flag == 0) ? 1 : 0;
      |                                  ^~~~~~~~~~~~~~
      |                                  revolute_flag
../Core/Src/main.c:883:34: note: each undeclared identifier is reported only once for each function it appears in
make: *** [Core/Src/subdir.mk:49: Core/Src/main.o] Error 1
"make -j20 all" terminated with exit code 2. Build might be incomplete.
14:58:55 **** Incremental Build of configuration Debug for project Studio ****
make -j20 all 
arm-none-eabi-gcc "../Core/Src/main.c" -mcpu=cortex-m4 -std=gnu11 -g3 -DDEBUG -DARM_MATH_MATRIX_CHECK -DUSE_HAL_DRIVER -DSTM32G474xx -c -I../Core/Inc -I../Drivers/STM32G4xx_HAL_Driver/Inc -I../Drivers/STM32G4xx_HAL_Driver/Inc/Legacy -I../Drivers/CMSIS/Device/ST/STM32G4xx/Include -I../Drivers/CMSIS/Include -I../Middlewares/Third_Party/ARM_CMSIS/CMSIS/Core/Include/ -I../Middlewares/Third_Party/ARM_CMSIS/PrivateInclude/ -I../Middlewares/Third_Party/ARM_CMSIS/Include/ -I../Middlewares/Third_Party/ARM_CMSIS/Include -I"C:/Users/spwkp/STM32CubeIDE/Full_Studio_2_2/Studio/Source/BasicMathFunctions" -I"C:/Users/spwkp/STM32CubeIDE/Full_Studio_2_2/Studio/Source/BayesFunctions" -I"C:/Users/spwkp/STM32CubeIDE/Full_Studio_2_2/Studio/Source/CommonTables" -I"C:/Users/spwkp/STM32CubeIDE/Full_Studio_2_2/Studio/Source/ComplexMathFunctions" -I"C:/Users/spwkp/STM32CubeIDE/Full_Studio_2_2/Studio/Source/ControllerFunctions" -I"C:/Users/spwkp/STM32CubeIDE/Full_Studio_2_2/Studio/Source/DistanceFunctions" -I"C:/Users/spwkp/STM32CubeIDE/Full_Studio_2_2/Studio/Source/FastMathFunctions" -I"C:/Users/spwkp/STM32CubeIDE/Full_Studio_2_2/Studio/Source/FilteringFunctions" -I"C:/Users/spwkp/STM32CubeIDE/Full_Studio_2_2/Studio/Source/InterpolationFunctions" -I"C:/Users/spwkp/STM32CubeIDE/Full_Studio_2_2/Studio/Source/MatrixFunctions" -I"C:/Users/spwkp/STM32CubeIDE/Full_Studio_2_2/Studio/Source/QuaternionMathFunctions" -I"C:/Users/spwkp/STM32CubeIDE/Full_Studio_2_2/Studio/Source/StatisticsFunctions" -I"C:/Users/spwkp/STM32CubeIDE/Full_Studio_2_2/Studio/Source/SupportFunctions" -I"C:/Users/spwkp/STM32CubeIDE/Full_Studio_2_2/Studio/Source/SVMFunctions" -I"C:/Users/spwkp/STM32CubeIDE/Full_Studio_2_2/Studio/Source/TransformFunctions" -I"C:/Users/spwkp/STM32CubeIDE/Full_Studio_2_2/Studio/Source/WindowFunctions" -O0 -ffunction-sections -fdata-sections -Wall -fstack-usage -fcyclomatic-complexity -MMD -MP -MF"Core/Src/main.d" -MT"Core/Src/main.o" --specs=nano.specs -mfpu=fpv4-sp-d16 -mfloat-abi=hard -mthumb -o "Core/Src/main.o"
../Core/Src/main.c: In function 'main':
../Core/Src/main.c:255:31: warning: passing argument 2 of 'Modbus_init' discards 'volatile' qualifier from pointer target type [-Wdiscarded-qualifiers]
  255 |         Modbus_init(&hmodbus, registerFrame);
      |                               ^~~~~~~~~~~~~
In file included from ../Core/Src/main.c:29:
../Core/Inc/ModBusRTU.h:99:40: note: expected 'u16u8_t *' but argument is of type 'volatile u16u8_t *'
   99 | void Modbus_init(ModbusHandleTypedef* ,u16u8_t*);
      |                                        ^~~~~~~~
arm-none-eabi-gcc -o "Studio.elf" @"objects.list"   -mcpu=cortex-m4 -T"C:\Users\spwkp\STM32CubeIDE\Full_Studio_2_2\Studio\STM32G474RETX_FLASH.ld" --specs=nosys.specs -Wl,-Map="Studio.map" -Wl,--gc-sections -static --specs=nano.specs -mfpu=fpv4-sp-d16 -mfloat-abi=hard -mthumb -Wl,--start-group -lc -lm -Wl,--end-group
Finished building target: Studio.elf
 
arm-none-eabi-size  Studio.elf 
arm-none-eabi-objdump -h -S Studio.elf  > "Studio.list"
   text	   data	    bss	    dec	    hex	filename
  44520	    724	   6520	  51764	   ca34	Studio.elf
Finished building: default.size.stdout
 
Finished building: Studio.list
 
15:05:33 **** Incremental Build of configuration Debug for project Studio ****
make -j20 all 
arm-none-eabi-gcc "../Core/Src/main.c" -mcpu=cortex-m4 -std=gnu11 -g3 -DDEBUG -DARM_MATH_MATRIX_CHECK -DUSE_HAL_DRIVER -DSTM32G474xx -c -I../Core/Inc -I../Drivers/STM32G4xx_HAL_Driver/Inc -I../Drivers/STM32G4xx_HAL_Driver/Inc/Legacy -I../Drivers/CMSIS/Device/ST/STM32G4xx/Include -I../Drivers/CMSIS/Include -I../Middlewares/Third_Party/ARM_CMSIS/CMSIS/Core/Include/ -I../Middlewares/Third_Party/ARM_CMSIS/PrivateInclude/ -I../Middlewares/Third_Party/ARM_CMSIS/Include/ -I../Middlewares/Third_Party/ARM_CMSIS/Include -I"C:/Users/spwkp/STM32CubeIDE/Full_Studio_2_2/Studio/Source/BasicMathFunctions" -I"C:/Users/spwkp/STM32CubeIDE/Full_Studio_2_2/Studio/Source/BayesFunctions" -I"C:/Users/spwkp/STM32CubeIDE/Full_Studio_2_2/Studio/Source/CommonTables" -I"C:/Users/spwkp/STM32CubeIDE/Full_Studio_2_2/Studio/Source/ComplexMathFunctions" -I"C:/Users/spwkp/STM32CubeIDE/Full_Studio_2_2/Studio/Source/ControllerFunctions" -I"C:/Users/spwkp/STM32CubeIDE/Full_Studio_2_2/Studio/Source/DistanceFunctions" -I"C:/Users/spwkp/STM32CubeIDE/Full_Studio_2_2/Studio/Source/FastMathFunctions" -I"C:/Users/spwkp/STM32CubeIDE/Full_Studio_2_2/Studio/Source/FilteringFunctions" -I"C:/Users/spwkp/STM32CubeIDE/Full_Studio_2_2/Studio/Source/InterpolationFunctions" -I"C:/Users/spwkp/STM32CubeIDE/Full_Studio_2_2/Studio/Source/MatrixFunctions" -I"C:/Users/spwkp/STM32CubeIDE/Full_Studio_2_2/Studio/Source/QuaternionMathFunctions" -I"C:/Users/spwkp/STM32CubeIDE/Full_Studio_2_2/Studio/Source/StatisticsFunctions" -I"C:/Users/spwkp/STM32CubeIDE/Full_Studio_2_2/Studio/Source/SupportFunctions" -I"C:/Users/spwkp/STM32CubeIDE/Full_Studio_2_2/Studio/Source/SVMFunctions" -I"C:/Users/spwkp/STM32CubeIDE/Full_Studio_2_2/Studio/Source/TransformFunctions" -I"C:/Users/spwkp/STM32CubeIDE/Full_Studio_2_2/Studio/Source/WindowFunctions" -O0 -ffunction-sections -fdata-sections -Wall -fstack-usage -fcyclomatic-complexity -MMD -MP -MF"Core/Src/main.d" -MT"Core/Src/main.o" --specs=nano.specs -mfpu=fpv4-sp-d16 -mfloat-abi=hard -mthumb -o "Core/Src/main.o"
../Core/Src/main.c: In function 'main':
../Core/Src/main.c:255:31: warning: passing argument 2 of 'Modbus_init' discards 'volatile' qualifier from pointer target type [-Wdiscarded-qualifiers]
  255 |         Modbus_init(&hmodbus, registerFrame);
      |                               ^~~~~~~~~~~~~
In file included from ../Core/Src/main.c:29:
../Core/Inc/ModBusRTU.h:99:40: note: expected 'u16u8_t *' but argument is of type 'volatile u16u8_t *'
   99 | void Modbus_init(ModbusHandleTypedef* ,u16u8_t*);
      |                                        ^~~~~~~~
arm-none-eabi-gcc -o "Studio.elf" @"objects.list"   -mcpu=cortex-m4 -T"C:\Users\spwkp\STM32CubeIDE\Full_Studio_2_2\Studio\STM32G474RETX_FLASH.ld" --specs=nosys.specs -Wl,-Map="Studio.map" -Wl,--gc-sections -static --specs=nano.specs -mfpu=fpv4-sp-d16 -mfloat-abi=hard -mthumb -Wl,--start-group -lc -lm -Wl,--end-group
Finished building target: Studio.elf
 
arm-none-eabi-size  Studio.elf 
arm-none-eabi-objdump -h -S Studio.elf  > "Studio.list"
   text	   data	    bss	    dec	    hex	filename
  44520	    724	   6520	  51764	   ca34	Studio.elf
Finished building: default.size.stdout
 
Finished building: Studio.list
 
15:06:28 **** Incremental Build of configuration Debug for project Studio ****
make -j20 all 
arm-none-eabi-gcc "../Core/Src/main.c" -mcpu=cortex-m4 -std=gnu11 -g3 -DDEBUG -DARM_MATH_MATRIX_CHECK -DUSE_HAL_DRIVER -DSTM32G474xx -c -I../Core/Inc -I../Drivers/STM32G4xx_HAL_Driver/Inc -I../Drivers/STM32G4xx_HAL_Driver/Inc/Legacy -I../Drivers/CMSIS/Device/ST/STM32G4xx/Include -I../Drivers/CMSIS/Include -I../Middlewares/Third_Party/ARM_CMSIS/CMSIS/Core/Include/ -I../Middlewares/Third_Party/ARM_CMSIS/PrivateInclude/ -I../Middlewares/Third_Party/ARM_CMSIS/Include/ -I../Middlewares/Third_Party/ARM_CMSIS/Include -I"C:/Users/spwkp/STM32CubeIDE/Full_Studio_2_2/Studio/Source/BasicMathFunctions" -I"C:/Users/spwkp/STM32CubeIDE/Full_Studio_2_2/Studio/Source/BayesFunctions" -I"C:/Users/spwkp/STM32CubeIDE/Full_Studio_2_2/Studio/Source/CommonTables" -I"C:/Users/spwkp/STM32CubeIDE/Full_Studio_2_2/Studio/Source/ComplexMathFunctions" -I"C:/Users/spwkp/STM32CubeIDE/Full_Studio_2_2/Studio/Source/ControllerFunctions" -I"C:/Users/spwkp/STM32CubeIDE/Full_Studio_2_2/Studio/Source/DistanceFunctions" -I"C:/Users/spwkp/STM32CubeIDE/Full_Studio_2_2/Studio/Source/FastMathFunctions" -I"C:/Users/spwkp/STM32CubeIDE/Full_Studio_2_2/Studio/Source/FilteringFunctions" -I"C:/Users/spwkp/STM32CubeIDE/Full_Studio_2_2/Studio/Source/InterpolationFunctions" -I"C:/Users/spwkp/STM32CubeIDE/Full_Studio_2_2/Studio/Source/MatrixFunctions" -I"C:/Users/spwkp/STM32CubeIDE/Full_Studio_2_2/Studio/Source/QuaternionMathFunctions" -I"C:/Users/spwkp/STM32CubeIDE/Full_Studio_2_2/Studio/Source/StatisticsFunctions" -I"C:/Users/spwkp/STM32CubeIDE/Full_Studio_2_2/Studio/Source/SupportFunctions" -I"C:/Users/spwkp/STM32CubeIDE/Full_Studio_2_2/Studio/Source/SVMFunctions" -I"C:/Users/spwkp/STM32CubeIDE/Full_Studio_2_2/Studio/Source/TransformFunctions" -I"C:/Users/spwkp/STM32CubeIDE/Full_Studio_2_2/Studio/Source/WindowFunctions" -O0 -ffunction-sections -fdata-sections -Wall -fstack-usage -fcyclomatic-complexity -MMD -MP -MF"Core/Src/main.d" -MT"Core/Src/main.o" --specs=nano.specs -mfpu=fpv4-sp-d16 -mfloat-abi=hard -mthumb -o "Core/Src/main.o"
../Core/Src/main.c: In function 'main':
../Core/Src/main.c:255:31: warning: passing argument 2 of 'Modbus_init' discards 'volatile' qualifier from pointer target type [-Wdiscarded-qualifiers]
  255 |         Modbus_init(&hmodbus, registerFrame);
      |                               ^~~~~~~~~~~~~
In file included from ../Core/Src/main.c:29:
../Core/Inc/ModBusRTU.h:99:40: note: expected 'u16u8_t *' but argument is of type 'volatile u16u8_t *'
   99 | void Modbus_init(ModbusHandleTypedef* ,u16u8_t*);
      |                                        ^~~~~~~~
arm-none-eabi-gcc -o "Studio.elf" @"objects.list"   -mcpu=cortex-m4 -T"C:\Users\spwkp\STM32CubeIDE\Full_Studio_2_2\Studio\STM32G474RETX_FLASH.ld" --specs=nosys.specs -Wl,-Map="Studio.map" -Wl,--gc-sections -static --specs=nano.specs -mfpu=fpv4-sp-d16 -mfloat-abi=hard -mthumb -Wl,--start-group -lc -lm -Wl,--end-group
Finished building target: Studio.elf
 
arm-none-eabi-size  Studio.elf 
arm-none-eabi-objdump -h -S Studio.elf  > "Studio.list"
   text	   data	    bss	    dec	    hex	filename
  44552	    724	   6520	  51796	   ca54	Studio.elf
Finished building: default.size.stdout
 
Finished building: Studio.list
 
15:07:42 **** Incremental Build of configuration Debug for project Studio ****
make -j20 all 
arm-none-eabi-gcc "../Core/Src/main.c" -mcpu=cortex-m4 -std=gnu11 -g3 -DDEBUG -DARM_MATH_MATRIX_CHECK -DUSE_HAL_DRIVER -DSTM32G474xx -c -I../Core/Inc -I../Drivers/STM32G4xx_HAL_Driver/Inc -I../Drivers/STM32G4xx_HAL_Driver/Inc/Legacy -I../Drivers/CMSIS/Device/ST/STM32G4xx/Include -I../Drivers/CMSIS/Include -I../Middlewares/Third_Party/ARM_CMSIS/CMSIS/Core/Include/ -I../Middlewares/Third_Party/ARM_CMSIS/PrivateInclude/ -I../Middlewares/Third_Party/ARM_CMSIS/Include/ -I../Middlewares/Third_Party/ARM_CMSIS/Include -I"C:/Users/spwkp/STM32CubeIDE/Full_Studio_2_2/Studio/Source/BasicMathFunctions" -I"C:/Users/spwkp/STM32CubeIDE/Full_Studio_2_2/Studio/Source/BayesFunctions" -I"C:/Users/spwkp/STM32CubeIDE/Full_Studio_2_2/Studio/Source/CommonTables" -I"C:/Users/spwkp/STM32CubeIDE/Full_Studio_2_2/Studio/Source/ComplexMathFunctions" -I"C:/Users/spwkp/STM32CubeIDE/Full_Studio_2_2/Studio/Source/ControllerFunctions" -I"C:/Users/spwkp/STM32CubeIDE/Full_Studio_2_2/Studio/Source/DistanceFunctions" -I"C:/Users/spwkp/STM32CubeIDE/Full_Studio_2_2/Studio/Source/FastMathFunctions" -I"C:/Users/spwkp/STM32CubeIDE/Full_Studio_2_2/Studio/Source/FilteringFunctions" -I"C:/Users/spwkp/STM32CubeIDE/Full_Studio_2_2/Studio/Source/InterpolationFunctions" -I"C:/Users/spwkp/STM32CubeIDE/Full_Studio_2_2/Studio/Source/MatrixFunctions" -I"C:/Users/spwkp/STM32CubeIDE/Full_Studio_2_2/Studio/Source/QuaternionMathFunctions" -I"C:/Users/spwkp/STM32CubeIDE/Full_Studio_2_2/Studio/Source/StatisticsFunctions" -I"C:/Users/spwkp/STM32CubeIDE/Full_Studio_2_2/Studio/Source/SupportFunctions" -I"C:/Users/spwkp/STM32CubeIDE/Full_Studio_2_2/Studio/Source/SVMFunctions" -I"C:/Users/spwkp/STM32CubeIDE/Full_Studio_2_2/Studio/Source/TransformFunctions" -I"C:/Users/spwkp/STM32CubeIDE/Full_Studio_2_2/Studio/Source/WindowFunctions" -O0 -ffunction-sections -fdata-sections -Wall -fstack-usage -fcyclomatic-complexity -MMD -MP -MF"Core/Src/main.d" -MT"Core/Src/main.o" --specs=nano.specs -mfpu=fpv4-sp-d16 -mfloat-abi=hard -mthumb -o "Core/Src/main.o"
../Core/Src/main.c: In function 'main':
../Core/Src/main.c:255:31: warning: passing argument 2 of 'Modbus_init' discards 'volatile' qualifier from pointer target type [-Wdiscarded-qualifiers]
  255 |         Modbus_init(&hmodbus, registerFrame);
      |                               ^~~~~~~~~~~~~
In file included from ../Core/Src/main.c:29:
../Core/Inc/ModBusRTU.h:99:40: note: expected 'u16u8_t *' but argument is of type 'volatile u16u8_t *'
   99 | void Modbus_init(ModbusHandleTypedef* ,u16u8_t*);
      |                                        ^~~~~~~~
arm-none-eabi-gcc -o "Studio.elf" @"objects.list"   -mcpu=cortex-m4 -T"C:\Users\spwkp\STM32CubeIDE\Full_Studio_2_2\Studio\STM32G474RETX_FLASH.ld" --specs=nosys.specs -Wl,-Map="Studio.map" -Wl,--gc-sections -static --specs=nano.specs -mfpu=fpv4-sp-d16 -mfloat-abi=hard -mthumb -Wl,--start-group -lc -lm -Wl,--end-group
Finished building target: Studio.elf
 
arm-none-eabi-size  Studio.elf 
arm-none-eabi-objdump -h -S Studio.elf  > "Studio.list"
   text	   data	    bss	    dec	    hex	filename
  43768	    716	   6496	  50980	   c724	Studio.elf
Finished building: default.size.stdout
 
Finished building: Studio.list
 
15:09:06 **** Incremental Build of configuration Debug for project Studio ****
make -j20 all 
arm-none-eabi-size  Studio.elf 
   text	   data	    bss	    dec	    hex	filename
  43768	    716	   6496	  50980	   c724	Studio.elf
Finished building: default.size.stdout
 
