17:40:11 **** Incremental Build of configuration Debug for project Studio ****
make -j20 all 
arm-none-eabi-gcc "../Core/Src/main.c" -mcpu=cortex-m4 -std=gnu11 -g3 -DDEBUG -DARM_MATH_MATRIX_CHECK -DUSE_HAL_DRIVER -DSTM32G474xx -c -I../Core/Inc -I../Drivers/STM32G4xx_HAL_Driver/Inc -I../Drivers/STM32G4xx_HAL_Driver/Inc/Legacy -I../Drivers/CMSIS/Device/ST/STM32G4xx/Include -I../Drivers/CMSIS/Include -I../Middlewares/Third_Party/ARM_CMSIS/CMSIS/Core/Include/ -I../Middlewares/Third_Party/ARM_CMSIS/PrivateInclude/ -I../Middlewares/Third_Party/ARM_CMSIS/Include/ -I../Middlewares/Third_Party/ARM_CMSIS/Include -I"C:/Users/spwkp/STM32CubeIDE/Full_Studio_2_2/Studio/Source/BasicMathFunctions" -I"C:/Users/spwkp/STM32CubeIDE/Full_Studio_2_2/Studio/Source/BayesFunctions" -I"C:/Users/spwkp/STM32CubeIDE/Full_Studio_2_2/Studio/Source/CommonTables" -I"C:/Users/spwkp/STM32CubeIDE/Full_Studio_2_2/Studio/Source/ComplexMathFunctions" -I"C:/Users/spwkp/STM32CubeIDE/Full_Studio_2_2/Studio/Source/ControllerFunctions" -I"C:/Users/spwkp/STM32CubeIDE/Full_Studio_2_2/Studio/Source/DistanceFunctions" -I"C:/Users/spwkp/STM32CubeIDE/Full_Studio_2_2/Studio/Source/FastMathFunctions" -I"C:/Users/spwkp/STM32CubeIDE/Full_Studio_2_2/Studio/Source/FilteringFunctions" -I"C:/Users/spwkp/STM32CubeIDE/Full_Studio_2_2/Studio/Source/InterpolationFunctions" -I"C:/Users/spwkp/STM32CubeIDE/Full_Studio_2_2/Studio/Source/MatrixFunctions" -I"C:/Users/spwkp/STM32CubeIDE/Full_Studio_2_2/Studio/Source/QuaternionMathFunctions" -I"C:/Users/spwkp/STM32CubeIDE/Full_Studio_2_2/Studio/Source/StatisticsFunctions" -I"C:/Users/spwkp/STM32CubeIDE/Full_Studio_2_2/Studio/Source/SupportFunctions" -I"C:/Users/spwkp/STM32CubeIDE/Full_Studio_2_2/Studio/Source/SVMFunctions" -I"C:/Users/spwkp/STM32CubeIDE/Full_Studio_2_2/Studio/Source/TransformFunctions" -I"C:/Users/spwkp/STM32CubeIDE/Full_Studio_2_2/Studio/Source/WindowFunctions" -O0 -ffunction-sections -fdata-sections -Wall -fstack-usage -fcyclomatic-complexity -MMD -MP -MF"Core/Src/main.d" -MT"Core/Src/main.o" --specs=nano.specs -mfpu=fpv4-sp-d16 -mfloat-abi=hard -mthumb -o "Core/Src/main.o"
../Core/Src/main.c: In function 'main':
../Core/Src/main.c:1938:31: warning: passing argument 2 of 'Modbus_init' from incompatible pointer type [-Wincompatible-pointer-types]
 1938 |         Modbus_init(&hmodbus, &registerFrame);
      |                               ^~~~~~~~~~~~~~
      |                               |
      |                               volatile u16u8_t (*)[70]
In file included from ../Core/Src/main.c:29:
../Core/Inc/ModBusRTU.h:99:40: note: expected 'u16u8_t *' but argument is of type 'volatile u16u8_t (*)[70]'
   99 | void Modbus_init(ModbusHandleTypedef* ,u16u8_t*);
      |                                        ^~~~~~~~
../Core/Src/main.c:1964:35: warning: passing argument 2 of 'HAL_ADC_Start_DMA' from incompatible pointer type [-Wincompatible-pointer-types]
 1964 |         HAL_ADC_Start_DMA(&hadc1, JOY_RawRead, 20);
      |                                   ^~~~~~~~~~~
      |                                   |
      |                                   uint16_t * {aka short unsigned int *}
In file included from ../Core/Inc/stm32g4xx_hal_conf.h:228,
                 from ../Drivers/STM32G4xx_HAL_Driver/Inc/stm32g4xx_hal.h:29,
                 from ../Core/Inc/main.h:30,
                 from ../Core/Src/main.c:20:
../Drivers/STM32G4xx_HAL_Driver/Inc/stm32g4xx_hal_adc.h:2242:78: note: expected 'uint32_t *' {aka 'long unsigned int *'} but argument is of type 'uint16_t *' {aka 'short unsigned int *'}
 2242 | HAL_StatusTypeDef       HAL_ADC_Start_DMA(ADC_HandleTypeDef *hadc, uint32_t *pData, uint32_t Length);
      |                                                                    ~~~~~~~~~~^~~~~
../Core/Src/main.c:1965:35: warning: passing argument 2 of 'HAL_ADC_Start_DMA' from incompatible pointer type [-Wincompatible-pointer-types]
 1965 |         HAL_ADC_Start_DMA(&hadc2, Prox_RawRead, 10);
      |                                   ^~~~~~~~~~~~
      |                                   |
      |                                   uint16_t * {aka short unsigned int *}
../Drivers/STM32G4xx_HAL_Driver/Inc/stm32g4xx_hal_adc.h:2242:78: note: expected 'uint32_t *' {aka 'long unsigned int *'} but argument is of type 'uint16_t *' {aka 'short unsigned int *'}
 2242 | HAL_StatusTypeDef       HAL_ADC_Start_DMA(ADC_HandleTypeDef *hadc, uint32_t *pData, uint32_t Length);
      |                                                                    ~~~~~~~~~~^~~~~
../Core/Src/main.c: In function 'HAL_TIM_PeriodElapsedCallback':
../Core/Src/main.c:3003:33: warning: implicit declaration of function 'cart2polar' [-Wimplicit-function-declaration]
 3003 |                                 cart2polar(x_mm, y_mm, &goal_r_mm, &goal_th_deg);
      |                                 ^~~~~~~~~~
../Core/Src/main.c:2946:17: warning: enumeration value 'STATE_IDLE' not handled in switch [-Wswitch]
 2946 |                 switch (current_state) {
      |                 ^~~~~~
../Core/Src/main.c: At top level:
../Core/Src/main.c:3253:6: warning: conflicting types for 'cart2polar'; have 'void(float,  float,  float *, float *)'
 3253 | void cart2polar(float x, float y, float *r_mm, float *theta_deg) {
      |      ^~~~~~~~~~
../Core/Src/main.c:3003:33: note: previous implicit declaration of 'cart2polar' with type 'void(float,  float,  float *, float *)'
 3003 |                                 cart2polar(x_mm, y_mm, &goal_r_mm, &goal_th_deg);
      |                                 ^~~~~~~~~~
arm-none-eabi-gcc -o "Studio.elf" @"objects.list"   -mcpu=cortex-m4 -T"C:\Users\spwkp\STM32CubeIDE\Full_Studio_2_2\Studio\STM32G474RETX_FLASH.ld" --specs=nosys.specs -Wl,-Map="Studio.map" -Wl,--gc-sections -static --specs=nano.specs -mfpu=fpv4-sp-d16 -mfloat-abi=hard -mthumb -Wl,--start-group -lc -lm -Wl,--end-group
Finished building target: Studio.elf
 
arm-none-eabi-size  Studio.elf 
arm-none-eabi-objdump -h -S Studio.elf  > "Studio.list"
   text	   data	    bss	    dec	    hex	filename
  93288	    640	   6128	 100056	  186d8	Studio.elf
Finished building: default.size.stdout
 
Finished building: Studio.list
 
17:40:19 **** Incremental Build of configuration Debug for project Studio ****
make -j20 all 
arm-none-eabi-size  Studio.elf 
   text	   data	    bss	    dec	    hex	filename
  93288	    640	   6128	 100056	  186d8	Studio.elf
Finished building: default.size.stdout
 
17:42:27 **** Incremental Build of configuration Debug for project Studio ****
make -j20 all 
arm-none-eabi-gcc "../Core/Src/main.c" -mcpu=cortex-m4 -std=gnu11 -g3 -DDEBUG -DARM_MATH_MATRIX_CHECK -DUSE_HAL_DRIVER -DSTM32G474xx -c -I../Core/Inc -I../Drivers/STM32G4xx_HAL_Driver/Inc -I../Drivers/STM32G4xx_HAL_Driver/Inc/Legacy -I../Drivers/CMSIS/Device/ST/STM32G4xx/Include -I../Drivers/CMSIS/Include -I../Middlewares/Third_Party/ARM_CMSIS/CMSIS/Core/Include/ -I../Middlewares/Third_Party/ARM_CMSIS/PrivateInclude/ -I../Middlewares/Third_Party/ARM_CMSIS/Include/ -I../Middlewares/Third_Party/ARM_CMSIS/Include -I"C:/Users/spwkp/STM32CubeIDE/Full_Studio_2_2/Studio/Source/BasicMathFunctions" -I"C:/Users/spwkp/STM32CubeIDE/Full_Studio_2_2/Studio/Source/BayesFunctions" -I"C:/Users/spwkp/STM32CubeIDE/Full_Studio_2_2/Studio/Source/CommonTables" -I"C:/Users/spwkp/STM32CubeIDE/Full_Studio_2_2/Studio/Source/ComplexMathFunctions" -I"C:/Users/spwkp/STM32CubeIDE/Full_Studio_2_2/Studio/Source/ControllerFunctions" -I"C:/Users/spwkp/STM32CubeIDE/Full_Studio_2_2/Studio/Source/DistanceFunctions" -I"C:/Users/spwkp/STM32CubeIDE/Full_Studio_2_2/Studio/Source/FastMathFunctions" -I"C:/Users/spwkp/STM32CubeIDE/Full_Studio_2_2/Studio/Source/FilteringFunctions" -I"C:/Users/spwkp/STM32CubeIDE/Full_Studio_2_2/Studio/Source/InterpolationFunctions" -I"C:/Users/spwkp/STM32CubeIDE/Full_Studio_2_2/Studio/Source/MatrixFunctions" -I"C:/Users/spwkp/STM32CubeIDE/Full_Studio_2_2/Studio/Source/QuaternionMathFunctions" -I"C:/Users/spwkp/STM32CubeIDE/Full_Studio_2_2/Studio/Source/StatisticsFunctions" -I"C:/Users/spwkp/STM32CubeIDE/Full_Studio_2_2/Studio/Source/SupportFunctions" -I"C:/Users/spwkp/STM32CubeIDE/Full_Studio_2_2/Studio/Source/SVMFunctions" -I"C:/Users/spwkp/STM32CubeIDE/Full_Studio_2_2/Studio/Source/TransformFunctions" -I"C:/Users/spwkp/STM32CubeIDE/Full_Studio_2_2/Studio/Source/WindowFunctions" -O0 -ffunction-sections -fdata-sections -Wall -fstack-usage -fcyclomatic-complexity -MMD -MP -MF"Core/Src/main.d" -MT"Core/Src/main.o" --specs=nano.specs -mfpu=fpv4-sp-d16 -mfloat-abi=hard -mthumb -o "Core/Src/main.o"
../Core/Src/main.c: In function 'main':
../Core/Src/main.c:1939:31: warning: passing argument 2 of 'Modbus_init' from incompatible pointer type [-Wincompatible-pointer-types]
 1939 |         Modbus_init(&hmodbus, &registerFrame);
      |                               ^~~~~~~~~~~~~~
      |                               |
      |                               volatile u16u8_t (*)[70]
In file included from ../Core/Src/main.c:29:
../Core/Inc/ModBusRTU.h:99:40: note: expected 'u16u8_t *' but argument is of type 'volatile u16u8_t (*)[70]'
   99 | void Modbus_init(ModbusHandleTypedef* ,u16u8_t*);
      |                                        ^~~~~~~~
../Core/Src/main.c:1965:35: warning: passing argument 2 of 'HAL_ADC_Start_DMA' from incompatible pointer type [-Wincompatible-pointer-types]
 1965 |         HAL_ADC_Start_DMA(&hadc1, JOY_RawRead, 20);
      |                                   ^~~~~~~~~~~
      |                                   |
      |                                   uint16_t * {aka short unsigned int *}
In file included from ../Core/Inc/stm32g4xx_hal_conf.h:228,
                 from ../Drivers/STM32G4xx_HAL_Driver/Inc/stm32g4xx_hal.h:29,
                 from ../Core/Inc/main.h:30,
                 from ../Core/Src/main.c:20:
../Drivers/STM32G4xx_HAL_Driver/Inc/stm32g4xx_hal_adc.h:2242:78: note: expected 'uint32_t *' {aka 'long unsigned int *'} but argument is of type 'uint16_t *' {aka 'short unsigned int *'}
 2242 | HAL_StatusTypeDef       HAL_ADC_Start_DMA(ADC_HandleTypeDef *hadc, uint32_t *pData, uint32_t Length);
      |                                                                    ~~~~~~~~~~^~~~~
../Core/Src/main.c:1966:35: warning: passing argument 2 of 'HAL_ADC_Start_DMA' from incompatible pointer type [-Wincompatible-pointer-types]
 1966 |         HAL_ADC_Start_DMA(&hadc2, Prox_RawRead, 10);
      |                                   ^~~~~~~~~~~~
      |                                   |
      |                                   uint16_t * {aka short unsigned int *}
../Drivers/STM32G4xx_HAL_Driver/Inc/stm32g4xx_hal_adc.h:2242:78: note: expected 'uint32_t *' {aka 'long unsigned int *'} but argument is of type 'uint16_t *' {aka 'short unsigned int *'}
 2242 | HAL_StatusTypeDef       HAL_ADC_Start_DMA(ADC_HandleTypeDef *hadc, uint32_t *pData, uint32_t Length);
      |                                                                    ~~~~~~~~~~^~~~~
../Core/Src/main.c: In function 'HAL_TIM_PeriodElapsedCallback':
../Core/Src/main.c:3008:33: warning: implicit declaration of function 'cart2polar' [-Wimplicit-function-declaration]
 3008 |                                 cart2polar(x_mm, y_mm, &goal_r_mm, &goal_th_deg);
      |                                 ^~~~~~~~~~
../Core/Src/main.c:2947:17: warning: enumeration value 'STATE_IDLE' not handled in switch [-Wswitch]
 2947 |                 switch (current_state) {
      |                 ^~~~~~
../Core/Src/main.c: At top level:
../Core/Src/main.c:3259:6: warning: conflicting types for 'cart2polar'; have 'void(float,  float,  float *, float *)'
 3259 | void cart2polar(float x, float y, float *r_mm, float *theta_deg) {
      |      ^~~~~~~~~~
../Core/Src/main.c:3008:33: note: previous implicit declaration of 'cart2polar' with type 'void(float,  float,  float *, float *)'
 3008 |                                 cart2polar(x_mm, y_mm, &goal_r_mm, &goal_th_deg);
      |                                 ^~~~~~~~~~
arm-none-eabi-gcc -o "Studio.elf" @"objects.list"   -mcpu=cortex-m4 -T"C:\Users\spwkp\STM32CubeIDE\Full_Studio_2_2\Studio\STM32G474RETX_FLASH.ld" --specs=nosys.specs -Wl,-Map="Studio.map" -Wl,--gc-sections -static --specs=nano.specs -mfpu=fpv4-sp-d16 -mfloat-abi=hard -mthumb -Wl,--start-group -lc -lm -Wl,--end-group
Finished building target: Studio.elf
 
arm-none-eabi-size  Studio.elf 
arm-none-eabi-objdump -h -S Studio.elf  > "Studio.list"
   text	   data	    bss	    dec	    hex	filename
  93312	    640	   6128	 100080	  186f0	Studio.elf
Finished building: default.size.stdout
 
Finished building: Studio.list
 
17:47:17 **** Incremental Build of configuration Debug for project Studio ****
make -j20 all 
arm-none-eabi-gcc "../Core/Src/main.c" -mcpu=cortex-m4 -std=gnu11 -g3 -DDEBUG -DARM_MATH_MATRIX_CHECK -DUSE_HAL_DRIVER -DSTM32G474xx -c -I../Core/Inc -I../Drivers/STM32G4xx_HAL_Driver/Inc -I../Drivers/STM32G4xx_HAL_Driver/Inc/Legacy -I../Drivers/CMSIS/Device/ST/STM32G4xx/Include -I../Drivers/CMSIS/Include -I../Middlewares/Third_Party/ARM_CMSIS/CMSIS/Core/Include/ -I../Middlewares/Third_Party/ARM_CMSIS/PrivateInclude/ -I../Middlewares/Third_Party/ARM_CMSIS/Include/ -I../Middlewares/Third_Party/ARM_CMSIS/Include -I"C:/Users/spwkp/STM32CubeIDE/Full_Studio_2_2/Studio/Source/BasicMathFunctions" -I"C:/Users/spwkp/STM32CubeIDE/Full_Studio_2_2/Studio/Source/BayesFunctions" -I"C:/Users/spwkp/STM32CubeIDE/Full_Studio_2_2/Studio/Source/CommonTables" -I"C:/Users/spwkp/STM32CubeIDE/Full_Studio_2_2/Studio/Source/ComplexMathFunctions" -I"C:/Users/spwkp/STM32CubeIDE/Full_Studio_2_2/Studio/Source/ControllerFunctions" -I"C:/Users/spwkp/STM32CubeIDE/Full_Studio_2_2/Studio/Source/DistanceFunctions" -I"C:/Users/spwkp/STM32CubeIDE/Full_Studio_2_2/Studio/Source/FastMathFunctions" -I"C:/Users/spwkp/STM32CubeIDE/Full_Studio_2_2/Studio/Source/FilteringFunctions" -I"C:/Users/spwkp/STM32CubeIDE/Full_Studio_2_2/Studio/Source/InterpolationFunctions" -I"C:/Users/spwkp/STM32CubeIDE/Full_Studio_2_2/Studio/Source/MatrixFunctions" -I"C:/Users/spwkp/STM32CubeIDE/Full_Studio_2_2/Studio/Source/QuaternionMathFunctions" -I"C:/Users/spwkp/STM32CubeIDE/Full_Studio_2_2/Studio/Source/StatisticsFunctions" -I"C:/Users/spwkp/STM32CubeIDE/Full_Studio_2_2/Studio/Source/SupportFunctions" -I"C:/Users/spwkp/STM32CubeIDE/Full_Studio_2_2/Studio/Source/SVMFunctions" -I"C:/Users/spwkp/STM32CubeIDE/Full_Studio_2_2/Studio/Source/TransformFunctions" -I"C:/Users/spwkp/STM32CubeIDE/Full_Studio_2_2/Studio/Source/WindowFunctions" -O0 -ffunction-sections -fdata-sections -Wall -fstack-usage -fcyclomatic-complexity -MMD -MP -MF"Core/Src/main.d" -MT"Core/Src/main.o" --specs=nano.specs -mfpu=fpv4-sp-d16 -mfloat-abi=hard -mthumb -o "Core/Src/main.o"
../Core/Src/main.c: In function 'main':
../Core/Src/main.c:1940:31: warning: passing argument 2 of 'Modbus_init' from incompatible pointer type [-Wincompatible-pointer-types]
 1940 |         Modbus_init(&hmodbus, &registerFrame);
      |                               ^~~~~~~~~~~~~~
      |                               |
      |                               volatile u16u8_t (*)[70]
In file included from ../Core/Src/main.c:29:
../Core/Inc/ModBusRTU.h:99:40: note: expected 'u16u8_t *' but argument is of type 'volatile u16u8_t (*)[70]'
   99 | void Modbus_init(ModbusHandleTypedef* ,u16u8_t*);
      |                                        ^~~~~~~~
../Core/Src/main.c:1966:35: warning: passing argument 2 of 'HAL_ADC_Start_DMA' from incompatible pointer type [-Wincompatible-pointer-types]
 1966 |         HAL_ADC_Start_DMA(&hadc1, JOY_RawRead, 20);
      |                                   ^~~~~~~~~~~
      |                                   |
      |                                   uint16_t * {aka short unsigned int *}
In file included from ../Core/Inc/stm32g4xx_hal_conf.h:228,
                 from ../Drivers/STM32G4xx_HAL_Driver/Inc/stm32g4xx_hal.h:29,
                 from ../Core/Inc/main.h:30,
                 from ../Core/Src/main.c:20:
../Drivers/STM32G4xx_HAL_Driver/Inc/stm32g4xx_hal_adc.h:2242:78: note: expected 'uint32_t *' {aka 'long unsigned int *'} but argument is of type 'uint16_t *' {aka 'short unsigned int *'}
 2242 | HAL_StatusTypeDef       HAL_ADC_Start_DMA(ADC_HandleTypeDef *hadc, uint32_t *pData, uint32_t Length);
      |                                                                    ~~~~~~~~~~^~~~~
../Core/Src/main.c:1967:35: warning: passing argument 2 of 'HAL_ADC_Start_DMA' from incompatible pointer type [-Wincompatible-pointer-types]
 1967 |         HAL_ADC_Start_DMA(&hadc2, Prox_RawRead, 10);
      |                                   ^~~~~~~~~~~~
      |                                   |
      |                                   uint16_t * {aka short unsigned int *}
../Drivers/STM32G4xx_HAL_Driver/Inc/stm32g4xx_hal_adc.h:2242:78: note: expected 'uint32_t *' {aka 'long unsigned int *'} but argument is of type 'uint16_t *' {aka 'short unsigned int *'}
 2242 | HAL_StatusTypeDef       HAL_ADC_Start_DMA(ADC_HandleTypeDef *hadc, uint32_t *pData, uint32_t Length);
      |                                                                    ~~~~~~~~~~^~~~~
../Core/Src/main.c: In function 'HAL_TIM_PeriodElapsedCallback':
../Core/Src/main.c:2910:70: error: lvalue required as left operand of assignment
 2910 |                 if (registerFrame[1].U16 & STATUS_HOME && pain_flang = 0) {
      |                                                                      ^
../Core/Src/main.c:3010:33: warning: implicit declaration of function 'cart2polar' [-Wimplicit-function-declaration]
 3010 |                                 cart2polar(x_mm, y_mm, &goal_r_mm, &goal_th_deg);
      |                                 ^~~~~~~~~~
../Core/Src/main.c:2948:17: warning: enumeration value 'STATE_IDLE' not handled in switch [-Wswitch]
 2948 |                 switch (current_state) {
      |                 ^~~~~~
../Core/Src/main.c: At top level:
../Core/Src/main.c:3262:6: warning: conflicting types for 'cart2polar'; have 'void(float,  float,  float *, float *)'
 3262 | void cart2polar(float x, float y, float *r_mm, float *theta_deg) {
      |      ^~~~~~~~~~
../Core/Src/main.c:3010:33: note: previous implicit declaration of 'cart2polar' with type 'void(float,  float,  float *, float *)'
 3010 |                                 cart2polar(x_mm, y_mm, &goal_r_mm, &goal_th_deg);
      |                                 ^~~~~~~~~~
make: *** [Core/Src/subdir.mk:52: Core/Src/main.o] Error 1
"make -j20 all" terminated with exit code 2. Build might be incomplete.
17:48:02 **** Incremental Build of configuration Debug for project Studio ****
make -j20 all 
arm-none-eabi-gcc "../Core/Src/main.c" -mcpu=cortex-m4 -std=gnu11 -g3 -DDEBUG -DARM_MATH_MATRIX_CHECK -DUSE_HAL_DRIVER -DSTM32G474xx -c -I../Core/Inc -I../Drivers/STM32G4xx_HAL_Driver/Inc -I../Drivers/STM32G4xx_HAL_Driver/Inc/Legacy -I../Drivers/CMSIS/Device/ST/STM32G4xx/Include -I../Drivers/CMSIS/Include -I../Middlewares/Third_Party/ARM_CMSIS/CMSIS/Core/Include/ -I../Middlewares/Third_Party/ARM_CMSIS/PrivateInclude/ -I../Middlewares/Third_Party/ARM_CMSIS/Include/ -I../Middlewares/Third_Party/ARM_CMSIS/Include -I"C:/Users/spwkp/STM32CubeIDE/Full_Studio_2_2/Studio/Source/BasicMathFunctions" -I"C:/Users/spwkp/STM32CubeIDE/Full_Studio_2_2/Studio/Source/BayesFunctions" -I"C:/Users/spwkp/STM32CubeIDE/Full_Studio_2_2/Studio/Source/CommonTables" -I"C:/Users/spwkp/STM32CubeIDE/Full_Studio_2_2/Studio/Source/ComplexMathFunctions" -I"C:/Users/spwkp/STM32CubeIDE/Full_Studio_2_2/Studio/Source/ControllerFunctions" -I"C:/Users/spwkp/STM32CubeIDE/Full_Studio_2_2/Studio/Source/DistanceFunctions" -I"C:/Users/spwkp/STM32CubeIDE/Full_Studio_2_2/Studio/Source/FastMathFunctions" -I"C:/Users/spwkp/STM32CubeIDE/Full_Studio_2_2/Studio/Source/FilteringFunctions" -I"C:/Users/spwkp/STM32CubeIDE/Full_Studio_2_2/Studio/Source/InterpolationFunctions" -I"C:/Users/spwkp/STM32CubeIDE/Full_Studio_2_2/Studio/Source/MatrixFunctions" -I"C:/Users/spwkp/STM32CubeIDE/Full_Studio_2_2/Studio/Source/QuaternionMathFunctions" -I"C:/Users/spwkp/STM32CubeIDE/Full_Studio_2_2/Studio/Source/StatisticsFunctions" -I"C:/Users/spwkp/STM32CubeIDE/Full_Studio_2_2/Studio/Source/SupportFunctions" -I"C:/Users/spwkp/STM32CubeIDE/Full_Studio_2_2/Studio/Source/SVMFunctions" -I"C:/Users/spwkp/STM32CubeIDE/Full_Studio_2_2/Studio/Source/TransformFunctions" -I"C:/Users/spwkp/STM32CubeIDE/Full_Studio_2_2/Studio/Source/WindowFunctions" -O0 -ffunction-sections -fdata-sections -Wall -fstack-usage -fcyclomatic-complexity -MMD -MP -MF"Core/Src/main.d" -MT"Core/Src/main.o" --specs=nano.specs -mfpu=fpv4-sp-d16 -mfloat-abi=hard -mthumb -o "Core/Src/main.o"
../Core/Src/main.c: In function 'main':
../Core/Src/main.c:1940:31: warning: passing argument 2 of 'Modbus_init' from incompatible pointer type [-Wincompatible-pointer-types]
 1940 |         Modbus_init(&hmodbus, &registerFrame);
      |                               ^~~~~~~~~~~~~~
      |                               |
      |                               volatile u16u8_t (*)[70]
In file included from ../Core/Src/main.c:29:
../Core/Inc/ModBusRTU.h:99:40: note: expected 'u16u8_t *' but argument is of type 'volatile u16u8_t (*)[70]'
   99 | void Modbus_init(ModbusHandleTypedef* ,u16u8_t*);
      |                                        ^~~~~~~~
../Core/Src/main.c:1966:35: warning: passing argument 2 of 'HAL_ADC_Start_DMA' from incompatible pointer type [-Wincompatible-pointer-types]
 1966 |         HAL_ADC_Start_DMA(&hadc1, JOY_RawRead, 20);
      |                                   ^~~~~~~~~~~
      |                                   |
      |                                   uint16_t * {aka short unsigned int *}
In file included from ../Core/Inc/stm32g4xx_hal_conf.h:228,
                 from ../Drivers/STM32G4xx_HAL_Driver/Inc/stm32g4xx_hal.h:29,
                 from ../Core/Inc/main.h:30,
                 from ../Core/Src/main.c:20:
../Drivers/STM32G4xx_HAL_Driver/Inc/stm32g4xx_hal_adc.h:2242:78: note: expected 'uint32_t *' {aka 'long unsigned int *'} but argument is of type 'uint16_t *' {aka 'short unsigned int *'}
 2242 | HAL_StatusTypeDef       HAL_ADC_Start_DMA(ADC_HandleTypeDef *hadc, uint32_t *pData, uint32_t Length);
      |                                                                    ~~~~~~~~~~^~~~~
../Core/Src/main.c:1967:35: warning: passing argument 2 of 'HAL_ADC_Start_DMA' from incompatible pointer type [-Wincompatible-pointer-types]
 1967 |         HAL_ADC_Start_DMA(&hadc2, Prox_RawRead, 10);
      |                                   ^~~~~~~~~~~~
      |                                   |
      |                                   uint16_t * {aka short unsigned int *}
../Drivers/STM32G4xx_HAL_Driver/Inc/stm32g4xx_hal_adc.h:2242:78: note: expected 'uint32_t *' {aka 'long unsigned int *'} but argument is of type 'uint16_t *' {aka 'short unsigned int *'}
 2242 | HAL_StatusTypeDef       HAL_ADC_Start_DMA(ADC_HandleTypeDef *hadc, uint32_t *pData, uint32_t Length);
      |                                                                    ~~~~~~~~~~^~~~~
../Core/Src/main.c: In function 'HAL_TIM_PeriodElapsedCallback':
../Core/Src/main.c:2910:72: error: lvalue required as left operand of assignment
 2910 |                 if ((registerFrame[1].U16 & STATUS_HOME) && pain_flang = 0) {
      |                                                                        ^
../Core/Src/main.c:3010:33: warning: implicit declaration of function 'cart2polar' [-Wimplicit-function-declaration]
 3010 |                                 cart2polar(x_mm, y_mm, &goal_r_mm, &goal_th_deg);
      |                                 ^~~~~~~~~~
../Core/Src/main.c:2948:17: warning: enumeration value 'STATE_IDLE' not handled in switch [-Wswitch]
 2948 |                 switch (current_state) {
      |                 ^~~~~~
../Core/Src/main.c: At top level:
../Core/Src/main.c:3262:6: warning: conflicting types for 'cart2polar'; have 'void(float,  float,  float *, float *)'
 3262 | void cart2polar(float x, float y, float *r_mm, float *theta_deg) {
      |      ^~~~~~~~~~
../Core/Src/main.c:3010:33: note: previous implicit declaration of 'cart2polar' with type 'void(float,  float,  float *, float *)'
 3010 |                                 cart2polar(x_mm, y_mm, &goal_r_mm, &goal_th_deg);
      |                                 ^~~~~~~~~~
make: *** [Core/Src/subdir.mk:52: Core/Src/main.o] Error 1
"make -j20 all" terminated with exit code 2. Build might be incomplete.
17:48:11 **** Incremental Build of configuration Debug for project Studio ****
make -j20 all 
arm-none-eabi-gcc "../Core/Src/main.c" -mcpu=cortex-m4 -std=gnu11 -g3 -DDEBUG -DARM_MATH_MATRIX_CHECK -DUSE_HAL_DRIVER -DSTM32G474xx -c -I../Core/Inc -I../Drivers/STM32G4xx_HAL_Driver/Inc -I../Drivers/STM32G4xx_HAL_Driver/Inc/Legacy -I../Drivers/CMSIS/Device/ST/STM32G4xx/Include -I../Drivers/CMSIS/Include -I../Middlewares/Third_Party/ARM_CMSIS/CMSIS/Core/Include/ -I../Middlewares/Third_Party/ARM_CMSIS/PrivateInclude/ -I../Middlewares/Third_Party/ARM_CMSIS/Include/ -I../Middlewares/Third_Party/ARM_CMSIS/Include -I"C:/Users/spwkp/STM32CubeIDE/Full_Studio_2_2/Studio/Source/BasicMathFunctions" -I"C:/Users/spwkp/STM32CubeIDE/Full_Studio_2_2/Studio/Source/BayesFunctions" -I"C:/Users/spwkp/STM32CubeIDE/Full_Studio_2_2/Studio/Source/CommonTables" -I"C:/Users/spwkp/STM32CubeIDE/Full_Studio_2_2/Studio/Source/ComplexMathFunctions" -I"C:/Users/spwkp/STM32CubeIDE/Full_Studio_2_2/Studio/Source/ControllerFunctions" -I"C:/Users/spwkp/STM32CubeIDE/Full_Studio_2_2/Studio/Source/DistanceFunctions" -I"C:/Users/spwkp/STM32CubeIDE/Full_Studio_2_2/Studio/Source/FastMathFunctions" -I"C:/Users/spwkp/STM32CubeIDE/Full_Studio_2_2/Studio/Source/FilteringFunctions" -I"C:/Users/spwkp/STM32CubeIDE/Full_Studio_2_2/Studio/Source/InterpolationFunctions" -I"C:/Users/spwkp/STM32CubeIDE/Full_Studio_2_2/Studio/Source/MatrixFunctions" -I"C:/Users/spwkp/STM32CubeIDE/Full_Studio_2_2/Studio/Source/QuaternionMathFunctions" -I"C:/Users/spwkp/STM32CubeIDE/Full_Studio_2_2/Studio/Source/StatisticsFunctions" -I"C:/Users/spwkp/STM32CubeIDE/Full_Studio_2_2/Studio/Source/SupportFunctions" -I"C:/Users/spwkp/STM32CubeIDE/Full_Studio_2_2/Studio/Source/SVMFunctions" -I"C:/Users/spwkp/STM32CubeIDE/Full_Studio_2_2/Studio/Source/TransformFunctions" -I"C:/Users/spwkp/STM32CubeIDE/Full_Studio_2_2/Studio/Source/WindowFunctions" -O0 -ffunction-sections -fdata-sections -Wall -fstack-usage -fcyclomatic-complexity -MMD -MP -MF"Core/Src/main.d" -MT"Core/Src/main.o" --specs=nano.specs -mfpu=fpv4-sp-d16 -mfloat-abi=hard -mthumb -o "Core/Src/main.o"
../Core/Src/main.c: In function 'main':
../Core/Src/main.c:1940:31: warning: passing argument 2 of 'Modbus_init' from incompatible pointer type [-Wincompatible-pointer-types]
 1940 |         Modbus_init(&hmodbus, &registerFrame);
      |                               ^~~~~~~~~~~~~~
      |                               |
      |                               volatile u16u8_t (*)[70]
In file included from ../Core/Src/main.c:29:
../Core/Inc/ModBusRTU.h:99:40: note: expected 'u16u8_t *' but argument is of type 'volatile u16u8_t (*)[70]'
   99 | void Modbus_init(ModbusHandleTypedef* ,u16u8_t*);
      |                                        ^~~~~~~~
../Core/Src/main.c:1966:35: warning: passing argument 2 of 'HAL_ADC_Start_DMA' from incompatible pointer type [-Wincompatible-pointer-types]
 1966 |         HAL_ADC_Start_DMA(&hadc1, JOY_RawRead, 20);
      |                                   ^~~~~~~~~~~
      |                                   |
      |                                   uint16_t * {aka short unsigned int *}
In file included from ../Core/Inc/stm32g4xx_hal_conf.h:228,
                 from ../Drivers/STM32G4xx_HAL_Driver/Inc/stm32g4xx_hal.h:29,
                 from ../Core/Inc/main.h:30,
                 from ../Core/Src/main.c:20:
../Drivers/STM32G4xx_HAL_Driver/Inc/stm32g4xx_hal_adc.h:2242:78: note: expected 'uint32_t *' {aka 'long unsigned int *'} but argument is of type 'uint16_t *' {aka 'short unsigned int *'}
 2242 | HAL_StatusTypeDef       HAL_ADC_Start_DMA(ADC_HandleTypeDef *hadc, uint32_t *pData, uint32_t Length);
      |                                                                    ~~~~~~~~~~^~~~~
../Core/Src/main.c:1967:35: warning: passing argument 2 of 'HAL_ADC_Start_DMA' from incompatible pointer type [-Wincompatible-pointer-types]
 1967 |         HAL_ADC_Start_DMA(&hadc2, Prox_RawRead, 10);
      |                                   ^~~~~~~~~~~~
      |                                   |
      |                                   uint16_t * {aka short unsigned int *}
../Drivers/STM32G4xx_HAL_Driver/Inc/stm32g4xx_hal_adc.h:2242:78: note: expected 'uint32_t *' {aka 'long unsigned int *'} but argument is of type 'uint16_t *' {aka 'short unsigned int *'}
 2242 | HAL_StatusTypeDef       HAL_ADC_Start_DMA(ADC_HandleTypeDef *hadc, uint32_t *pData, uint32_t Length);
      |                                                                    ~~~~~~~~~~^~~~~
../Core/Src/main.c: In function 'HAL_TIM_PeriodElapsedCallback':
../Core/Src/main.c:3010:33: warning: implicit declaration of function 'cart2polar' [-Wimplicit-function-declaration]
 3010 |                                 cart2polar(x_mm, y_mm, &goal_r_mm, &goal_th_deg);
      |                                 ^~~~~~~~~~
../Core/Src/main.c:2948:17: warning: enumeration value 'STATE_IDLE' not handled in switch [-Wswitch]
 2948 |                 switch (current_state) {
      |                 ^~~~~~
../Core/Src/main.c: At top level:
../Core/Src/main.c:3262:6: warning: conflicting types for 'cart2polar'; have 'void(float,  float,  float *, float *)'
 3262 | void cart2polar(float x, float y, float *r_mm, float *theta_deg) {
      |      ^~~~~~~~~~
../Core/Src/main.c:3010:33: note: previous implicit declaration of 'cart2polar' with type 'void(float,  float,  float *, float *)'
 3010 |                                 cart2polar(x_mm, y_mm, &goal_r_mm, &goal_th_deg);
      |                                 ^~~~~~~~~~
arm-none-eabi-gcc -o "Studio.elf" @"objects.list"   -mcpu=cortex-m4 -T"C:\Users\spwkp\STM32CubeIDE\Full_Studio_2_2\Studio\STM32G474RETX_FLASH.ld" --specs=nosys.specs -Wl,-Map="Studio.map" -Wl,--gc-sections -static --specs=nano.specs -mfpu=fpv4-sp-d16 -mfloat-abi=hard -mthumb -Wl,--start-group -lc -lm -Wl,--end-group
Finished building target: Studio.elf
 
arm-none-eabi-size  Studio.elf 
arm-none-eabi-objdump -h -S Studio.elf  > "Studio.list"
   text	   data	    bss	    dec	    hex	filename
  93392	    640	   6128	 100160	  18740	Studio.elf
Finished building: default.size.stdout
 
Finished building: Studio.list
 
17:51:10 **** Incremental Build of configuration Debug for project Studio ****
make -j20 all 
arm-none-eabi-gcc "../Core/Src/main.c" -mcpu=cortex-m4 -std=gnu11 -g3 -DDEBUG -DARM_MATH_MATRIX_CHECK -DUSE_HAL_DRIVER -DSTM32G474xx -c -I../Core/Inc -I../Drivers/STM32G4xx_HAL_Driver/Inc -I../Drivers/STM32G4xx_HAL_Driver/Inc/Legacy -I../Drivers/CMSIS/Device/ST/STM32G4xx/Include -I../Drivers/CMSIS/Include -I../Middlewares/Third_Party/ARM_CMSIS/CMSIS/Core/Include/ -I../Middlewares/Third_Party/ARM_CMSIS/PrivateInclude/ -I../Middlewares/Third_Party/ARM_CMSIS/Include/ -I../Middlewares/Third_Party/ARM_CMSIS/Include -I"C:/Users/spwkp/STM32CubeIDE/Full_Studio_2_2/Studio/Source/BasicMathFunctions" -I"C:/Users/spwkp/STM32CubeIDE/Full_Studio_2_2/Studio/Source/BayesFunctions" -I"C:/Users/spwkp/STM32CubeIDE/Full_Studio_2_2/Studio/Source/CommonTables" -I"C:/Users/spwkp/STM32CubeIDE/Full_Studio_2_2/Studio/Source/ComplexMathFunctions" -I"C:/Users/spwkp/STM32CubeIDE/Full_Studio_2_2/Studio/Source/ControllerFunctions" -I"C:/Users/spwkp/STM32CubeIDE/Full_Studio_2_2/Studio/Source/DistanceFunctions" -I"C:/Users/spwkp/STM32CubeIDE/Full_Studio_2_2/Studio/Source/FastMathFunctions" -I"C:/Users/spwkp/STM32CubeIDE/Full_Studio_2_2/Studio/Source/FilteringFunctions" -I"C:/Users/spwkp/STM32CubeIDE/Full_Studio_2_2/Studio/Source/InterpolationFunctions" -I"C:/Users/spwkp/STM32CubeIDE/Full_Studio_2_2/Studio/Source/MatrixFunctions" -I"C:/Users/spwkp/STM32CubeIDE/Full_Studio_2_2/Studio/Source/QuaternionMathFunctions" -I"C:/Users/spwkp/STM32CubeIDE/Full_Studio_2_2/Studio/Source/StatisticsFunctions" -I"C:/Users/spwkp/STM32CubeIDE/Full_Studio_2_2/Studio/Source/SupportFunctions" -I"C:/Users/spwkp/STM32CubeIDE/Full_Studio_2_2/Studio/Source/SVMFunctions" -I"C:/Users/spwkp/STM32CubeIDE/Full_Studio_2_2/Studio/Source/TransformFunctions" -I"C:/Users/spwkp/STM32CubeIDE/Full_Studio_2_2/Studio/Source/WindowFunctions" -O0 -ffunction-sections -fdata-sections -Wall -fstack-usage -fcyclomatic-complexity -MMD -MP -MF"Core/Src/main.d" -MT"Core/Src/main.o" --specs=nano.specs -mfpu=fpv4-sp-d16 -mfloat-abi=hard -mthumb -o "Core/Src/main.o"
../Core/Src/main.c: In function 'main':
../Core/Src/main.c:1940:31: warning: passing argument 2 of 'Modbus_init' from incompatible pointer type [-Wincompatible-pointer-types]
 1940 |         Modbus_init(&hmodbus, &registerFrame);
      |                               ^~~~~~~~~~~~~~
      |                               |
      |                               volatile u16u8_t (*)[70]
In file included from ../Core/Src/main.c:29:
../Core/Inc/ModBusRTU.h:99:40: note: expected 'u16u8_t *' but argument is of type 'volatile u16u8_t (*)[70]'
   99 | void Modbus_init(ModbusHandleTypedef* ,u16u8_t*);
      |                                        ^~~~~~~~
../Core/Src/main.c:1966:35: warning: passing argument 2 of 'HAL_ADC_Start_DMA' from incompatible pointer type [-Wincompatible-pointer-types]
 1966 |         HAL_ADC_Start_DMA(&hadc1, JOY_RawRead, 20);
      |                                   ^~~~~~~~~~~
      |                                   |
      |                                   uint16_t * {aka short unsigned int *}
In file included from ../Core/Inc/stm32g4xx_hal_conf.h:228,
                 from ../Drivers/STM32G4xx_HAL_Driver/Inc/stm32g4xx_hal.h:29,
                 from ../Core/Inc/main.h:30,
                 from ../Core/Src/main.c:20:
../Drivers/STM32G4xx_HAL_Driver/Inc/stm32g4xx_hal_adc.h:2242:78: note: expected 'uint32_t *' {aka 'long unsigned int *'} but argument is of type 'uint16_t *' {aka 'short unsigned int *'}
 2242 | HAL_StatusTypeDef       HAL_ADC_Start_DMA(ADC_HandleTypeDef *hadc, uint32_t *pData, uint32_t Length);
      |                                                                    ~~~~~~~~~~^~~~~
../Core/Src/main.c:1967:35: warning: passing argument 2 of 'HAL_ADC_Start_DMA' from incompatible pointer type [-Wincompatible-pointer-types]
 1967 |         HAL_ADC_Start_DMA(&hadc2, Prox_RawRead, 10);
      |                                   ^~~~~~~~~~~~
      |                                   |
      |                                   uint16_t * {aka short unsigned int *}
../Drivers/STM32G4xx_HAL_Driver/Inc/stm32g4xx_hal_adc.h:2242:78: note: expected 'uint32_t *' {aka 'long unsigned int *'} but argument is of type 'uint16_t *' {aka 'short unsigned int *'}
 2242 | HAL_StatusTypeDef       HAL_ADC_Start_DMA(ADC_HandleTypeDef *hadc, uint32_t *pData, uint32_t Length);
      |                                                                    ~~~~~~~~~~^~~~~
../Core/Src/main.c: In function 'HAL_TIM_PeriodElapsedCallback':
../Core/Src/main.c:3012:33: warning: implicit declaration of function 'cart2polar' [-Wimplicit-function-declaration]
 3012 |                                 cart2polar(x_mm, y_mm, &goal_r_mm, &goal_th_deg);
      |                                 ^~~~~~~~~~
../Core/Src/main.c:2948:17: warning: enumeration value 'STATE_IDLE' not handled in switch [-Wswitch]
 2948 |                 switch (current_state) {
      |                 ^~~~~~
../Core/Src/main.c: At top level:
../Core/Src/main.c:3263:6: warning: conflicting types for 'cart2polar'; have 'void(float,  float,  float *, float *)'
 3263 | void cart2polar(float x, float y, float *r_mm, float *theta_deg) {
      |      ^~~~~~~~~~
../Core/Src/main.c:3012:33: note: previous implicit declaration of 'cart2polar' with type 'void(float,  float,  float *, float *)'
 3012 |                                 cart2polar(x_mm, y_mm, &goal_r_mm, &goal_th_deg);
      |                                 ^~~~~~~~~~
arm-none-eabi-gcc -o "Studio.elf" @"objects.list"   -mcpu=cortex-m4 -T"C:\Users\spwkp\STM32CubeIDE\Full_Studio_2_2\Studio\STM32G474RETX_FLASH.ld" --specs=nosys.specs -Wl,-Map="Studio.map" -Wl,--gc-sections -static --specs=nano.specs -mfpu=fpv4-sp-d16 -mfloat-abi=hard -mthumb -Wl,--start-group -lc -lm -Wl,--end-group
Finished building target: Studio.elf
 
arm-none-eabi-size  Studio.elf 
arm-none-eabi-objdump -h -S Studio.elf  > "Studio.list"
   text	   data	    bss	    dec	    hex	filename
  93400	    640	   6128	 100168	  18748	Studio.elf
Finished building: default.size.stdout
 
Finished building: Studio.list
 
17:53:32 **** Incremental Build of configuration Debug for project Studio ****
make -j20 all 
arm-none-eabi-size  Studio.elf 
   text	   data	    bss	    dec	    hex	filename
  93400	    640	   6128	 100168	  18748	Studio.elf
Finished building: default.size.stdout
 
18:46:05 **** Incremental Build of configuration Debug for project Studio ****
make -j20 all 
arm-none-eabi-gcc "../Core/Src/main.c" -mcpu=cortex-m4 -std=gnu11 -g3 -DDEBUG -DARM_MATH_MATRIX_CHECK -DUSE_HAL_DRIVER -DSTM32G474xx -c -I../Core/Inc -I../Drivers/STM32G4xx_HAL_Driver/Inc -I../Drivers/STM32G4xx_HAL_Driver/Inc/Legacy -I../Drivers/CMSIS/Device/ST/STM32G4xx/Include -I../Drivers/CMSIS/Include -I../Middlewares/Third_Party/ARM_CMSIS/CMSIS/Core/Include/ -I../Middlewares/Third_Party/ARM_CMSIS/PrivateInclude/ -I../Middlewares/Third_Party/ARM_CMSIS/Include/ -I../Middlewares/Third_Party/ARM_CMSIS/Include -I"C:/Users/spwkp/STM32CubeIDE/Full_Studio_2_2/Studio/Source/BasicMathFunctions" -I"C:/Users/spwkp/STM32CubeIDE/Full_Studio_2_2/Studio/Source/BayesFunctions" -I"C:/Users/spwkp/STM32CubeIDE/Full_Studio_2_2/Studio/Source/CommonTables" -I"C:/Users/spwkp/STM32CubeIDE/Full_Studio_2_2/Studio/Source/ComplexMathFunctions" -I"C:/Users/spwkp/STM32CubeIDE/Full_Studio_2_2/Studio/Source/ControllerFunctions" -I"C:/Users/spwkp/STM32CubeIDE/Full_Studio_2_2/Studio/Source/DistanceFunctions" -I"C:/Users/spwkp/STM32CubeIDE/Full_Studio_2_2/Studio/Source/FastMathFunctions" -I"C:/Users/spwkp/STM32CubeIDE/Full_Studio_2_2/Studio/Source/FilteringFunctions" -I"C:/Users/spwkp/STM32CubeIDE/Full_Studio_2_2/Studio/Source/InterpolationFunctions" -I"C:/Users/spwkp/STM32CubeIDE/Full_Studio_2_2/Studio/Source/MatrixFunctions" -I"C:/Users/spwkp/STM32CubeIDE/Full_Studio_2_2/Studio/Source/QuaternionMathFunctions" -I"C:/Users/spwkp/STM32CubeIDE/Full_Studio_2_2/Studio/Source/StatisticsFunctions" -I"C:/Users/spwkp/STM32CubeIDE/Full_Studio_2_2/Studio/Source/SupportFunctions" -I"C:/Users/spwkp/STM32CubeIDE/Full_Studio_2_2/Studio/Source/SVMFunctions" -I"C:/Users/spwkp/STM32CubeIDE/Full_Studio_2_2/Studio/Source/TransformFunctions" -I"C:/Users/spwkp/STM32CubeIDE/Full_Studio_2_2/Studio/Source/WindowFunctions" -O0 -ffunction-sections -fdata-sections -Wall -fstack-usage -fcyclomatic-complexity -MMD -MP -MF"Core/Src/main.d" -MT"Core/Src/main.o" --specs=nano.specs -mfpu=fpv4-sp-d16 -mfloat-abi=hard -mthumb -o "Core/Src/main.o"
../Core/Src/main.c: In function 'main':
../Core/Src/main.c:1940:31: warning: passing argument 2 of 'Modbus_init' from incompatible pointer type [-Wincompatible-pointer-types]
 1940 |         Modbus_init(&hmodbus, &registerFrame);
      |                               ^~~~~~~~~~~~~~
      |                               |
      |                               volatile u16u8_t (*)[70]
In file included from ../Core/Src/main.c:29:
../Core/Inc/ModBusRTU.h:99:40: note: expected 'u16u8_t *' but argument is of type 'volatile u16u8_t (*)[70]'
   99 | void Modbus_init(ModbusHandleTypedef* ,u16u8_t*);
      |                                        ^~~~~~~~
../Core/Src/main.c:1966:35: warning: passing argument 2 of 'HAL_ADC_Start_DMA' from incompatible pointer type [-Wincompatible-pointer-types]
 1966 |         HAL_ADC_Start_DMA(&hadc1, JOY_RawRead, 20);
      |                                   ^~~~~~~~~~~
      |                                   |
      |                                   uint16_t * {aka short unsigned int *}
In file included from ../Core/Inc/stm32g4xx_hal_conf.h:228,
                 from ../Drivers/STM32G4xx_HAL_Driver/Inc/stm32g4xx_hal.h:29,
                 from ../Core/Inc/main.h:30,
                 from ../Core/Src/main.c:20:
../Drivers/STM32G4xx_HAL_Driver/Inc/stm32g4xx_hal_adc.h:2242:78: note: expected 'uint32_t *' {aka 'long unsigned int *'} but argument is of type 'uint16_t *' {aka 'short unsigned int *'}
 2242 | HAL_StatusTypeDef       HAL_ADC_Start_DMA(ADC_HandleTypeDef *hadc, uint32_t *pData, uint32_t Length);
      |                                                                    ~~~~~~~~~~^~~~~
../Core/Src/main.c:1967:35: warning: passing argument 2 of 'HAL_ADC_Start_DMA' from incompatible pointer type [-Wincompatible-pointer-types]
 1967 |         HAL_ADC_Start_DMA(&hadc2, Prox_RawRead, 10);
      |                                   ^~~~~~~~~~~~
      |                                   |
      |                                   uint16_t * {aka short unsigned int *}
../Drivers/STM32G4xx_HAL_Driver/Inc/stm32g4xx_hal_adc.h:2242:78: note: expected 'uint32_t *' {aka 'long unsigned int *'} but argument is of type 'uint16_t *' {aka 'short unsigned int *'}
 2242 | HAL_StatusTypeDef       HAL_ADC_Start_DMA(ADC_HandleTypeDef *hadc, uint32_t *pData, uint32_t Length);
      |                                                                    ~~~~~~~~~~^~~~~
../Core/Src/main.c: In function 'HAL_TIM_PeriodElapsedCallback':
../Core/Src/main.c:3012:33: warning: implicit declaration of function 'cart2polar' [-Wimplicit-function-declaration]
 3012 |                                 cart2polar(x_mm, y_mm, &goal_r_mm, &goal_th_deg);
      |                                 ^~~~~~~~~~
../Core/Src/main.c:2948:17: warning: enumeration value 'STATE_IDLE' not handled in switch [-Wswitch]
 2948 |                 switch (current_state) {
      |                 ^~~~~~
../Core/Src/main.c: At top level:
../Core/Src/main.c:3262:6: warning: conflicting types for 'cart2polar'; have 'void(float,  float,  float *, float *)'
 3262 | void cart2polar(float x, float y, float *r_mm, float *theta_rad) {
      |      ^~~~~~~~~~
../Core/Src/main.c:3012:33: note: previous implicit declaration of 'cart2polar' with type 'void(float,  float,  float *, float *)'
 3012 |                                 cart2polar(x_mm, y_mm, &goal_r_mm, &goal_th_deg);
      |                                 ^~~~~~~~~~
arm-none-eabi-gcc -o "Studio.elf" @"objects.list"   -mcpu=cortex-m4 -T"C:\Users\spwkp\STM32CubeIDE\Full_Studio_2_2\Studio\STM32G474RETX_FLASH.ld" --specs=nosys.specs -Wl,-Map="Studio.map" -Wl,--gc-sections -static --specs=nano.specs -mfpu=fpv4-sp-d16 -mfloat-abi=hard -mthumb -Wl,--start-group -lc -lm -Wl,--end-group
Finished building target: Studio.elf
 
arm-none-eabi-size  Studio.elf 
arm-none-eabi-objdump -h -S Studio.elf  > "Studio.list"
   text	   data	    bss	    dec	    hex	filename
  93352	    640	   6128	 100120	  18718	Studio.elf
Finished building: default.size.stdout
 
Finished building: Studio.list
 
18:48:01 **** Incremental Build of configuration Debug for project Studio ****
make -j20 all 
arm-none-eabi-size  Studio.elf 
   text	   data	    bss	    dec	    hex	filename
  93352	    640	   6128	 100120	  18718	Studio.elf
Finished building: default.size.stdout
 
18:50:01 **** Incremental Build of configuration Debug for project Studio ****
make -j20 all 
arm-none-eabi-gcc "../Core/Src/main.c" -mcpu=cortex-m4 -std=gnu11 -g3 -DDEBUG -DARM_MATH_MATRIX_CHECK -DUSE_HAL_DRIVER -DSTM32G474xx -c -I../Core/Inc -I../Drivers/STM32G4xx_HAL_Driver/Inc -I../Drivers/STM32G4xx_HAL_Driver/Inc/Legacy -I../Drivers/CMSIS/Device/ST/STM32G4xx/Include -I../Drivers/CMSIS/Include -I../Middlewares/Third_Party/ARM_CMSIS/CMSIS/Core/Include/ -I../Middlewares/Third_Party/ARM_CMSIS/PrivateInclude/ -I../Middlewares/Third_Party/ARM_CMSIS/Include/ -I../Middlewares/Third_Party/ARM_CMSIS/Include -I"C:/Users/spwkp/STM32CubeIDE/Full_Studio_2_2/Studio/Source/BasicMathFunctions" -I"C:/Users/spwkp/STM32CubeIDE/Full_Studio_2_2/Studio/Source/BayesFunctions" -I"C:/Users/spwkp/STM32CubeIDE/Full_Studio_2_2/Studio/Source/CommonTables" -I"C:/Users/spwkp/STM32CubeIDE/Full_Studio_2_2/Studio/Source/ComplexMathFunctions" -I"C:/Users/spwkp/STM32CubeIDE/Full_Studio_2_2/Studio/Source/ControllerFunctions" -I"C:/Users/spwkp/STM32CubeIDE/Full_Studio_2_2/Studio/Source/DistanceFunctions" -I"C:/Users/spwkp/STM32CubeIDE/Full_Studio_2_2/Studio/Source/FastMathFunctions" -I"C:/Users/spwkp/STM32CubeIDE/Full_Studio_2_2/Studio/Source/FilteringFunctions" -I"C:/Users/spwkp/STM32CubeIDE/Full_Studio_2_2/Studio/Source/InterpolationFunctions" -I"C:/Users/spwkp/STM32CubeIDE/Full_Studio_2_2/Studio/Source/MatrixFunctions" -I"C:/Users/spwkp/STM32CubeIDE/Full_Studio_2_2/Studio/Source/QuaternionMathFunctions" -I"C:/Users/spwkp/STM32CubeIDE/Full_Studio_2_2/Studio/Source/StatisticsFunctions" -I"C:/Users/spwkp/STM32CubeIDE/Full_Studio_2_2/Studio/Source/SupportFunctions" -I"C:/Users/spwkp/STM32CubeIDE/Full_Studio_2_2/Studio/Source/SVMFunctions" -I"C:/Users/spwkp/STM32CubeIDE/Full_Studio_2_2/Studio/Source/TransformFunctions" -I"C:/Users/spwkp/STM32CubeIDE/Full_Studio_2_2/Studio/Source/WindowFunctions" -O0 -ffunction-sections -fdata-sections -Wall -fstack-usage -fcyclomatic-complexity -MMD -MP -MF"Core/Src/main.d" -MT"Core/Src/main.o" --specs=nano.specs -mfpu=fpv4-sp-d16 -mfloat-abi=hard -mthumb -o "Core/Src/main.o"
../Core/Src/main.c: In function 'main':
../Core/Src/main.c:1941:31: warning: passing argument 2 of 'Modbus_init' from incompatible pointer type [-Wincompatible-pointer-types]
 1941 |         Modbus_init(&hmodbus, &registerFrame);
      |                               ^~~~~~~~~~~~~~
      |                               |
      |                               volatile u16u8_t (*)[70]
In file included from ../Core/Src/main.c:29:
../Core/Inc/ModBusRTU.h:99:40: note: expected 'u16u8_t *' but argument is of type 'volatile u16u8_t (*)[70]'
   99 | void Modbus_init(ModbusHandleTypedef* ,u16u8_t*);
      |                                        ^~~~~~~~
../Core/Src/main.c:1967:35: warning: passing argument 2 of 'HAL_ADC_Start_DMA' from incompatible pointer type [-Wincompatible-pointer-types]
 1967 |         HAL_ADC_Start_DMA(&hadc1, JOY_RawRead, 20);
      |                                   ^~~~~~~~~~~
      |                                   |
      |                                   uint16_t * {aka short unsigned int *}
In file included from ../Core/Inc/stm32g4xx_hal_conf.h:228,
                 from ../Drivers/STM32G4xx_HAL_Driver/Inc/stm32g4xx_hal.h:29,
                 from ../Core/Inc/main.h:30,
                 from ../Core/Src/main.c:20:
../Drivers/STM32G4xx_HAL_Driver/Inc/stm32g4xx_hal_adc.h:2242:78: note: expected 'uint32_t *' {aka 'long unsigned int *'} but argument is of type 'uint16_t *' {aka 'short unsigned int *'}
 2242 | HAL_StatusTypeDef       HAL_ADC_Start_DMA(ADC_HandleTypeDef *hadc, uint32_t *pData, uint32_t Length);
      |                                                                    ~~~~~~~~~~^~~~~
../Core/Src/main.c:1968:35: warning: passing argument 2 of 'HAL_ADC_Start_DMA' from incompatible pointer type [-Wincompatible-pointer-types]
 1968 |         HAL_ADC_Start_DMA(&hadc2, Prox_RawRead, 10);
      |                                   ^~~~~~~~~~~~
      |                                   |
      |                                   uint16_t * {aka short unsigned int *}
../Drivers/STM32G4xx_HAL_Driver/Inc/stm32g4xx_hal_adc.h:2242:78: note: expected 'uint32_t *' {aka 'long unsigned int *'} but argument is of type 'uint16_t *' {aka 'short unsigned int *'}
 2242 | HAL_StatusTypeDef       HAL_ADC_Start_DMA(ADC_HandleTypeDef *hadc, uint32_t *pData, uint32_t Length);
      |                                                                    ~~~~~~~~~~^~~~~
../Core/Src/main.c: In function 'HAL_TIM_PeriodElapsedCallback':
../Core/Src/main.c:3041:33: warning: implicit declaration of function 'cart2polar' [-Wimplicit-function-declaration]
 3041 |                                 cart2polar(x_mm, y_mm, &goal_r_mm, &goal_th_deg);
      |                                 ^~~~~~~~~~
../Core/Src/main.c:2977:17: warning: enumeration value 'STATE_IDLE' not handled in switch [-Wswitch]
 2977 |                 switch (current_state) {
      |                 ^~~~~~
../Core/Src/main.c: At top level:
../Core/Src/main.c:3291:6: warning: conflicting types for 'cart2polar'; have 'void(float,  float,  float *, float *)'
 3291 | void cart2polar(float x, float y, float *r_mm, float *theta_rad) {
      |      ^~~~~~~~~~
../Core/Src/main.c:3041:33: note: previous implicit declaration of 'cart2polar' with type 'void(float,  float,  float *, float *)'
 3041 |                                 cart2polar(x_mm, y_mm, &goal_r_mm, &goal_th_deg);
      |                                 ^~~~~~~~~~
arm-none-eabi-gcc -o "Studio.elf" @"objects.list"   -mcpu=cortex-m4 -T"C:\Users\spwkp\STM32CubeIDE\Full_Studio_2_2\Studio\STM32G474RETX_FLASH.ld" --specs=nosys.specs -Wl,-Map="Studio.map" -Wl,--gc-sections -static --specs=nano.specs -mfpu=fpv4-sp-d16 -mfloat-abi=hard -mthumb -Wl,--start-group -lc -lm -Wl,--end-group
Finished building target: Studio.elf
 
arm-none-eabi-size  Studio.elf 
arm-none-eabi-objdump -h -S Studio.elf  > "Studio.list"
   text	   data	    bss	    dec	    hex	filename
  93352	    640	   6128	 100120	  18718	Studio.elf
Finished building: default.size.stdout
 
Finished building: Studio.list
 
18:53:16 **** Incremental Build of configuration Debug for project Studio ****
make -j20 all 
arm-none-eabi-gcc "../Core/Src/main.c" -mcpu=cortex-m4 -std=gnu11 -g3 -DDEBUG -DARM_MATH_MATRIX_CHECK -DUSE_HAL_DRIVER -DSTM32G474xx -c -I../Core/Inc -I../Drivers/STM32G4xx_HAL_Driver/Inc -I../Drivers/STM32G4xx_HAL_Driver/Inc/Legacy -I../Drivers/CMSIS/Device/ST/STM32G4xx/Include -I../Drivers/CMSIS/Include -I../Middlewares/Third_Party/ARM_CMSIS/CMSIS/Core/Include/ -I../Middlewares/Third_Party/ARM_CMSIS/PrivateInclude/ -I../Middlewares/Third_Party/ARM_CMSIS/Include/ -I../Middlewares/Third_Party/ARM_CMSIS/Include -I"C:/Users/spwkp/STM32CubeIDE/Full_Studio_2_2/Studio/Source/BasicMathFunctions" -I"C:/Users/spwkp/STM32CubeIDE/Full_Studio_2_2/Studio/Source/BayesFunctions" -I"C:/Users/spwkp/STM32CubeIDE/Full_Studio_2_2/Studio/Source/CommonTables" -I"C:/Users/spwkp/STM32CubeIDE/Full_Studio_2_2/Studio/Source/ComplexMathFunctions" -I"C:/Users/spwkp/STM32CubeIDE/Full_Studio_2_2/Studio/Source/ControllerFunctions" -I"C:/Users/spwkp/STM32CubeIDE/Full_Studio_2_2/Studio/Source/DistanceFunctions" -I"C:/Users/spwkp/STM32CubeIDE/Full_Studio_2_2/Studio/Source/FastMathFunctions" -I"C:/Users/spwkp/STM32CubeIDE/Full_Studio_2_2/Studio/Source/FilteringFunctions" -I"C:/Users/spwkp/STM32CubeIDE/Full_Studio_2_2/Studio/Source/InterpolationFunctions" -I"C:/Users/spwkp/STM32CubeIDE/Full_Studio_2_2/Studio/Source/MatrixFunctions" -I"C:/Users/spwkp/STM32CubeIDE/Full_Studio_2_2/Studio/Source/QuaternionMathFunctions" -I"C:/Users/spwkp/STM32CubeIDE/Full_Studio_2_2/Studio/Source/StatisticsFunctions" -I"C:/Users/spwkp/STM32CubeIDE/Full_Studio_2_2/Studio/Source/SupportFunctions" -I"C:/Users/spwkp/STM32CubeIDE/Full_Studio_2_2/Studio/Source/SVMFunctions" -I"C:/Users/spwkp/STM32CubeIDE/Full_Studio_2_2/Studio/Source/TransformFunctions" -I"C:/Users/spwkp/STM32CubeIDE/Full_Studio_2_2/Studio/Source/WindowFunctions" -O0 -ffunction-sections -fdata-sections -Wall -fstack-usage -fcyclomatic-complexity -MMD -MP -MF"Core/Src/main.d" -MT"Core/Src/main.o" --specs=nano.specs -mfpu=fpv4-sp-d16 -mfloat-abi=hard -mthumb -o "Core/Src/main.o"
../Core/Src/main.c: In function 'main':
../Core/Src/main.c:1941:31: warning: passing argument 2 of 'Modbus_init' from incompatible pointer type [-Wincompatible-pointer-types]
 1941 |         Modbus_init(&hmodbus, &registerFrame);
      |                               ^~~~~~~~~~~~~~
      |                               |
      |                               volatile u16u8_t (*)[70]
In file included from ../Core/Src/main.c:29:
../Core/Inc/ModBusRTU.h:99:40: note: expected 'u16u8_t *' but argument is of type 'volatile u16u8_t (*)[70]'
   99 | void Modbus_init(ModbusHandleTypedef* ,u16u8_t*);
      |                                        ^~~~~~~~
../Core/Src/main.c:1967:35: warning: passing argument 2 of 'HAL_ADC_Start_DMA' from incompatible pointer type [-Wincompatible-pointer-types]
 1967 |         HAL_ADC_Start_DMA(&hadc1, JOY_RawRead, 20);
      |                                   ^~~~~~~~~~~
      |                                   |
      |                                   uint16_t * {aka short unsigned int *}
In file included from ../Core/Inc/stm32g4xx_hal_conf.h:228,
                 from ../Drivers/STM32G4xx_HAL_Driver/Inc/stm32g4xx_hal.h:29,
                 from ../Core/Inc/main.h:30,
                 from ../Core/Src/main.c:20:
../Drivers/STM32G4xx_HAL_Driver/Inc/stm32g4xx_hal_adc.h:2242:78: note: expected 'uint32_t *' {aka 'long unsigned int *'} but argument is of type 'uint16_t *' {aka 'short unsigned int *'}
 2242 | HAL_StatusTypeDef       HAL_ADC_Start_DMA(ADC_HandleTypeDef *hadc, uint32_t *pData, uint32_t Length);
      |                                                                    ~~~~~~~~~~^~~~~
../Core/Src/main.c:1968:35: warning: passing argument 2 of 'HAL_ADC_Start_DMA' from incompatible pointer type [-Wincompatible-pointer-types]
 1968 |         HAL_ADC_Start_DMA(&hadc2, Prox_RawRead, 10);
      |                                   ^~~~~~~~~~~~
      |                                   |
      |                                   uint16_t * {aka short unsigned int *}
../Drivers/STM32G4xx_HAL_Driver/Inc/stm32g4xx_hal_adc.h:2242:78: note: expected 'uint32_t *' {aka 'long unsigned int *'} but argument is of type 'uint16_t *' {aka 'short unsigned int *'}
 2242 | HAL_StatusTypeDef       HAL_ADC_Start_DMA(ADC_HandleTypeDef *hadc, uint32_t *pData, uint32_t Length);
      |                                                                    ~~~~~~~~~~^~~~~
../Core/Src/main.c: In function 'HAL_TIM_PeriodElapsedCallback':
../Core/Src/main.c:3041:33: warning: implicit declaration of function 'cart2polar' [-Wimplicit-function-declaration]
 3041 |                                 cart2polar(x_mm, y_mm, &goal_r_mm, &goal_th_deg);
      |                                 ^~~~~~~~~~
../Core/Src/main.c:2977:17: warning: enumeration value 'STATE_IDLE' not handled in switch [-Wswitch]
 2977 |                 switch (current_state) {
      |                 ^~~~~~
../Core/Src/main.c: At top level:
../Core/Src/main.c:3292:6: warning: conflicting types for 'cart2polar'; have 'void(float,  float,  float *, float *)'
 3292 | void cart2polar(float x, float y, float *r_mm, float *theta_rad) {
      |      ^~~~~~~~~~
../Core/Src/main.c:3041:33: note: previous implicit declaration of 'cart2polar' with type 'void(float,  float,  float *, float *)'
 3041 |                                 cart2polar(x_mm, y_mm, &goal_r_mm, &goal_th_deg);
      |                                 ^~~~~~~~~~
arm-none-eabi-gcc -o "Studio.elf" @"objects.list"   -mcpu=cortex-m4 -T"C:\Users\spwkp\STM32CubeIDE\Full_Studio_2_2\Studio\STM32G474RETX_FLASH.ld" --specs=nosys.specs -Wl,-Map="Studio.map" -Wl,--gc-sections -static --specs=nano.specs -mfpu=fpv4-sp-d16 -mfloat-abi=hard -mthumb -Wl,--start-group -lc -lm -Wl,--end-group
Finished building target: Studio.elf
 
arm-none-eabi-size  Studio.elf 
arm-none-eabi-objdump -h -S Studio.elf  > "Studio.list"
   text	   data	    bss	    dec	    hex	filename
  93368	    640	   6128	 100136	  18728	Studio.elf
Finished building: default.size.stdout
 
Finished building: Studio.list
 
18:57:19 **** Incremental Build of configuration Debug for project Studio ****
make -j20 all 
arm-none-eabi-size  Studio.elf 
   text	   data	    bss	    dec	    hex	filename
  93368	    640	   6128	 100136	  18728	Studio.elf
Finished building: default.size.stdout
 
18:59:53 **** Incremental Build of configuration Debug for project Studio ****
make -j20 all 
arm-none-eabi-gcc "../Core/Src/main.c" -mcpu=cortex-m4 -std=gnu11 -g3 -DDEBUG -DARM_MATH_MATRIX_CHECK -DUSE_HAL_DRIVER -DSTM32G474xx -c -I../Core/Inc -I../Drivers/STM32G4xx_HAL_Driver/Inc -I../Drivers/STM32G4xx_HAL_Driver/Inc/Legacy -I../Drivers/CMSIS/Device/ST/STM32G4xx/Include -I../Drivers/CMSIS/Include -I../Middlewares/Third_Party/ARM_CMSIS/CMSIS/Core/Include/ -I../Middlewares/Third_Party/ARM_CMSIS/PrivateInclude/ -I../Middlewares/Third_Party/ARM_CMSIS/Include/ -I../Middlewares/Third_Party/ARM_CMSIS/Include -I"C:/Users/spwkp/STM32CubeIDE/Full_Studio_2_2/Studio/Source/BasicMathFunctions" -I"C:/Users/spwkp/STM32CubeIDE/Full_Studio_2_2/Studio/Source/BayesFunctions" -I"C:/Users/spwkp/STM32CubeIDE/Full_Studio_2_2/Studio/Source/CommonTables" -I"C:/Users/spwkp/STM32CubeIDE/Full_Studio_2_2/Studio/Source/ComplexMathFunctions" -I"C:/Users/spwkp/STM32CubeIDE/Full_Studio_2_2/Studio/Source/ControllerFunctions" -I"C:/Users/spwkp/STM32CubeIDE/Full_Studio_2_2/Studio/Source/DistanceFunctions" -I"C:/Users/spwkp/STM32CubeIDE/Full_Studio_2_2/Studio/Source/FastMathFunctions" -I"C:/Users/spwkp/STM32CubeIDE/Full_Studio_2_2/Studio/Source/FilteringFunctions" -I"C:/Users/spwkp/STM32CubeIDE/Full_Studio_2_2/Studio/Source/InterpolationFunctions" -I"C:/Users/spwkp/STM32CubeIDE/Full_Studio_2_2/Studio/Source/MatrixFunctions" -I"C:/Users/spwkp/STM32CubeIDE/Full_Studio_2_2/Studio/Source/QuaternionMathFunctions" -I"C:/Users/spwkp/STM32CubeIDE/Full_Studio_2_2/Studio/Source/StatisticsFunctions" -I"C:/Users/spwkp/STM32CubeIDE/Full_Studio_2_2/Studio/Source/SupportFunctions" -I"C:/Users/spwkp/STM32CubeIDE/Full_Studio_2_2/Studio/Source/SVMFunctions" -I"C:/Users/spwkp/STM32CubeIDE/Full_Studio_2_2/Studio/Source/TransformFunctions" -I"C:/Users/spwkp/STM32CubeIDE/Full_Studio_2_2/Studio/Source/WindowFunctions" -O0 -ffunction-sections -fdata-sections -Wall -fstack-usage -fcyclomatic-complexity -MMD -MP -MF"Core/Src/main.d" -MT"Core/Src/main.o" --specs=nano.specs -mfpu=fpv4-sp-d16 -mfloat-abi=hard -mthumb -o "Core/Src/main.o"
../Core/Src/main.c: In function 'main':
../Core/Src/main.c:1941:31: warning: passing argument 2 of 'Modbus_init' from incompatible pointer type [-Wincompatible-pointer-types]
 1941 |         Modbus_init(&hmodbus, &registerFrame);
      |                               ^~~~~~~~~~~~~~
      |                               |
      |                               volatile u16u8_t (*)[70]
In file included from ../Core/Src/main.c:29:
../Core/Inc/ModBusRTU.h:99:40: note: expected 'u16u8_t *' but argument is of type 'volatile u16u8_t (*)[70]'
   99 | void Modbus_init(ModbusHandleTypedef* ,u16u8_t*);
      |                                        ^~~~~~~~
../Core/Src/main.c:1967:35: warning: passing argument 2 of 'HAL_ADC_Start_DMA' from incompatible pointer type [-Wincompatible-pointer-types]
 1967 |         HAL_ADC_Start_DMA(&hadc1, JOY_RawRead, 20);
      |                                   ^~~~~~~~~~~
      |                                   |
      |                                   uint16_t * {aka short unsigned int *}
In file included from ../Core/Inc/stm32g4xx_hal_conf.h:228,
                 from ../Drivers/STM32G4xx_HAL_Driver/Inc/stm32g4xx_hal.h:29,
                 from ../Core/Inc/main.h:30,
                 from ../Core/Src/main.c:20:
../Drivers/STM32G4xx_HAL_Driver/Inc/stm32g4xx_hal_adc.h:2242:78: note: expected 'uint32_t *' {aka 'long unsigned int *'} but argument is of type 'uint16_t *' {aka 'short unsigned int *'}
 2242 | HAL_StatusTypeDef       HAL_ADC_Start_DMA(ADC_HandleTypeDef *hadc, uint32_t *pData, uint32_t Length);
      |                                                                    ~~~~~~~~~~^~~~~
../Core/Src/main.c:1968:35: warning: passing argument 2 of 'HAL_ADC_Start_DMA' from incompatible pointer type [-Wincompatible-pointer-types]
 1968 |         HAL_ADC_Start_DMA(&hadc2, Prox_RawRead, 10);
      |                                   ^~~~~~~~~~~~
      |                                   |
      |                                   uint16_t * {aka short unsigned int *}
../Drivers/STM32G4xx_HAL_Driver/Inc/stm32g4xx_hal_adc.h:2242:78: note: expected 'uint32_t *' {aka 'long unsigned int *'} but argument is of type 'uint16_t *' {aka 'short unsigned int *'}
 2242 | HAL_StatusTypeDef       HAL_ADC_Start_DMA(ADC_HandleTypeDef *hadc, uint32_t *pData, uint32_t Length);
      |                                                                    ~~~~~~~~~~^~~~~
../Core/Src/main.c: In function 'HAL_TIM_PeriodElapsedCallback':
../Core/Src/main.c:3041:33: warning: implicit declaration of function 'cart2polar' [-Wimplicit-function-declaration]
 3041 |                                 cart2polar(x_mm, y_mm, &goal_r_mm, &goal_th_deg);
      |                                 ^~~~~~~~~~
../Core/Src/main.c:2977:17: warning: enumeration value 'STATE_IDLE' not handled in switch [-Wswitch]
 2977 |                 switch (current_state) {
      |                 ^~~~~~
../Core/Src/main.c: At top level:
../Core/Src/main.c:3294:6: warning: conflicting types for 'cart2polar'; have 'void(float,  float,  float *, float *)'
 3294 | void cart2polar(float x, float y, float *r_mm, float *theta_rad) {
      |      ^~~~~~~~~~
../Core/Src/main.c:3041:33: note: previous implicit declaration of 'cart2polar' with type 'void(float,  float,  float *, float *)'
 3041 |                                 cart2polar(x_mm, y_mm, &goal_r_mm, &goal_th_deg);
      |                                 ^~~~~~~~~~
arm-none-eabi-gcc -o "Studio.elf" @"objects.list"   -mcpu=cortex-m4 -T"C:\Users\spwkp\STM32CubeIDE\Full_Studio_2_2\Studio\STM32G474RETX_FLASH.ld" --specs=nosys.specs -Wl,-Map="Studio.map" -Wl,--gc-sections -static --specs=nano.specs -mfpu=fpv4-sp-d16 -mfloat-abi=hard -mthumb -Wl,--start-group -lc -lm -Wl,--end-group
Finished building target: Studio.elf
 
arm-none-eabi-size  Studio.elf 
arm-none-eabi-objdump -h -S Studio.elf  > "Studio.list"
   text	   data	    bss	    dec	    hex	filename
  93376	    640	   6128	 100144	  18730	Studio.elf
Finished building: default.size.stdout
 
Finished building: Studio.list
 
19:05:14 **** Incremental Build of configuration Debug for project Studio ****
make -j20 all 
arm-none-eabi-gcc "../Core/Src/main.c" -mcpu=cortex-m4 -std=gnu11 -g3 -DDEBUG -DARM_MATH_MATRIX_CHECK -DUSE_HAL_DRIVER -DSTM32G474xx -c -I../Core/Inc -I../Drivers/STM32G4xx_HAL_Driver/Inc -I../Drivers/STM32G4xx_HAL_Driver/Inc/Legacy -I../Drivers/CMSIS/Device/ST/STM32G4xx/Include -I../Drivers/CMSIS/Include -I../Middlewares/Third_Party/ARM_CMSIS/CMSIS/Core/Include/ -I../Middlewares/Third_Party/ARM_CMSIS/PrivateInclude/ -I../Middlewares/Third_Party/ARM_CMSIS/Include/ -I../Middlewares/Third_Party/ARM_CMSIS/Include -I"C:/Users/spwkp/STM32CubeIDE/Full_Studio_2_2/Studio/Source/BasicMathFunctions" -I"C:/Users/spwkp/STM32CubeIDE/Full_Studio_2_2/Studio/Source/BayesFunctions" -I"C:/Users/spwkp/STM32CubeIDE/Full_Studio_2_2/Studio/Source/CommonTables" -I"C:/Users/spwkp/STM32CubeIDE/Full_Studio_2_2/Studio/Source/ComplexMathFunctions" -I"C:/Users/spwkp/STM32CubeIDE/Full_Studio_2_2/Studio/Source/ControllerFunctions" -I"C:/Users/spwkp/STM32CubeIDE/Full_Studio_2_2/Studio/Source/DistanceFunctions" -I"C:/Users/spwkp/STM32CubeIDE/Full_Studio_2_2/Studio/Source/FastMathFunctions" -I"C:/Users/spwkp/STM32CubeIDE/Full_Studio_2_2/Studio/Source/FilteringFunctions" -I"C:/Users/spwkp/STM32CubeIDE/Full_Studio_2_2/Studio/Source/InterpolationFunctions" -I"C:/Users/spwkp/STM32CubeIDE/Full_Studio_2_2/Studio/Source/MatrixFunctions" -I"C:/Users/spwkp/STM32CubeIDE/Full_Studio_2_2/Studio/Source/QuaternionMathFunctions" -I"C:/Users/spwkp/STM32CubeIDE/Full_Studio_2_2/Studio/Source/StatisticsFunctions" -I"C:/Users/spwkp/STM32CubeIDE/Full_Studio_2_2/Studio/Source/SupportFunctions" -I"C:/Users/spwkp/STM32CubeIDE/Full_Studio_2_2/Studio/Source/SVMFunctions" -I"C:/Users/spwkp/STM32CubeIDE/Full_Studio_2_2/Studio/Source/TransformFunctions" -I"C:/Users/spwkp/STM32CubeIDE/Full_Studio_2_2/Studio/Source/WindowFunctions" -O0 -ffunction-sections -fdata-sections -Wall -fstack-usage -fcyclomatic-complexity -MMD -MP -MF"Core/Src/main.d" -MT"Core/Src/main.o" --specs=nano.specs -mfpu=fpv4-sp-d16 -mfloat-abi=hard -mthumb -o "Core/Src/main.o"
../Core/Src/main.c: In function 'main':
../Core/Src/main.c:1941:31: warning: passing argument 2 of 'Modbus_init' from incompatible pointer type [-Wincompatible-pointer-types]
 1941 |         Modbus_init(&hmodbus, &registerFrame);
      |                               ^~~~~~~~~~~~~~
      |                               |
      |                               volatile u16u8_t (*)[70]
In file included from ../Core/Src/main.c:29:
../Core/Inc/ModBusRTU.h:99:40: note: expected 'u16u8_t *' but argument is of type 'volatile u16u8_t (*)[70]'
   99 | void Modbus_init(ModbusHandleTypedef* ,u16u8_t*);
      |                                        ^~~~~~~~
../Core/Src/main.c:1967:35: warning: passing argument 2 of 'HAL_ADC_Start_DMA' from incompatible pointer type [-Wincompatible-pointer-types]
 1967 |         HAL_ADC_Start_DMA(&hadc1, JOY_RawRead, 20);
      |                                   ^~~~~~~~~~~
      |                                   |
      |                                   uint16_t * {aka short unsigned int *}
In file included from ../Core/Inc/stm32g4xx_hal_conf.h:228,
                 from ../Drivers/STM32G4xx_HAL_Driver/Inc/stm32g4xx_hal.h:29,
                 from ../Core/Inc/main.h:30,
                 from ../Core/Src/main.c:20:
../Drivers/STM32G4xx_HAL_Driver/Inc/stm32g4xx_hal_adc.h:2242:78: note: expected 'uint32_t *' {aka 'long unsigned int *'} but argument is of type 'uint16_t *' {aka 'short unsigned int *'}
 2242 | HAL_StatusTypeDef       HAL_ADC_Start_DMA(ADC_HandleTypeDef *hadc, uint32_t *pData, uint32_t Length);
      |                                                                    ~~~~~~~~~~^~~~~
../Core/Src/main.c:1968:35: warning: passing argument 2 of 'HAL_ADC_Start_DMA' from incompatible pointer type [-Wincompatible-pointer-types]
 1968 |         HAL_ADC_Start_DMA(&hadc2, Prox_RawRead, 10);
      |                                   ^~~~~~~~~~~~
      |                                   |
      |                                   uint16_t * {aka short unsigned int *}
../Drivers/STM32G4xx_HAL_Driver/Inc/stm32g4xx_hal_adc.h:2242:78: note: expected 'uint32_t *' {aka 'long unsigned int *'} but argument is of type 'uint16_t *' {aka 'short unsigned int *'}
 2242 | HAL_StatusTypeDef       HAL_ADC_Start_DMA(ADC_HandleTypeDef *hadc, uint32_t *pData, uint32_t Length);
      |                                                                    ~~~~~~~~~~^~~~~
../Core/Src/main.c: In function 'HAL_TIM_PeriodElapsedCallback':
../Core/Src/main.c:3041:33: warning: implicit declaration of function 'cart2polar' [-Wimplicit-function-declaration]
 3041 |                                 cart2polar(x_mm, y_mm, &goal_r_mm, &goal_th_deg);
      |                                 ^~~~~~~~~~
../Core/Src/main.c:2977:17: warning: enumeration value 'STATE_IDLE' not handled in switch [-Wswitch]
 2977 |                 switch (current_state) {
      |                 ^~~~~~
../Core/Src/main.c: At top level:
../Core/Src/main.c:3294:6: warning: conflicting types for 'cart2polar'; have 'void(float,  float,  float *, float *)'
 3294 | void cart2polar(float x, float y, float *r_mm, float *theta_rad) {
      |      ^~~~~~~~~~
../Core/Src/main.c:3041:33: note: previous implicit declaration of 'cart2polar' with type 'void(float,  float,  float *, float *)'
 3041 |                                 cart2polar(x_mm, y_mm, &goal_r_mm, &goal_th_deg);
      |                                 ^~~~~~~~~~
arm-none-eabi-gcc -o "Studio.elf" @"objects.list"   -mcpu=cortex-m4 -T"C:\Users\spwkp\STM32CubeIDE\Full_Studio_2_2\Studio\STM32G474RETX_FLASH.ld" --specs=nosys.specs -Wl,-Map="Studio.map" -Wl,--gc-sections -static --specs=nano.specs -mfpu=fpv4-sp-d16 -mfloat-abi=hard -mthumb -Wl,--start-group -lc -lm -Wl,--end-group
Finished building target: Studio.elf
 
arm-none-eabi-size  Studio.elf 
arm-none-eabi-objdump -h -S Studio.elf  > "Studio.list"
   text	   data	    bss	    dec	    hex	filename
  93376	    640	   6128	 100144	  18730	Studio.elf
Finished building: default.size.stdout
 
Finished building: Studio.list
 
19:11:13 **** Incremental Build of configuration Debug for project Studio ****
make -j20 all 
arm-none-eabi-gcc "../Core/Src/main.c" -mcpu=cortex-m4 -std=gnu11 -g3 -DDEBUG -DARM_MATH_MATRIX_CHECK -DUSE_HAL_DRIVER -DSTM32G474xx -c -I../Core/Inc -I../Drivers/STM32G4xx_HAL_Driver/Inc -I../Drivers/STM32G4xx_HAL_Driver/Inc/Legacy -I../Drivers/CMSIS/Device/ST/STM32G4xx/Include -I../Drivers/CMSIS/Include -I../Middlewares/Third_Party/ARM_CMSIS/CMSIS/Core/Include/ -I../Middlewares/Third_Party/ARM_CMSIS/PrivateInclude/ -I../Middlewares/Third_Party/ARM_CMSIS/Include/ -I../Middlewares/Third_Party/ARM_CMSIS/Include -I"C:/Users/spwkp/STM32CubeIDE/Full_Studio_2_2/Studio/Source/BasicMathFunctions" -I"C:/Users/spwkp/STM32CubeIDE/Full_Studio_2_2/Studio/Source/BayesFunctions" -I"C:/Users/spwkp/STM32CubeIDE/Full_Studio_2_2/Studio/Source/CommonTables" -I"C:/Users/spwkp/STM32CubeIDE/Full_Studio_2_2/Studio/Source/ComplexMathFunctions" -I"C:/Users/spwkp/STM32CubeIDE/Full_Studio_2_2/Studio/Source/ControllerFunctions" -I"C:/Users/spwkp/STM32CubeIDE/Full_Studio_2_2/Studio/Source/DistanceFunctions" -I"C:/Users/spwkp/STM32CubeIDE/Full_Studio_2_2/Studio/Source/FastMathFunctions" -I"C:/Users/spwkp/STM32CubeIDE/Full_Studio_2_2/Studio/Source/FilteringFunctions" -I"C:/Users/spwkp/STM32CubeIDE/Full_Studio_2_2/Studio/Source/InterpolationFunctions" -I"C:/Users/spwkp/STM32CubeIDE/Full_Studio_2_2/Studio/Source/MatrixFunctions" -I"C:/Users/spwkp/STM32CubeIDE/Full_Studio_2_2/Studio/Source/QuaternionMathFunctions" -I"C:/Users/spwkp/STM32CubeIDE/Full_Studio_2_2/Studio/Source/StatisticsFunctions" -I"C:/Users/spwkp/STM32CubeIDE/Full_Studio_2_2/Studio/Source/SupportFunctions" -I"C:/Users/spwkp/STM32CubeIDE/Full_Studio_2_2/Studio/Source/SVMFunctions" -I"C:/Users/spwkp/STM32CubeIDE/Full_Studio_2_2/Studio/Source/TransformFunctions" -I"C:/Users/spwkp/STM32CubeIDE/Full_Studio_2_2/Studio/Source/WindowFunctions" -O0 -ffunction-sections -fdata-sections -Wall -fstack-usage -fcyclomatic-complexity -MMD -MP -MF"Core/Src/main.d" -MT"Core/Src/main.o" --specs=nano.specs -mfpu=fpv4-sp-d16 -mfloat-abi=hard -mthumb -o "Core/Src/main.o"
../Core/Src/main.c: In function 'main':
../Core/Src/main.c:1941:31: warning: passing argument 2 of 'Modbus_init' from incompatible pointer type [-Wincompatible-pointer-types]
 1941 |         Modbus_init(&hmodbus, &registerFrame);
      |                               ^~~~~~~~~~~~~~
      |                               |
      |                               volatile u16u8_t (*)[70]
In file included from ../Core/Src/main.c:29:
../Core/Inc/ModBusRTU.h:99:40: note: expected 'u16u8_t *' but argument is of type 'volatile u16u8_t (*)[70]'
   99 | void Modbus_init(ModbusHandleTypedef* ,u16u8_t*);
      |                                        ^~~~~~~~
../Core/Src/main.c:1967:35: warning: passing argument 2 of 'HAL_ADC_Start_DMA' from incompatible pointer type [-Wincompatible-pointer-types]
 1967 |         HAL_ADC_Start_DMA(&hadc1, JOY_RawRead, 20);
      |                                   ^~~~~~~~~~~
      |                                   |
      |                                   uint16_t * {aka short unsigned int *}
In file included from ../Core/Inc/stm32g4xx_hal_conf.h:228,
                 from ../Drivers/STM32G4xx_HAL_Driver/Inc/stm32g4xx_hal.h:29,
                 from ../Core/Inc/main.h:30,
                 from ../Core/Src/main.c:20:
../Drivers/STM32G4xx_HAL_Driver/Inc/stm32g4xx_hal_adc.h:2242:78: note: expected 'uint32_t *' {aka 'long unsigned int *'} but argument is of type 'uint16_t *' {aka 'short unsigned int *'}
 2242 | HAL_StatusTypeDef       HAL_ADC_Start_DMA(ADC_HandleTypeDef *hadc, uint32_t *pData, uint32_t Length);
      |                                                                    ~~~~~~~~~~^~~~~
../Core/Src/main.c:1968:35: warning: passing argument 2 of 'HAL_ADC_Start_DMA' from incompatible pointer type [-Wincompatible-pointer-types]
 1968 |         HAL_ADC_Start_DMA(&hadc2, Prox_RawRead, 10);
      |                                   ^~~~~~~~~~~~
      |                                   |
      |                                   uint16_t * {aka short unsigned int *}
../Drivers/STM32G4xx_HAL_Driver/Inc/stm32g4xx_hal_adc.h:2242:78: note: expected 'uint32_t *' {aka 'long unsigned int *'} but argument is of type 'uint16_t *' {aka 'short unsigned int *'}
 2242 | HAL_StatusTypeDef       HAL_ADC_Start_DMA(ADC_HandleTypeDef *hadc, uint32_t *pData, uint32_t Length);
      |                                                                    ~~~~~~~~~~^~~~~
../Core/Src/main.c: In function 'HAL_TIM_PeriodElapsedCallback':
../Core/Src/main.c:3033:25: warning: implicit declaration of function 'cart2polar' [-Wimplicit-function-declaration]
 3033 |                         cart2polar(x_mm, y_mm, &goal_r_mm, &goal_th_deg);
      |                         ^~~~~~~~~~
../Core/Src/main.c:3036:68: error: 'C_PI' undeclared (first use in this function); did you mean 'M_PI'?
 3036 |                         target_position_revolute  = goal_th_deg * (C_PI / 180.0f);
      |                                                                    ^~~~
      |                                                                    M_PI
../Core/Src/main.c:3036:68: note: each undeclared identifier is reported only once for each function it appears in
../Core/Src/main.c:2977:17: warning: enumeration value 'STATE_IDLE' not handled in switch [-Wswitch]
 2977 |                 switch (current_state) {
      |                 ^~~~~~
../Core/Src/main.c: At top level:
../Core/Src/main.c:3278:6: warning: conflicting types for 'cart2polar'; have 'void(float,  float,  float *, float *)'
 3278 | void cart2polar(float x, float y, float *r_mm, float *theta_rad) {
      |      ^~~~~~~~~~
../Core/Src/main.c:3033:25: note: previous implicit declaration of 'cart2polar' with type 'void(float,  float,  float *, float *)'
 3033 |                         cart2polar(x_mm, y_mm, &goal_r_mm, &goal_th_deg);
      |                         ^~~~~~~~~~
make: *** [Core/Src/subdir.mk:52: Core/Src/main.o] Error 1
"make -j20 all" terminated with exit code 2. Build might be incomplete.
19:12:05 **** Incremental Build of configuration Debug for project Studio ****
make -j20 all 
arm-none-eabi-gcc "../Core/Src/main.c" -mcpu=cortex-m4 -std=gnu11 -g3 -DDEBUG -DARM_MATH_MATRIX_CHECK -DUSE_HAL_DRIVER -DSTM32G474xx -c -I../Core/Inc -I../Drivers/STM32G4xx_HAL_Driver/Inc -I../Drivers/STM32G4xx_HAL_Driver/Inc/Legacy -I../Drivers/CMSIS/Device/ST/STM32G4xx/Include -I../Drivers/CMSIS/Include -I../Middlewares/Third_Party/ARM_CMSIS/CMSIS/Core/Include/ -I../Middlewares/Third_Party/ARM_CMSIS/PrivateInclude/ -I../Middlewares/Third_Party/ARM_CMSIS/Include/ -I../Middlewares/Third_Party/ARM_CMSIS/Include -I"C:/Users/spwkp/STM32CubeIDE/Full_Studio_2_2/Studio/Source/BasicMathFunctions" -I"C:/Users/spwkp/STM32CubeIDE/Full_Studio_2_2/Studio/Source/BayesFunctions" -I"C:/Users/spwkp/STM32CubeIDE/Full_Studio_2_2/Studio/Source/CommonTables" -I"C:/Users/spwkp/STM32CubeIDE/Full_Studio_2_2/Studio/Source/ComplexMathFunctions" -I"C:/Users/spwkp/STM32CubeIDE/Full_Studio_2_2/Studio/Source/ControllerFunctions" -I"C:/Users/spwkp/STM32CubeIDE/Full_Studio_2_2/Studio/Source/DistanceFunctions" -I"C:/Users/spwkp/STM32CubeIDE/Full_Studio_2_2/Studio/Source/FastMathFunctions" -I"C:/Users/spwkp/STM32CubeIDE/Full_Studio_2_2/Studio/Source/FilteringFunctions" -I"C:/Users/spwkp/STM32CubeIDE/Full_Studio_2_2/Studio/Source/InterpolationFunctions" -I"C:/Users/spwkp/STM32CubeIDE/Full_Studio_2_2/Studio/Source/MatrixFunctions" -I"C:/Users/spwkp/STM32CubeIDE/Full_Studio_2_2/Studio/Source/QuaternionMathFunctions" -I"C:/Users/spwkp/STM32CubeIDE/Full_Studio_2_2/Studio/Source/StatisticsFunctions" -I"C:/Users/spwkp/STM32CubeIDE/Full_Studio_2_2/Studio/Source/SupportFunctions" -I"C:/Users/spwkp/STM32CubeIDE/Full_Studio_2_2/Studio/Source/SVMFunctions" -I"C:/Users/spwkp/STM32CubeIDE/Full_Studio_2_2/Studio/Source/TransformFunctions" -I"C:/Users/spwkp/STM32CubeIDE/Full_Studio_2_2/Studio/Source/WindowFunctions" -O0 -ffunction-sections -fdata-sections -Wall -fstack-usage -fcyclomatic-complexity -MMD -MP -MF"Core/Src/main.d" -MT"Core/Src/main.o" --specs=nano.specs -mfpu=fpv4-sp-d16 -mfloat-abi=hard -mthumb -o "Core/Src/main.o"
../Core/Src/main.c: In function 'main':
../Core/Src/main.c:1941:31: warning: passing argument 2 of 'Modbus_init' from incompatible pointer type [-Wincompatible-pointer-types]
 1941 |         Modbus_init(&hmodbus, &registerFrame);
      |                               ^~~~~~~~~~~~~~
      |                               |
      |                               volatile u16u8_t (*)[70]
In file included from ../Core/Src/main.c:29:
../Core/Inc/ModBusRTU.h:99:40: note: expected 'u16u8_t *' but argument is of type 'volatile u16u8_t (*)[70]'
   99 | void Modbus_init(ModbusHandleTypedef* ,u16u8_t*);
      |                                        ^~~~~~~~
../Core/Src/main.c:1967:35: warning: passing argument 2 of 'HAL_ADC_Start_DMA' from incompatible pointer type [-Wincompatible-pointer-types]
 1967 |         HAL_ADC_Start_DMA(&hadc1, JOY_RawRead, 20);
      |                                   ^~~~~~~~~~~
      |                                   |
      |                                   uint16_t * {aka short unsigned int *}
In file included from ../Core/Inc/stm32g4xx_hal_conf.h:228,
                 from ../Drivers/STM32G4xx_HAL_Driver/Inc/stm32g4xx_hal.h:29,
                 from ../Core/Inc/main.h:30,
                 from ../Core/Src/main.c:20:
../Drivers/STM32G4xx_HAL_Driver/Inc/stm32g4xx_hal_adc.h:2242:78: note: expected 'uint32_t *' {aka 'long unsigned int *'} but argument is of type 'uint16_t *' {aka 'short unsigned int *'}
 2242 | HAL_StatusTypeDef       HAL_ADC_Start_DMA(ADC_HandleTypeDef *hadc, uint32_t *pData, uint32_t Length);
      |                                                                    ~~~~~~~~~~^~~~~
../Core/Src/main.c:1968:35: warning: passing argument 2 of 'HAL_ADC_Start_DMA' from incompatible pointer type [-Wincompatible-pointer-types]
 1968 |         HAL_ADC_Start_DMA(&hadc2, Prox_RawRead, 10);
      |                                   ^~~~~~~~~~~~
      |                                   |
      |                                   uint16_t * {aka short unsigned int *}
../Drivers/STM32G4xx_HAL_Driver/Inc/stm32g4xx_hal_adc.h:2242:78: note: expected 'uint32_t *' {aka 'long unsigned int *'} but argument is of type 'uint16_t *' {aka 'short unsigned int *'}
 2242 | HAL_StatusTypeDef       HAL_ADC_Start_DMA(ADC_HandleTypeDef *hadc, uint32_t *pData, uint32_t Length);
      |                                                                    ~~~~~~~~~~^~~~~
../Core/Src/main.c: In function 'HAL_TIM_PeriodElapsedCallback':
../Core/Src/main.c:3033:25: warning: implicit declaration of function 'cart2polar' [-Wimplicit-function-declaration]
 3033 |                         cart2polar(x_mm, y_mm, &goal_r_mm, &goal_th_deg);
      |                         ^~~~~~~~~~
../Core/Src/main.c:3057:58: error: 'C_PI' undeclared (first use in this function); did you mean 'M_PI'?
 3057 |                         (revolute_encoder.rads >= 2.0f * C_PI && output_revolute > 0))
      |                                                          ^~~~
      |                                                          M_PI
../Core/Src/main.c:3057:58: note: each undeclared identifier is reported only once for each function it appears in
[...]
../Core/Src/main.c: In function 'main':
../Core/Src/main.c:640:31: warning: passing argument 2 of 'Modbus_init' from incompatible pointer type [-Wincompatible-pointer-types]
  640 |         Modbus_init(&hmodbus, &registerFrame);
      |                               ^~~~~~~~~~~~~~
      |                               |
      |                               volatile u16u8_t (*)[70]
In file included from ../Core/Src/main.c:29:
../Core/Inc/ModBusRTU.h:99:40: note: expected 'u16u8_t *' but argument is of type 'volatile u16u8_t (*)[70]'
   99 | void Modbus_init(ModbusHandleTypedef* ,u16u8_t*);
      |                                        ^~~~~~~~
../Core/Src/main.c:666:35: warning: passing argument 2 of 'HAL_ADC_Start_DMA' from incompatible pointer type [-Wincompatible-pointer-types]
  666 |         HAL_ADC_Start_DMA(&hadc1, JOY_RawRead, 20);
      |                                   ^~~~~~~~~~~
      |                                   |
      |                                   uint16_t * {aka short unsigned int *}
In file included from ../Core/Inc/stm32g4xx_hal_conf.h:228,
                 from ../Drivers/STM32G4xx_HAL_Driver/Inc/stm32g4xx_hal.h:29,
                 from ../Core/Inc/main.h:30,
                 from ../Core/Src/main.c:20:
../Drivers/STM32G4xx_HAL_Driver/Inc/stm32g4xx_hal_adc.h:2242:78: note: expected 'uint32_t *' {aka 'long unsigned int *'} but argument is of type 'uint16_t *' {aka 'short unsigned int *'}
 2242 | HAL_StatusTypeDef       HAL_ADC_Start_DMA(ADC_HandleTypeDef *hadc, uint32_t *pData, uint32_t Length);
      |                                                                    ~~~~~~~~~~^~~~~
../Core/Src/main.c:667:35: warning: passing argument 2 of 'HAL_ADC_Start_DMA' from incompatible pointer type [-Wincompatible-pointer-types]
  667 |         HAL_ADC_Start_DMA(&hadc2, Prox_RawRead, 10);
      |                                   ^~~~~~~~~~~~
      |                                   |
      |                                   uint16_t * {aka short unsigned int *}
../Drivers/STM32G4xx_HAL_Driver/Inc/stm32g4xx_hal_adc.h:2242:78: note: expected 'uint32_t *' {aka 'long unsigned int *'} but argument is of type 'uint16_t *' {aka 'short unsigned int *'}
 2242 | HAL_StatusTypeDef       HAL_ADC_Start_DMA(ADC_HandleTypeDef *hadc, uint32_t *pData, uint32_t Length);
      |                                                                    ~~~~~~~~~~^~~~~
../Core/Src/main.c: In function 'HAL_TIM_PeriodElapsedCallback':
../Core/Src/main.c:1634:17: warning: enumeration value 'STATE_IDLE' not handled in switch [-Wswitch]
 1634 |                 switch (current_state) {
      |                 ^~~~~~
arm-none-eabi-gcc -o "Studio.elf" @"objects.list"   -mcpu=cortex-m4 -T"C:\Users\spwkp\STM32CubeIDE\Full_Studio_2_2\Studio\STM32G474RETX_FLASH.ld" --specs=nosys.specs -Wl,-Map="Studio.map" -Wl,--gc-sections -static --specs=nano.specs -mfpu=fpv4-sp-d16 -mfloat-abi=hard -mthumb -Wl,--start-group -lc -lm -Wl,--end-group
Finished building target: Studio.elf
 
arm-none-eabi-size  Studio.elf 
arm-none-eabi-objdump -h -S Studio.elf  > "Studio.list"
   text	   data	    bss	    dec	    hex	filename
  62200	    636	   6224	  69060	  10dc4	Studio.elf
Finished building: default.size.stdout
 
Finished building: Studio.list
 
16:59:07 **** Incremental Build of configuration Debug for project Studio ****
make -j20 all 
arm-none-eabi-gcc "../Core/Src/main.c" -mcpu=cortex-m4 -std=gnu11 -g3 -DDEBUG -DARM_MATH_MATRIX_CHECK -DUSE_HAL_DRIVER -DSTM32G474xx -c -I../Core/Inc -I../Drivers/STM32G4xx_HAL_Driver/Inc -I../Drivers/STM32G4xx_HAL_Driver/Inc/Legacy -I../Drivers/CMSIS/Device/ST/STM32G4xx/Include -I../Drivers/CMSIS/Include -I../Middlewares/Third_Party/ARM_CMSIS/CMSIS/Core/Include/ -I../Middlewares/Third_Party/ARM_CMSIS/PrivateInclude/ -I../Middlewares/Third_Party/ARM_CMSIS/Include/ -I../Middlewares/Third_Party/ARM_CMSIS/Include -I"C:/Users/spwkp/STM32CubeIDE/Full_Studio_2_2/Studio/Source/BasicMathFunctions" -I"C:/Users/spwkp/STM32CubeIDE/Full_Studio_2_2/Studio/Source/BayesFunctions" -I"C:/Users/spwkp/STM32CubeIDE/Full_Studio_2_2/Studio/Source/CommonTables" -I"C:/Users/spwkp/STM32CubeIDE/Full_Studio_2_2/Studio/Source/ComplexMathFunctions" -I"C:/Users/spwkp/STM32CubeIDE/Full_Studio_2_2/Studio/Source/ControllerFunctions" -I"C:/Users/spwkp/STM32CubeIDE/Full_Studio_2_2/Studio/Source/DistanceFunctions" -I"C:/Users/spwkp/STM32CubeIDE/Full_Studio_2_2/Studio/Source/FastMathFunctions" -I"C:/Users/spwkp/STM32CubeIDE/Full_Studio_2_2/Studio/Source/FilteringFunctions" -I"C:/Users/spwkp/STM32CubeIDE/Full_Studio_2_2/Studio/Source/InterpolationFunctions" -I"C:/Users/spwkp/STM32CubeIDE/Full_Studio_2_2/Studio/Source/MatrixFunctions" -I"C:/Users/spwkp/STM32CubeIDE/Full_Studio_2_2/Studio/Source/QuaternionMathFunctions" -I"C:/Users/spwkp/STM32CubeIDE/Full_Studio_2_2/Studio/Source/StatisticsFunctions" -I"C:/Users/spwkp/STM32CubeIDE/Full_Studio_2_2/Studio/Source/SupportFunctions" -I"C:/Users/spwkp/STM32CubeIDE/Full_Studio_2_2/Studio/Source/SVMFunctions" -I"C:/Users/spwkp/STM32CubeIDE/Full_Studio_2_2/Studio/Source/TransformFunctions" -I"C:/Users/spwkp/STM32CubeIDE/Full_Studio_2_2/Studio/Source/WindowFunctions" -O0 -ffunction-sections -fdata-sections -Wall -fstack-usage -fcyclomatic-complexity -MMD -MP -MF"Core/Src/main.d" -MT"Core/Src/main.o" --specs=nano.specs -mfpu=fpv4-sp-d16 -mfloat-abi=hard -mthumb -o "Core/Src/main.o"
../Core/Src/main.c: In function 'main':
../Core/Src/main.c:640:31: warning: passing argument 2 of 'Modbus_init' from incompatible pointer type [-Wincompatible-pointer-types]
  640 |         Modbus_init(&hmodbus, &registerFrame);
      |                               ^~~~~~~~~~~~~~
      |                               |
      |                               volatile u16u8_t (*)[70]
In file included from ../Core/Src/main.c:29:
../Core/Inc/ModBusRTU.h:99:40: note: expected 'u16u8_t *' but argument is of type 'volatile u16u8_t (*)[70]'
   99 | void Modbus_init(ModbusHandleTypedef* ,u16u8_t*);
      |                                        ^~~~~~~~
../Core/Src/main.c:666:35: warning: passing argument 2 of 'HAL_ADC_Start_DMA' from incompatible pointer type [-Wincompatible-pointer-types]
  666 |         HAL_ADC_Start_DMA(&hadc1, JOY_RawRead, 20);
      |                                   ^~~~~~~~~~~
      |                                   |
      |                                   uint16_t * {aka short unsigned int *}
In file included from ../Core/Inc/stm32g4xx_hal_conf.h:228,
                 from ../Drivers/STM32G4xx_HAL_Driver/Inc/stm32g4xx_hal.h:29,
                 from ../Core/Inc/main.h:30,
                 from ../Core/Src/main.c:20:
../Drivers/STM32G4xx_HAL_Driver/Inc/stm32g4xx_hal_adc.h:2242:78: note: expected 'uint32_t *' {aka 'long unsigned int *'} but argument is of type 'uint16_t *' {aka 'short unsigned int *'}
 2242 | HAL_StatusTypeDef       HAL_ADC_Start_DMA(ADC_HandleTypeDef *hadc, uint32_t *pData, uint32_t Length);
      |                                                                    ~~~~~~~~~~^~~~~
../Core/Src/main.c:667:35: warning: passing argument 2 of 'HAL_ADC_Start_DMA' from incompatible pointer type [-Wincompatible-pointer-types]
  667 |         HAL_ADC_Start_DMA(&hadc2, Prox_RawRead, 10);
      |                                   ^~~~~~~~~~~~
      |                                   |
      |                                   uint16_t * {aka short unsigned int *}
../Drivers/STM32G4xx_HAL_Driver/Inc/stm32g4xx_hal_adc.h:2242:78: note: expected 'uint32_t *' {aka 'long unsigned int *'} but argument is of type 'uint16_t *' {aka 'short unsigned int *'}
 2242 | HAL_StatusTypeDef       HAL_ADC_Start_DMA(ADC_HandleTypeDef *hadc, uint32_t *pData, uint32_t Length);
      |                                                                    ~~~~~~~~~~^~~~~
../Core/Src/main.c: In function 'HAL_TIM_PeriodElapsedCallback':
../Core/Src/main.c:1634:17: warning: enumeration value 'STATE_IDLE' not handled in switch [-Wswitch]
 1634 |                 switch (current_state) {
      |                 ^~~~~~
arm-none-eabi-gcc -o "Studio.elf" @"objects.list"   -mcpu=cortex-m4 -T"C:\Users\spwkp\STM32CubeIDE\Full_Studio_2_2\Studio\STM32G474RETX_FLASH.ld" --specs=nosys.specs -Wl,-Map="Studio.map" -Wl,--gc-sections -static --specs=nano.specs -mfpu=fpv4-sp-d16 -mfloat-abi=hard -mthumb -Wl,--start-group -lc -lm -Wl,--end-group
Finished building target: Studio.elf
 
arm-none-eabi-size  Studio.elf 
arm-none-eabi-objdump -h -S Studio.elf  > "Studio.list"
   text	   data	    bss	    dec	    hex	filename
  62200	    636	   6224	  69060	  10dc4	Studio.elf
Finished building: default.size.stdout
 
Finished building: Studio.list
 
17:06:41 **** Incremental Build of configuration Debug for project Studio ****
make -j20 all 
arm-none-eabi-gcc "../Core/Src/main.c" -mcpu=cortex-m4 -std=gnu11 -g3 -DDEBUG -DARM_MATH_MATRIX_CHECK -DUSE_HAL_DRIVER -DSTM32G474xx -c -I../Core/Inc -I../Drivers/STM32G4xx_HAL_Driver/Inc -I../Drivers/STM32G4xx_HAL_Driver/Inc/Legacy -I../Drivers/CMSIS/Device/ST/STM32G4xx/Include -I../Drivers/CMSIS/Include -I../Middlewares/Third_Party/ARM_CMSIS/CMSIS/Core/Include/ -I../Middlewares/Third_Party/ARM_CMSIS/PrivateInclude/ -I../Middlewares/Third_Party/ARM_CMSIS/Include/ -I../Middlewares/Third_Party/ARM_CMSIS/Include -I"C:/Users/spwkp/STM32CubeIDE/Full_Studio_2_2/Studio/Source/BasicMathFunctions" -I"C:/Users/spwkp/STM32CubeIDE/Full_Studio_2_2/Studio/Source/BayesFunctions" -I"C:/Users/spwkp/STM32CubeIDE/Full_Studio_2_2/Studio/Source/CommonTables" -I"C:/Users/spwkp/STM32CubeIDE/Full_Studio_2_2/Studio/Source/ComplexMathFunctions" -I"C:/Users/spwkp/STM32CubeIDE/Full_Studio_2_2/Studio/Source/ControllerFunctions" -I"C:/Users/spwkp/STM32CubeIDE/Full_Studio_2_2/Studio/Source/DistanceFunctions" -I"C:/Users/spwkp/STM32CubeIDE/Full_Studio_2_2/Studio/Source/FastMathFunctions" -I"C:/Users/spwkp/STM32CubeIDE/Full_Studio_2_2/Studio/Source/FilteringFunctions" -I"C:/Users/spwkp/STM32CubeIDE/Full_Studio_2_2/Studio/Source/InterpolationFunctions" -I"C:/Users/spwkp/STM32CubeIDE/Full_Studio_2_2/Studio/Source/MatrixFunctions" -I"C:/Users/spwkp/STM32CubeIDE/Full_Studio_2_2/Studio/Source/QuaternionMathFunctions" -I"C:/Users/spwkp/STM32CubeIDE/Full_Studio_2_2/Studio/Source/StatisticsFunctions" -I"C:/Users/spwkp/STM32CubeIDE/Full_Studio_2_2/Studio/Source/SupportFunctions" -I"C:/Users/spwkp/STM32CubeIDE/Full_Studio_2_2/Studio/Source/SVMFunctions" -I"C:/Users/spwkp/STM32CubeIDE/Full_Studio_2_2/Studio/Source/TransformFunctions" -I"C:/Users/spwkp/STM32CubeIDE/Full_Studio_2_2/Studio/Source/WindowFunctions" -O0 -ffunction-sections -fdata-sections -Wall -fstack-usage -fcyclomatic-complexity -MMD -MP -MF"Core/Src/main.d" -MT"Core/Src/main.o" --specs=nano.specs -mfpu=fpv4-sp-d16 -mfloat-abi=hard -mthumb -o "Core/Src/main.o"
../Core/Src/main.c: In function 'main':
../Core/Src/main.c:640:31: warning: passing argument 2 of 'Modbus_init' from incompatible pointer type [-Wincompatible-pointer-types]
  640 |         Modbus_init(&hmodbus, &registerFrame);
      |                               ^~~~~~~~~~~~~~
      |                               |
      |                               volatile u16u8_t (*)[70]
In file included from ../Core/Src/main.c:29:
../Core/Inc/ModBusRTU.h:99:40: note: expected 'u16u8_t *' but argument is of type 'volatile u16u8_t (*)[70]'
   99 | void Modbus_init(ModbusHandleTypedef* ,u16u8_t*);
      |                                        ^~~~~~~~
../Core/Src/main.c:666:35: warning: passing argument 2 of 'HAL_ADC_Start_DMA' from incompatible pointer type [-Wincompatible-pointer-types]
  666 |         HAL_ADC_Start_DMA(&hadc1, JOY_RawRead, 20);
      |                                   ^~~~~~~~~~~
      |                                   |
      |                                   uint16_t * {aka short unsigned int *}
In file included from ../Core/Inc/stm32g4xx_hal_conf.h:228,
                 from ../Drivers/STM32G4xx_HAL_Driver/Inc/stm32g4xx_hal.h:29,
                 from ../Core/Inc/main.h:30,
                 from ../Core/Src/main.c:20:
../Drivers/STM32G4xx_HAL_Driver/Inc/stm32g4xx_hal_adc.h:2242:78: note: expected 'uint32_t *' {aka 'long unsigned int *'} but argument is of type 'uint16_t *' {aka 'short unsigned int *'}
 2242 | HAL_StatusTypeDef       HAL_ADC_Start_DMA(ADC_HandleTypeDef *hadc, uint32_t *pData, uint32_t Length);
      |                                                                    ~~~~~~~~~~^~~~~
../Core/Src/main.c:667:35: warning: passing argument 2 of 'HAL_ADC_Start_DMA' from incompatible pointer type [-Wincompatible-pointer-types]
  667 |         HAL_ADC_Start_DMA(&hadc2, Prox_RawRead, 10);
      |                                   ^~~~~~~~~~~~
      |                                   |
      |                                   uint16_t * {aka short unsigned int *}
../Drivers/STM32G4xx_HAL_Driver/Inc/stm32g4xx_hal_adc.h:2242:78: note: expected 'uint32_t *' {aka 'long unsigned int *'} but argument is of type 'uint16_t *' {aka 'short unsigned int *'}
 2242 | HAL_StatusTypeDef       HAL_ADC_Start_DMA(ADC_HandleTypeDef *hadc, uint32_t *pData, uint32_t Length);
      |                                                                    ~~~~~~~~~~^~~~~
../Core/Src/main.c: In function 'HAL_TIM_PeriodElapsedCallback':
../Core/Src/main.c:1634:17: warning: enumeration value 'STATE_IDLE' not handled in switch [-Wswitch]
 1634 |                 switch (current_state) {
      |                 ^~~~~~
arm-none-eabi-gcc -o "Studio.elf" @"objects.list"   -mcpu=cortex-m4 -T"C:\Users\spwkp\STM32CubeIDE\Full_Studio_2_2\Studio\STM32G474RETX_FLASH.ld" --specs=nosys.specs -Wl,-Map="Studio.map" -Wl,--gc-sections -static --specs=nano.specs -mfpu=fpv4-sp-d16 -mfloat-abi=hard -mthumb -Wl,--start-group -lc -lm -Wl,--end-group
Finished building target: Studio.elf
 
arm-none-eabi-size  Studio.elf 
arm-none-eabi-objdump -h -S Studio.elf  > "Studio.list"
   text	   data	    bss	    dec	    hex	filename
  62200	    636	   6224	  69060	  10dc4	Studio.elf
Finished building: default.size.stdout
 
Finished building: Studio.list
 
17:08:45 **** Incremental Build of configuration Debug for project Studio ****
make -j20 all 
arm-none-eabi-gcc "../Core/Src/main.c" -mcpu=cortex-m4 -std=gnu11 -g3 -DDEBUG -DARM_MATH_MATRIX_CHECK -DUSE_HAL_DRIVER -DSTM32G474xx -c -I../Core/Inc -I../Drivers/STM32G4xx_HAL_Driver/Inc -I../Drivers/STM32G4xx_HAL_Driver/Inc/Legacy -I../Drivers/CMSIS/Device/ST/STM32G4xx/Include -I../Drivers/CMSIS/Include -I../Middlewares/Third_Party/ARM_CMSIS/CMSIS/Core/Include/ -I../Middlewares/Third_Party/ARM_CMSIS/PrivateInclude/ -I../Middlewares/Third_Party/ARM_CMSIS/Include/ -I../Middlewares/Third_Party/ARM_CMSIS/Include -I"C:/Users/spwkp/STM32CubeIDE/Full_Studio_2_2/Studio/Source/BasicMathFunctions" -I"C:/Users/spwkp/STM32CubeIDE/Full_Studio_2_2/Studio/Source/BayesFunctions" -I"C:/Users/spwkp/STM32CubeIDE/Full_Studio_2_2/Studio/Source/CommonTables" -I"C:/Users/spwkp/STM32CubeIDE/Full_Studio_2_2/Studio/Source/ComplexMathFunctions" -I"C:/Users/spwkp/STM32CubeIDE/Full_Studio_2_2/Studio/Source/ControllerFunctions" -I"C:/Users/spwkp/STM32CubeIDE/Full_Studio_2_2/Studio/Source/DistanceFunctions" -I"C:/Users/spwkp/STM32CubeIDE/Full_Studio_2_2/Studio/Source/FastMathFunctions" -I"C:/Users/spwkp/STM32CubeIDE/Full_Studio_2_2/Studio/Source/FilteringFunctions" -I"C:/Users/spwkp/STM32CubeIDE/Full_Studio_2_2/Studio/Source/InterpolationFunctions" -I"C:/Users/spwkp/STM32CubeIDE/Full_Studio_2_2/Studio/Source/MatrixFunctions" -I"C:/Users/spwkp/STM32CubeIDE/Full_Studio_2_2/Studio/Source/QuaternionMathFunctions" -I"C:/Users/spwkp/STM32CubeIDE/Full_Studio_2_2/Studio/Source/StatisticsFunctions" -I"C:/Users/spwkp/STM32CubeIDE/Full_Studio_2_2/Studio/Source/SupportFunctions" -I"C:/Users/spwkp/STM32CubeIDE/Full_Studio_2_2/Studio/Source/SVMFunctions" -I"C:/Users/spwkp/STM32CubeIDE/Full_Studio_2_2/Studio/Source/TransformFunctions" -I"C:/Users/spwkp/STM32CubeIDE/Full_Studio_2_2/Studio/Source/WindowFunctions" -O0 -ffunction-sections -fdata-sections -Wall -fstack-usage -fcyclomatic-complexity -MMD -MP -MF"Core/Src/main.d" -MT"Core/Src/main.o" --specs=nano.specs -mfpu=fpv4-sp-d16 -mfloat-abi=hard -mthumb -o "Core/Src/main.o"
../Core/Src/main.c: In function 'main':
../Core/Src/main.c:640:31: warning: passing argument 2 of 'Modbus_init' from incompatible pointer type [-Wincompatible-pointer-types]
  640 |         Modbus_init(&hmodbus, &registerFrame);
      |                               ^~~~~~~~~~~~~~
      |                               |
      |                               volatile u16u8_t (*)[70]
In file included from ../Core/Src/main.c:29:
../Core/Inc/ModBusRTU.h:99:40: note: expected 'u16u8_t *' but argument is of type 'volatile u16u8_t (*)[70]'
   99 | void Modbus_init(ModbusHandleTypedef* ,u16u8_t*);
      |                                        ^~~~~~~~
../Core/Src/main.c:666:35: warning: passing argument 2 of 'HAL_ADC_Start_DMA' from incompatible pointer type [-Wincompatible-pointer-types]
  666 |         HAL_ADC_Start_DMA(&hadc1, JOY_RawRead, 20);
      |                                   ^~~~~~~~~~~
      |                                   |
      |                                   uint16_t * {aka short unsigned int *}
In file included from ../Core/Inc/stm32g4xx_hal_conf.h:228,
                 from ../Drivers/STM32G4xx_HAL_Driver/Inc/stm32g4xx_hal.h:29,
                 from ../Core/Inc/main.h:30,
                 from ../Core/Src/main.c:20:
../Drivers/STM32G4xx_HAL_Driver/Inc/stm32g4xx_hal_adc.h:2242:78: note: expected 'uint32_t *' {aka 'long unsigned int *'} but argument is of type 'uint16_t *' {aka 'short unsigned int *'}
 2242 | HAL_StatusTypeDef       HAL_ADC_Start_DMA(ADC_HandleTypeDef *hadc, uint32_t *pData, uint32_t Length);
      |                                                                    ~~~~~~~~~~^~~~~
../Core/Src/main.c:667:35: warning: passing argument 2 of 'HAL_ADC_Start_DMA' from incompatible pointer type [-Wincompatible-pointer-types]
  667 |         HAL_ADC_Start_DMA(&hadc2, Prox_RawRead, 10);
      |                                   ^~~~~~~~~~~~
      |                                   |
      |                                   uint16_t * {aka short unsigned int *}
../Drivers/STM32G4xx_HAL_Driver/Inc/stm32g4xx_hal_adc.h:2242:78: note: expected 'uint32_t *' {aka 'long unsigned int *'} but argument is of type 'uint16_t *' {aka 'short unsigned int *'}
 2242 | HAL_StatusTypeDef       HAL_ADC_Start_DMA(ADC_HandleTypeDef *hadc, uint32_t *pData, uint32_t Length);
      |                                                                    ~~~~~~~~~~^~~~~
../Core/Src/main.c: In function 'HAL_TIM_PeriodElapsedCallback':
../Core/Src/main.c:1634:17: warning: enumeration value 'STATE_IDLE' not handled in switch [-Wswitch]
 1634 |                 switch (current_state) {
      |                 ^~~~~~
arm-none-eabi-gcc -o "Studio.elf" @"objects.list"   -mcpu=cortex-m4 -T"C:\Users\spwkp\STM32CubeIDE\Full_Studio_2_2\Studio\STM32G474RETX_FLASH.ld" --specs=nosys.specs -Wl,-Map="Studio.map" -Wl,--gc-sections -static --specs=nano.specs -mfpu=fpv4-sp-d16 -mfloat-abi=hard -mthumb -Wl,--start-group -lc -lm -Wl,--end-group
Finished building target: Studio.elf
 
arm-none-eabi-size  Studio.elf 
arm-none-eabi-objdump -h -S Studio.elf  > "Studio.list"
   text	   data	    bss	    dec	    hex	filename
  62200	    636	   6224	  69060	  10dc4	Studio.elf
Finished building: default.size.stdout
 
Finished building: Studio.list
 
