00:31:21 **** Incremental Build of configuration Debug for project Studio ****
make -j20 all 
arm-none-eabi-gcc "../Core/Src/main.c" -mcpu=cortex-m4 -std=gnu11 -g3 -DDEBUG -DARM_MATH_MATRIX_CHECK -DUSE_HAL_DRIVER -DSTM32G474xx -c -I../Core/Inc -I../Drivers/STM32G4xx_HAL_Driver/Inc -I../Drivers/STM32G4xx_HAL_Driver/Inc/Legacy -I../Drivers/CMSIS/Device/ST/STM32G4xx/Include -I../Drivers/CMSIS/Include -I../Middlewares/Third_Party/ARM_CMSIS/CMSIS/Core/Include/ -I../Middlewares/Third_Party/ARM_CMSIS/PrivateInclude/ -I../Middlewares/Third_Party/ARM_CMSIS/Include/ -I../Middlewares/Third_Party/ARM_CMSIS/Include -I"C:/Users/spwkp/STM32CubeIDE/Full_Studio_2_2/Studio/Source/BasicMathFunctions" -I"C:/Users/spwkp/STM32CubeIDE/Full_Studio_2_2/Studio/Source/BayesFunctions" -I"C:/Users/spwkp/STM32CubeIDE/Full_Studio_2_2/Studio/Source/CommonTables" -I"C:/Users/spwkp/STM32CubeIDE/Full_Studio_2_2/Studio/Source/ComplexMathFunctions" -I"C:/Users/spwkp/STM32CubeIDE/Full_Studio_2_2/Studio/Source/ControllerFunctions" -I"C:/Users/spwkp/STM32CubeIDE/Full_Studio_2_2/Studio/Source/DistanceFunctions" -I"C:/Users/spwkp/STM32CubeIDE/Full_Studio_2_2/Studio/Source/FastMathFunctions" -I"C:/Users/spwkp/STM32CubeIDE/Full_Studio_2_2/Studio/Source/FilteringFunctions" -I"C:/Users/spwkp/STM32CubeIDE/Full_Studio_2_2/Studio/Source/InterpolationFunctions" -I"C:/Users/spwkp/STM32CubeIDE/Full_Studio_2_2/Studio/Source/MatrixFunctions" -I"C:/Users/spwkp/STM32CubeIDE/Full_Studio_2_2/Studio/Source/QuaternionMathFunctions" -I"C:/Users/spwkp/STM32CubeIDE/Full_Studio_2_2/Studio/Source/StatisticsFunctions" -I"C:/Users/spwkp/STM32CubeIDE/Full_Studio_2_2/Studio/Source/SupportFunctions" -I"C:/Users/spwkp/STM32CubeIDE/Full_Studio_2_2/Studio/Source/SVMFunctions" -I"C:/Users/spwkp/STM32CubeIDE/Full_Studio_2_2/Studio/Source/TransformFunctions" -I"C:/Users/spwkp/STM32CubeIDE/Full_Studio_2_2/Studio/Source/WindowFunctions" -O0 -ffunction-sections -fdata-sections -Wall -fstack-usage -fcyclomatic-complexity -MMD -MP -MF"Core/Src/main.d" -MT"Core/Src/main.o" --specs=nano.specs -mfpu=fpv4-sp-d16 -mfloat-abi=hard -mthumb -o "Core/Src/main.o"
../Core/Src/main.c: In function 'main':
../Core/Src/main.c:301:31: warning: passing argument 2 of 'Modbus_init' discards 'volatile' qualifier from pointer target type [-Wdiscarded-qualifiers]
  301 |         Modbus_init(&hmodbus, registerFrame);
      |                               ^~~~~~~~~~~~~
In file included from ../Core/Src/main.c:29:
../Core/Inc/ModBusRTU.h:99:40: note: expected 'u16u8_t *' but argument is of type 'volatile u16u8_t *'
   99 | void Modbus_init(ModbusHandleTypedef* ,u16u8_t*);
      |                                        ^~~~~~~~
../Core/Src/main.c:330:35: warning: passing argument 2 of 'HAL_ADC_Start_DMA' from incompatible pointer type [-Wincompatible-pointer-types]
  330 |         HAL_ADC_Start_DMA(&hadc1, JOY_RawRead, 20);
      |                                   ^~~~~~~~~~~
      |                                   |
      |                                   uint16_t * {aka short unsigned int *}
In file included from ../Core/Inc/stm32g4xx_hal_conf.h:228,
                 from ../Drivers/STM32G4xx_HAL_Driver/Inc/stm32g4xx_hal.h:29,
                 from ../Core/Inc/main.h:30,
                 from ../Core/Src/main.c:20:
../Drivers/STM32G4xx_HAL_Driver/Inc/stm32g4xx_hal_adc.h:2242:78: note: expected 'uint32_t *' {aka 'long unsigned int *'} but argument is of type 'uint16_t *' {aka 'short unsigned int *'}
 2242 | HAL_StatusTypeDef       HAL_ADC_Start_DMA(ADC_HandleTypeDef *hadc, uint32_t *pData, uint32_t Length);
      |                                                                    ~~~~~~~~~~^~~~~
../Core/Src/main.c:331:35: warning: passing argument 2 of 'HAL_ADC_Start_DMA' from incompatible pointer type [-Wincompatible-pointer-types]
  331 |         HAL_ADC_Start_DMA(&hadc3, Prox_RawRead, 10);
      |                                   ^~~~~~~~~~~~
      |                                   |
      |                                   uint16_t * {aka short unsigned int *}
../Drivers/STM32G4xx_HAL_Driver/Inc/stm32g4xx_hal_adc.h:2242:78: note: expected 'uint32_t *' {aka 'long unsigned int *'} but argument is of type 'uint16_t *' {aka 'short unsigned int *'}
 2242 | HAL_StatusTypeDef       HAL_ADC_Start_DMA(ADC_HandleTypeDef *hadc, uint32_t *pData, uint32_t Length);
      |                                                                    ~~~~~~~~~~^~~~~
../Core/Src/main.c: In function 'HAL_TIM_PeriodElapsedCallback':
../Core/Src/main.c:1209:17: warning: enumeration value 'STATE_IDLE' not handled in switch [-Wswitch]
 1209 |                 switch (current_state) {
      |                 ^~~~~~
arm-none-eabi-gcc -o "Studio.elf" @"objects.list"   -mcpu=cortex-m4 -T"C:\Users\spwkp\STM32CubeIDE\Full_Studio_2_2\Studio\STM32G474RETX_FLASH.ld" --specs=nosys.specs -Wl,-Map="Studio.map" -Wl,--gc-sections -static --specs=nano.specs -mfpu=fpv4-sp-d16 -mfloat-abi=hard -mthumb -Wl,--start-group -lc -lm -Wl,--end-group
Finished building target: Studio.elf
 
arm-none-eabi-size  Studio.elf 
arm-none-eabi-objdump -h -S Studio.elf  > "Studio.list"
   text	   data	    bss	    dec	    hex	filename
  48680	    736	   6952	  56368	   dc30	Studio.elf
Finished building: default.size.stdout
 
Finished building: Studio.list
 

00:31:22 Build Finished. 0 errors, 4 warnings. (took 1s.259ms)

