05:33:17 **** Incremental Build of configuration Debug for project Studio ****
make -j20 all 
arm-none-eabi-gcc "../Core/Src/main.c" -mcpu=cortex-m4 -std=gnu11 -g3 -DDEBUG -DARM_MATH_MATRIX_CHECK -DUSE_HAL_DRIVER -DSTM32G474xx -c -I../Core/Inc -I../Drivers/STM32G4xx_HAL_Driver/Inc -I../Drivers/STM32G4xx_HAL_Driver/Inc/Legacy -I../Drivers/CMSIS/Device/ST/STM32G4xx/Include -I../Drivers/CMSIS/Include -I../Middlewares/Third_Party/ARM_CMSIS/CMSIS/Core/Include/ -I../Middlewares/Third_Party/ARM_CMSIS/PrivateInclude/ -I../Middlewares/Third_Party/ARM_CMSIS/Include/ -I../Middlewares/Third_Party/ARM_CMSIS/Include -I"C:/Users/spwkp/STM32CubeIDE/Full_Studio_2_2/Studio/Source/BasicMathFunctions" -I"C:/Users/spwkp/STM32CubeIDE/Full_Studio_2_2/Studio/Source/BayesFunctions" -I"C:/Users/spwkp/STM32CubeIDE/Full_Studio_2_2/Studio/Source/CommonTables" -I"C:/Users/spwkp/STM32CubeIDE/Full_Studio_2_2/Studio/Source/ComplexMathFunctions" -I"C:/Users/spwkp/STM32CubeIDE/Full_Studio_2_2/Studio/Source/ControllerFunctions" -I"C:/Users/spwkp/STM32CubeIDE/Full_Studio_2_2/Studio/Source/DistanceFunctions" -I"C:/Users/spwkp/STM32CubeIDE/Full_Studio_2_2/Studio/Source/FastMathFunctions" -I"C:/Users/spwkp/STM32CubeIDE/Full_Studio_2_2/Studio/Source/FilteringFunctions" -I"C:/Users/spwkp/STM32CubeIDE/Full_Studio_2_2/Studio/Source/InterpolationFunctions" -I"C:/Users/spwkp/STM32CubeIDE/Full_Studio_2_2/Studio/Source/MatrixFunctions" -I"C:/Users/spwkp/STM32CubeIDE/Full_Studio_2_2/Studio/Source/QuaternionMathFunctions" -I"C:/Users/spwkp/STM32CubeIDE/Full_Studio_2_2/Studio/Source/StatisticsFunctions" -I"C:/Users/spwkp/STM32CubeIDE/Full_Studio_2_2/Studio/Source/SupportFunctions" -I"C:/Users/spwkp/STM32CubeIDE/Full_Studio_2_2/Studio/Source/SVMFunctions" -I"C:/Users/spwkp/STM32CubeIDE/Full_Studio_2_2/Studio/Source/TransformFunctions" -I"C:/Users/spwkp/STM32CubeIDE/Full_Studio_2_2/Studio/Source/WindowFunctions" -O0 -ffunction-sections -fdata-sections -Wall -fstack-usage -fcyclomatic-complexity -MMD -MP -MF"Core/Src/main.d" -MT"Core/Src/main.o" --specs=nano.specs -mfpu=fpv4-sp-d16 -mfloat-abi=hard -mthumb -o "Core/Src/main.o"
arm-none-eabi-gcc -o "Studio.elf" @"objects.list"   -mcpu=cortex-m4 -T"C:\Users\spwkp\STM32CubeIDE\Full_Studio_2_2\Studio\STM32G474RETX_FLASH.ld" --specs=nosys.specs -Wl,-Map="Studio.map" -Wl,--gc-sections -static --specs=nano.specs -mfpu=fpv4-sp-d16 -mfloat-abi=hard -mthumb -Wl,--start-group -lc -lm -Wl,--end-group
Finished building target: Studio.elf
 
arm-none-eabi-size  Studio.elf 
arm-none-eabi-objdump -h -S Studio.elf  > "Studio.list"
   text	   data	    bss	    dec	    hex	filename
  43980	    716	   6504	  51200	   c800	Studio.elf
Finished building: default.size.stdout
 
Finished building: Studio.list
 

05:33:18 Build Finished. 0 errors, 0 warnings. (took 1s.617ms)

